[0.482s] DEBUG:colcon:Command line arguments: ['/usr/bin/colcon', 'build']
[0.483s] DEBUG:colcon:Parsed command line arguments: Namespace(log_base=None, log_level=None, verb_name='build', build_base='build', install_base='install', merge_install=False, symlink_install=False, test_result_base=None, continue_on_error=False, executor='parallel', parallel_workers=4, event_handlers=None, ignore_user_meta=False, metas=['./colcon.meta'], base_paths=['.'], packages_ignore=None, packages_ignore_regex=None, paths=None, packages_up_to=None, packages_up_to_regex=None, packages_above=None, packages_above_and_dependencies=None, packages_above_depth=None, packages_select_by_dep=None, packages_skip_by_dep=None, packages_skip_up_to=None, packages_select_build_failed=False, packages_skip_build_finished=False, packages_select_test_failures=False, packages_skip_test_passed=False, packages_select=None, packages_skip=None, packages_select_regex=None, packages_skip_regex=None, packages_start=None, packages_end=None, allow_overriding=[], cmake_args=None, cmake_target=None, cmake_target_skip_unavailable=False, cmake_clean_cache=False, cmake_clean_first=False, cmake_force_configure=False, ament_cmake_args=None, catkin_cmake_args=None, catkin_skip_building_tests=False, verb_parser=<colcon_defaults.argument_parser.defaults.DefaultArgumentsDecorator object at 0xffffa3eeeec0>, verb_extension=<colcon_core.verb.build.BuildVerb object at 0xffffa4083af0>, main=<bound method BuildVerb.main of <colcon_core.verb.build.BuildVerb object at 0xffffa4083af0>>)
[1.207s] Level 1:colcon.colcon_core.package_discovery:discover_packages(colcon_meta) check parameters
[1.208s] Level 1:colcon.colcon_core.package_discovery:discover_packages(recursive) check parameters
[1.208s] Level 1:colcon.colcon_core.package_discovery:discover_packages(ignore) check parameters
[1.208s] Level 1:colcon.colcon_core.package_discovery:discover_packages(path) check parameters
[1.208s] Level 1:colcon.colcon_core.package_discovery:discover_packages(colcon_meta) discover
[1.208s] Level 1:colcon.colcon_core.package_discovery:discover_packages(recursive) discover
[1.209s] INFO:colcon.colcon_core.package_discovery:Crawling recursively for packages in '/home/pi/master_thesis/ros2_ws'
[1.209s] Level 1:colcon.colcon_core.package_identification:_identify(.) by extensions ['ignore', 'ignore_ament_install']
[1.209s] Level 1:colcon.colcon_core.package_identification:_identify(.) by extension 'ignore'
[1.210s] Level 1:colcon.colcon_core.package_identification:_identify(.) by extension 'ignore_ament_install'
[1.210s] Level 1:colcon.colcon_core.package_identification:_identify(.) by extensions ['colcon_pkg']
[1.210s] Level 1:colcon.colcon_core.package_identification:_identify(.) by extension 'colcon_pkg'
[1.210s] Level 1:colcon.colcon_core.package_identification:_identify(.) by extensions ['colcon_meta']
[1.211s] Level 1:colcon.colcon_core.package_identification:_identify(.) by extension 'colcon_meta'
[1.211s] Level 1:colcon.colcon_core.package_identification:_identify(.) by extensions ['ros']
[1.211s] Level 1:colcon.colcon_core.package_identification:_identify(.) by extension 'ros'
[1.256s] Level 1:colcon.colcon_core.package_identification:_identify(.) by extensions ['cmake', 'python']
[1.257s] Level 1:colcon.colcon_core.package_identification:_identify(.) by extension 'cmake'
[1.257s] Level 1:colcon.colcon_core.package_identification:_identify(.) by extension 'python'
[1.257s] Level 1:colcon.colcon_core.package_identification:_identify(.) by extensions ['python_setup_py']
[1.257s] Level 1:colcon.colcon_core.package_identification:_identify(.) by extension 'python_setup_py'
[1.258s] Level 1:colcon.colcon_core.package_identification:_identify(build) by extensions ['ignore', 'ignore_ament_install']
[1.258s] Level 1:colcon.colcon_core.package_identification:_identify(build) by extension 'ignore'
[1.258s] Level 1:colcon.colcon_core.package_identification:_identify(build) ignored
[1.259s] Level 1:colcon.colcon_core.package_identification:_identify(install) by extensions ['ignore', 'ignore_ament_install']
[1.259s] Level 1:colcon.colcon_core.package_identification:_identify(install) by extension 'ignore'
[1.260s] Level 1:colcon.colcon_core.package_identification:_identify(install) ignored
[1.261s] Level 1:colcon.colcon_core.package_identification:_identify(log) by extensions ['ignore', 'ignore_ament_install']
[1.262s] Level 1:colcon.colcon_core.package_identification:_identify(log) by extension 'ignore'
[1.262s] Level 1:colcon.colcon_core.package_identification:_identify(log) ignored
[1.262s] Level 1:colcon.colcon_core.package_identification:_identify(src) by extensions ['ignore', 'ignore_ament_install']
[1.263s] Level 1:colcon.colcon_core.package_identification:_identify(src) by extension 'ignore'
[1.263s] Level 1:colcon.colcon_core.package_identification:_identify(src) by extension 'ignore_ament_install'
[1.263s] Level 1:colcon.colcon_core.package_identification:_identify(src) by extensions ['colcon_pkg']
[1.263s] Level 1:colcon.colcon_core.package_identification:_identify(src) by extension 'colcon_pkg'
[1.263s] Level 1:colcon.colcon_core.package_identification:_identify(src) by extensions ['colcon_meta']
[1.264s] Level 1:colcon.colcon_core.package_identification:_identify(src) by extension 'colcon_meta'
[1.264s] Level 1:colcon.colcon_core.package_identification:_identify(src) by extensions ['ros']
[1.264s] Level 1:colcon.colcon_core.package_identification:_identify(src) by extension 'ros'
[1.265s] Level 1:colcon.colcon_core.package_identification:_identify(src) by extensions ['cmake', 'python']
[1.265s] Level 1:colcon.colcon_core.package_identification:_identify(src) by extension 'cmake'
[1.265s] Level 1:colcon.colcon_core.package_identification:_identify(src) by extension 'python'
[1.265s] Level 1:colcon.colcon_core.package_identification:_identify(src) by extensions ['python_setup_py']
[1.266s] Level 1:colcon.colcon_core.package_identification:_identify(src) by extension 'python_setup_py'
[1.266s] Level 1:colcon.colcon_core.package_identification:_identify(src/build) by extensions ['ignore', 'ignore_ament_install']
[1.267s] Level 1:colcon.colcon_core.package_identification:_identify(src/build) by extension 'ignore'
[1.267s] Level 1:colcon.colcon_core.package_identification:_identify(src/build) ignored
[1.267s] Level 1:colcon.colcon_core.package_identification:_identify(src/camera_publisher_py) by extensions ['ignore', 'ignore_ament_install']
[1.268s] Level 1:colcon.colcon_core.package_identification:_identify(src/camera_publisher_py) by extension 'ignore'
[1.268s] Level 1:colcon.colcon_core.package_identification:_identify(src/camera_publisher_py) by extension 'ignore_ament_install'
[1.268s] Level 1:colcon.colcon_core.package_identification:_identify(src/camera_publisher_py) by extensions ['colcon_pkg']
[1.268s] Level 1:colcon.colcon_core.package_identification:_identify(src/camera_publisher_py) by extension 'colcon_pkg'
[1.268s] Level 1:colcon.colcon_core.package_identification:_identify(src/camera_publisher_py) by extensions ['colcon_meta']
[1.269s] Level 1:colcon.colcon_core.package_identification:_identify(src/camera_publisher_py) by extension 'colcon_meta'
[1.269s] Level 1:colcon.colcon_core.package_identification:_identify(src/camera_publisher_py) by extensions ['ros']
[1.269s] Level 1:colcon.colcon_core.package_identification:_identify(src/camera_publisher_py) by extension 'ros'
[1.279s] DEBUG:colcon.colcon_core.package_identification:Package 'src/camera_publisher_py' with type 'ros.ament_python' and name 'camera_publisher_py'
[1.280s] Level 1:colcon.colcon_core.package_identification:_identify(src/install) by extensions ['ignore', 'ignore_ament_install']
[1.280s] Level 1:colcon.colcon_core.package_identification:_identify(src/install) by extension 'ignore'
[1.280s] Level 1:colcon.colcon_core.package_identification:_identify(src/install) ignored
[1.281s] Level 1:colcon.colcon_core.package_identification:_identify(src/log) by extensions ['ignore', 'ignore_ament_install']
[1.281s] Level 1:colcon.colcon_core.package_identification:_identify(src/log) by extension 'ignore'
[1.282s] Level 1:colcon.colcon_core.package_identification:_identify(src/log) ignored
[1.284s] Level 1:colcon.colcon_core.package_identification:_identify(src/vn_drone) by extensions ['ignore', 'ignore_ament_install']
[1.285s] Level 1:colcon.colcon_core.package_identification:_identify(src/vn_drone) by extension 'ignore'
[1.286s] Level 1:colcon.colcon_core.package_identification:_identify(src/vn_drone) by extension 'ignore_ament_install'
[1.286s] Level 1:colcon.colcon_core.package_identification:_identify(src/vn_drone) by extensions ['colcon_pkg']
[1.287s] Level 1:colcon.colcon_core.package_identification:_identify(src/vn_drone) by extension 'colcon_pkg'
[1.287s] Level 1:colcon.colcon_core.package_identification:_identify(src/vn_drone) by extensions ['colcon_meta']
[1.287s] Level 1:colcon.colcon_core.package_identification:_identify(src/vn_drone) by extension 'colcon_meta'
[1.287s] Level 1:colcon.colcon_core.package_identification:_identify(src/vn_drone) by extensions ['ros']
[1.287s] Level 1:colcon.colcon_core.package_identification:_identify(src/vn_drone) by extension 'ros'
[1.290s] DEBUG:colcon.colcon_core.package_identification:Package 'src/vn_drone' with type 'ros.ament_python' and name 'vn_drone'
[1.290s] Level 1:colcon.colcon_core.package_discovery:discover_packages(recursive) using defaults
[1.290s] Level 1:colcon.colcon_core.package_discovery:discover_packages(ignore) discover
[1.291s] Level 1:colcon.colcon_core.package_discovery:discover_packages(ignore) using defaults
[1.291s] Level 1:colcon.colcon_core.package_discovery:discover_packages(path) discover
[1.291s] Level 1:colcon.colcon_core.package_discovery:discover_packages(path) using defaults
[1.384s] Level 1:colcon.colcon_core.package_discovery:discover_packages(prefix_path) check parameters
[1.385s] Level 1:colcon.colcon_core.package_discovery:discover_packages(prefix_path) discover
[1.397s] DEBUG:colcon.colcon_installed_package_information.package_discovery:Found 2 installed packages in /home/pi/master_thesis/ros2_ws/install
[1.400s] DEBUG:colcon.colcon_installed_package_information.package_discovery:Found 2 installed packages in /home/pi/ros2_ws/install
[1.408s] DEBUG:colcon.colcon_installed_package_information.package_discovery:Found 185 installed packages in /opt/ros/humble
[1.413s] Level 1:colcon.colcon_core.package_discovery:discover_packages(prefix_path) using defaults
[1.534s] Level 5:colcon.colcon_core.verb:set package 'camera_publisher_py' build argument 'cmake_args' from command line to 'None'
[1.534s] Level 5:colcon.colcon_core.verb:set package 'camera_publisher_py' build argument 'cmake_target' from command line to 'None'
[1.534s] Level 5:colcon.colcon_core.verb:set package 'camera_publisher_py' build argument 'cmake_target_skip_unavailable' from command line to 'False'
[1.535s] Level 5:colcon.colcon_core.verb:set package 'camera_publisher_py' build argument 'cmake_clean_cache' from command line to 'False'
[1.535s] Level 5:colcon.colcon_core.verb:set package 'camera_publisher_py' build argument 'cmake_clean_first' from command line to 'False'
[1.535s] Level 5:colcon.colcon_core.verb:set package 'camera_publisher_py' build argument 'cmake_force_configure' from command line to 'False'
[1.535s] Level 5:colcon.colcon_core.verb:set package 'camera_publisher_py' build argument 'ament_cmake_args' from command line to 'None'
[1.535s] Level 5:colcon.colcon_core.verb:set package 'camera_publisher_py' build argument 'catkin_cmake_args' from command line to 'None'
[1.535s] Level 5:colcon.colcon_core.verb:set package 'camera_publisher_py' build argument 'catkin_skip_building_tests' from command line to 'False'
[1.535s] DEBUG:colcon.colcon_core.verb:Building package 'camera_publisher_py' with the following arguments: {'ament_cmake_args': None, 'build_base': '/home/pi/master_thesis/ros2_ws/build/camera_publisher_py', 'catkin_cmake_args': None, 'catkin_skip_building_tests': False, 'cmake_args': None, 'cmake_clean_cache': False, 'cmake_clean_first': False, 'cmake_force_configure': False, 'cmake_target': None, 'cmake_target_skip_unavailable': False, 'install_base': '/home/pi/master_thesis/ros2_ws/install/camera_publisher_py', 'merge_install': False, 'path': '/home/pi/master_thesis/ros2_ws/src/camera_publisher_py', 'symlink_install': False, 'test_result_base': None}
[1.537s] Level 5:colcon.colcon_core.verb:set package 'vn_drone' build argument 'cmake_args' from command line to 'None'
[1.537s] Level 5:colcon.colcon_core.verb:set package 'vn_drone' build argument 'cmake_target' from command line to 'None'
[1.537s] Level 5:colcon.colcon_core.verb:set package 'vn_drone' build argument 'cmake_target_skip_unavailable' from command line to 'False'
[1.537s] Level 5:colcon.colcon_core.verb:set package 'vn_drone' build argument 'cmake_clean_cache' from command line to 'False'
[1.537s] Level 5:colcon.colcon_core.verb:set package 'vn_drone' build argument 'cmake_clean_first' from command line to 'False'
[1.538s] Level 5:colcon.colcon_core.verb:set package 'vn_drone' build argument 'cmake_force_configure' from command line to 'False'
[1.538s] Level 5:colcon.colcon_core.verb:set package 'vn_drone' build argument 'ament_cmake_args' from command line to 'None'
[1.538s] Level 5:colcon.colcon_core.verb:set package 'vn_drone' build argument 'catkin_cmake_args' from command line to 'None'
[1.538s] Level 5:colcon.colcon_core.verb:set package 'vn_drone' build argument 'catkin_skip_building_tests' from command line to 'False'
[1.538s] DEBUG:colcon.colcon_core.verb:Building package 'vn_drone' with the following arguments: {'ament_cmake_args': None, 'build_base': '/home/pi/master_thesis/ros2_ws/build/vn_drone', 'catkin_cmake_args': None, 'catkin_skip_building_tests': False, 'cmake_args': None, 'cmake_clean_cache': False, 'cmake_clean_first': False, 'cmake_force_configure': False, 'cmake_target': None, 'cmake_target_skip_unavailable': False, 'install_base': '/home/pi/master_thesis/ros2_ws/install/vn_drone', 'merge_install': False, 'path': '/home/pi/master_thesis/ros2_ws/src/vn_drone', 'symlink_install': False, 'test_result_base': None}
[1.539s] INFO:colcon.colcon_core.executor:Executing jobs using 'parallel' executor
[1.543s] DEBUG:colcon.colcon_parallel_executor.executor.parallel:run_until_complete
[1.544s] INFO:colcon.colcon_ros.task.ament_python.build:Building ROS package in '/home/pi/master_thesis/ros2_ws/src/camera_publisher_py' with build type 'ament_python'
[1.545s] Level 1:colcon.colcon_core.shell:create_environment_hook('camera_publisher_py', 'ament_prefix_path')
[1.554s] INFO:colcon.colcon_core.plugin_system:Skipping extension 'colcon_core.shell.bat': Not used on non-Windows systems
[1.555s] INFO:colcon.colcon_core.shell:Creating environment hook '/home/pi/master_thesis/ros2_ws/install/camera_publisher_py/share/camera_publisher_py/hook/ament_prefix_path.ps1'
[1.558s] INFO:colcon.colcon_core.shell:Creating environment descriptor '/home/pi/master_thesis/ros2_ws/install/camera_publisher_py/share/camera_publisher_py/hook/ament_prefix_path.dsv'
[1.561s] INFO:colcon.colcon_core.shell:Creating environment hook '/home/pi/master_thesis/ros2_ws/install/camera_publisher_py/share/camera_publisher_py/hook/ament_prefix_path.sh'
[1.565s] INFO:colcon.colcon_core.shell:Skip shell extension 'powershell' for command environment: Not usable outside of PowerShell
[1.565s] DEBUG:colcon.colcon_core.shell:Skip shell extension 'dsv' for command environment
[1.587s] INFO:colcon.colcon_ros.task.ament_python.build:Building ROS package in '/home/pi/master_thesis/ros2_ws/src/vn_drone' with build type 'ament_python'
[1.587s] Level 1:colcon.colcon_core.shell:create_environment_hook('vn_drone', 'ament_prefix_path')
[1.589s] INFO:colcon.colcon_core.shell:Creating environment hook '/home/pi/master_thesis/ros2_ws/install/vn_drone/share/vn_drone/hook/ament_prefix_path.ps1'
[1.592s] INFO:colcon.colcon_core.shell:Creating environment descriptor '/home/pi/master_thesis/ros2_ws/install/vn_drone/share/vn_drone/hook/ament_prefix_path.dsv'
[1.594s] INFO:colcon.colcon_core.shell:Creating environment hook '/home/pi/master_thesis/ros2_ws/install/vn_drone/share/vn_drone/hook/ament_prefix_path.sh'
[1.598s] INFO:colcon.colcon_core.shell:Skip shell extension 'powershell' for command environment: Not usable outside of PowerShell
[1.598s] DEBUG:colcon.colcon_core.shell:Skip shell extension 'dsv' for command environment
[2.716s] INFO:colcon.colcon_core.task.python.build:Building Python package in '/home/pi/master_thesis/ros2_ws/src/camera_publisher_py'
[2.717s] INFO:colcon.colcon_core.shell:Skip shell extension 'powershell' for command environment: Not usable outside of PowerShell
[2.717s] DEBUG:colcon.colcon_core.shell:Skip shell extension 'dsv' for command environment
[3.828s] INFO:colcon.colcon_core.task.python.build:Building Python package in '/home/pi/master_thesis/ros2_ws/src/vn_drone'
[3.829s] INFO:colcon.colcon_core.shell:Skip shell extension 'powershell' for command environment: Not usable outside of PowerShell
[3.830s] DEBUG:colcon.colcon_core.shell:Skip shell extension 'dsv' for command environment
[5.730s] DEBUG:colcon.colcon_core.event_handler.log_command:Invoking command in '/home/pi/master_thesis/ros2_ws/src/camera_publisher_py': PYTHONPATH=/home/pi/master_thesis/ros2_ws/build/camera_publisher_py/prefix_override:/usr/lib/python3/dist-packages/colcon_core/task/python/colcon_distutils_commands:/home/pi/master_thesis/ros2_ws/install/camera_publisher_py/lib/python3.10/site-packages:${PYTHONPATH} /usr/bin/python3 -W ignore:setup.py install is deprecated setup.py egg_info --egg-base ../../build/camera_publisher_py build --build-base /home/pi/master_thesis/ros2_ws/build/camera_publisher_py/build install --record /home/pi/master_thesis/ros2_ws/build/camera_publisher_py/install.log --single-version-externally-managed install_data
[5.764s] DEBUG:colcon.colcon_core.event_handler.log_command:Invoking command in '/home/pi/master_thesis/ros2_ws/src/vn_drone': PYTHONPATH=/home/pi/master_thesis/ros2_ws/build/vn_drone/prefix_override:/usr/lib/python3/dist-packages/colcon_core/task/python/colcon_distutils_commands:/home/pi/master_thesis/ros2_ws/install/vn_drone/lib/python3.10/site-packages:${PYTHONPATH} /usr/bin/python3 -W ignore:setup.py install is deprecated setup.py egg_info --egg-base ../../build/vn_drone build --build-base /home/pi/master_thesis/ros2_ws/build/vn_drone/build install --record /home/pi/master_thesis/ros2_ws/build/vn_drone/install.log --single-version-externally-managed install_data
[7.380s] DEBUG:colcon.colcon_core.event_handler.log_command:Invoked command in '/home/pi/master_thesis/ros2_ws/src/vn_drone' returned '0': PYTHONPATH=/home/pi/master_thesis/ros2_ws/build/vn_drone/prefix_override:/usr/lib/python3/dist-packages/colcon_core/task/python/colcon_distutils_commands:/home/pi/master_thesis/ros2_ws/install/vn_drone/lib/python3.10/site-packages:${PYTHONPATH} /usr/bin/python3 -W ignore:setup.py install is deprecated setup.py egg_info --egg-base ../../build/vn_drone build --build-base /home/pi/master_thesis/ros2_ws/build/vn_drone/build install --record /home/pi/master_thesis/ros2_ws/build/vn_drone/install.log --single-version-externally-managed install_data
[7.393s] Level 1:colcon.colcon_core.environment:checking '/home/pi/master_thesis/ros2_ws/install/vn_drone' for CMake module files
[7.395s] Level 1:colcon.colcon_core.environment:checking '/home/pi/master_thesis/ros2_ws/install/vn_drone' for CMake config files
[7.400s] Level 1:colcon.colcon_core.environment:checking '/home/pi/master_thesis/ros2_ws/install/vn_drone/lib'
[7.401s] Level 1:colcon.colcon_core.environment:checking '/home/pi/master_thesis/ros2_ws/install/vn_drone/bin'
[7.402s] Level 1:colcon.colcon_core.environment:checking '/home/pi/master_thesis/ros2_ws/install/vn_drone/lib/pkgconfig/vn_drone.pc'
[7.403s] Level 1:colcon.colcon_core.environment:checking '/home/pi/master_thesis/ros2_ws/install/vn_drone/lib/python3.10/site-packages'
[7.404s] Level 1:colcon.colcon_core.shell:create_environment_hook('vn_drone', 'pythonpath')
[7.405s] INFO:colcon.colcon_core.shell:Creating environment hook '/home/pi/master_thesis/ros2_ws/install/vn_drone/share/vn_drone/hook/pythonpath.ps1'
[7.408s] INFO:colcon.colcon_core.shell:Creating environment descriptor '/home/pi/master_thesis/ros2_ws/install/vn_drone/share/vn_drone/hook/pythonpath.dsv'
[7.410s] INFO:colcon.colcon_core.shell:Creating environment hook '/home/pi/master_thesis/ros2_ws/install/vn_drone/share/vn_drone/hook/pythonpath.sh'
[7.414s] Level 1:colcon.colcon_core.environment:checking '/home/pi/master_thesis/ros2_ws/install/vn_drone/bin'
[7.414s] Level 1:colcon.colcon_core.environment:create_environment_scripts_only(vn_drone)
[7.416s] INFO:colcon.colcon_core.shell:Creating package script '/home/pi/master_thesis/ros2_ws/install/vn_drone/share/vn_drone/package.ps1'
[7.420s] INFO:colcon.colcon_core.shell:Creating package descriptor '/home/pi/master_thesis/ros2_ws/install/vn_drone/share/vn_drone/package.dsv'
[7.424s] INFO:colcon.colcon_core.shell:Creating package script '/home/pi/master_thesis/ros2_ws/install/vn_drone/share/vn_drone/package.sh'
[7.428s] INFO:colcon.colcon_core.shell:Creating package script '/home/pi/master_thesis/ros2_ws/install/vn_drone/share/vn_drone/package.bash'
[7.433s] INFO:colcon.colcon_core.shell:Creating package script '/home/pi/master_thesis/ros2_ws/install/vn_drone/share/vn_drone/package.zsh'
[7.438s] Level 1:colcon.colcon_core.environment:create_file_with_runtime_dependencies(/home/pi/master_thesis/ros2_ws/install/vn_drone/share/colcon-core/packages/vn_drone)
[7.444s] Level 1:colcon.colcon_core.environment:checking '/home/pi/master_thesis/ros2_ws/install/camera_publisher_py' for CMake module files
[7.448s] DEBUG:colcon.colcon_core.event_handler.log_command:Invoked command in '/home/pi/master_thesis/ros2_ws/src/camera_publisher_py' returned '0': PYTHONPATH=/home/pi/master_thesis/ros2_ws/build/camera_publisher_py/prefix_override:/usr/lib/python3/dist-packages/colcon_core/task/python/colcon_distutils_commands:/home/pi/master_thesis/ros2_ws/install/camera_publisher_py/lib/python3.10/site-packages:${PYTHONPATH} /usr/bin/python3 -W ignore:setup.py install is deprecated setup.py egg_info --egg-base ../../build/camera_publisher_py build --build-base /home/pi/master_thesis/ros2_ws/build/camera_publisher_py/build install --record /home/pi/master_thesis/ros2_ws/build/camera_publisher_py/install.log --single-version-externally-managed install_data
[7.450s] Level 1:colcon.colcon_core.environment:checking '/home/pi/master_thesis/ros2_ws/install/camera_publisher_py' for CMake config files
[7.456s] Level 1:colcon.colcon_core.environment:checking '/home/pi/master_thesis/ros2_ws/install/camera_publisher_py/lib'
[7.456s] Level 1:colcon.colcon_core.environment:checking '/home/pi/master_thesis/ros2_ws/install/camera_publisher_py/bin'
[7.457s] Level 1:colcon.colcon_core.environment:checking '/home/pi/master_thesis/ros2_ws/install/camera_publisher_py/lib/pkgconfig/camera_publisher_py.pc'
[7.458s] Level 1:colcon.colcon_core.environment:checking '/home/pi/master_thesis/ros2_ws/install/camera_publisher_py/lib/python3.10/site-packages'
[7.459s] Level 1:colcon.colcon_core.shell:create_environment_hook('camera_publisher_py', 'pythonpath')
[7.460s] INFO:colcon.colcon_core.shell:Creating environment hook '/home/pi/master_thesis/ros2_ws/install/camera_publisher_py/share/camera_publisher_py/hook/pythonpath.ps1'
[7.464s] INFO:colcon.colcon_core.shell:Creating environment descriptor '/home/pi/master_thesis/ros2_ws/install/camera_publisher_py/share/camera_publisher_py/hook/pythonpath.dsv'
[7.468s] INFO:colcon.colcon_core.shell:Creating environment hook '/home/pi/master_thesis/ros2_ws/install/camera_publisher_py/share/camera_publisher_py/hook/pythonpath.sh'
[7.472s] Level 1:colcon.colcon_core.environment:checking '/home/pi/master_thesis/ros2_ws/install/camera_publisher_py/bin'
[7.472s] Level 1:colcon.colcon_core.environment:create_environment_scripts_only(camera_publisher_py)
[7.474s] INFO:colcon.colcon_core.shell:Creating package script '/home/pi/master_thesis/ros2_ws/install/camera_publisher_py/share/camera_publisher_py/package.ps1'
[7.477s] INFO:colcon.colcon_core.shell:Creating package descriptor '/home/pi/master_thesis/ros2_ws/install/camera_publisher_py/share/camera_publisher_py/package.dsv'
[7.480s] INFO:colcon.colcon_core.shell:Creating package script '/home/pi/master_thesis/ros2_ws/install/camera_publisher_py/share/camera_publisher_py/package.sh'
[7.487s] INFO:colcon.colcon_core.shell:Creating package script '/home/pi/master_thesis/ros2_ws/install/camera_publisher_py/share/camera_publisher_py/package.bash'
[7.490s] INFO:colcon.colcon_core.shell:Creating package script '/home/pi/master_thesis/ros2_ws/install/camera_publisher_py/share/camera_publisher_py/package.zsh'
[7.493s] Level 1:colcon.colcon_core.environment:create_file_with_runtime_dependencies(/home/pi/master_thesis/ros2_ws/install/camera_publisher_py/share/colcon-core/packages/camera_publisher_py)
[7.497s] DEBUG:colcon.colcon_parallel_executor.executor.parallel:closing loop
[7.498s] DEBUG:colcon.colcon_parallel_executor.executor.parallel:loop closed
[7.498s] DEBUG:colcon.colcon_parallel_executor.executor.parallel:run_until_complete finished with '0'
[7.499s] DEBUG:colcon.colcon_core.event_reactor:joining thread
[7.523s] INFO:colcon.colcon_core.plugin_system:Skipping extension 'colcon_notification.desktop_notification.notify_send': Could not find 'notify-send'
[7.524s] INFO:colcon.colcon_core.plugin_system:Skipping extension 'colcon_notification.desktop_notification.terminal_notifier': Not used on non-Darwin systems
[7.524s] INFO:colcon.colcon_core.plugin_system:Skipping extension 'colcon_notification.desktop_notification.win32': Not used on non-Windows systems
[7.524s] INFO:colcon.colcon_notification.desktop_notification:Sending desktop notification using 'notify2'
[7.527s] DEBUG:colcon.colcon_notification.desktop_notification.notify2:Failed to initialize notify2: org.freedesktop.DBus.Error.ServiceUnknown: The name org.freedesktop.Notifications was not provided by any .service files
[7.527s] DEBUG:colcon.colcon_core.event_reactor:joined thread
[7.528s] INFO:colcon.colcon_core.shell:Creating prefix script '/home/pi/master_thesis/ros2_ws/install/local_setup.ps1'
[7.533s] INFO:colcon.colcon_core.shell:Creating prefix util module '/home/pi/master_thesis/ros2_ws/install/_local_setup_util_ps1.py'
[7.540s] INFO:colcon.colcon_core.shell:Creating prefix chain script '/home/pi/master_thesis/ros2_ws/install/setup.ps1'
[7.545s] INFO:colcon.colcon_core.shell:Creating prefix script '/home/pi/master_thesis/ros2_ws/install/local_setup.sh'
[7.549s] INFO:colcon.colcon_core.shell:Creating prefix util module '/home/pi/master_thesis/ros2_ws/install/_local_setup_util_sh.py'
[7.552s] INFO:colcon.colcon_core.shell:Creating prefix chain script '/home/pi/master_thesis/ros2_ws/install/setup.sh'
[7.557s] INFO:colcon.colcon_core.shell:Creating prefix script '/home/pi/master_thesis/ros2_ws/install/local_setup.bash'
[7.560s] INFO:colcon.colcon_core.shell:Creating prefix chain script '/home/pi/master_thesis/ros2_ws/install/setup.bash'
[7.565s] INFO:colcon.colcon_core.shell:Creating prefix script '/home/pi/master_thesis/ros2_ws/install/local_setup.zsh'
[7.568s] INFO:colcon.colcon_core.shell:Creating prefix chain script '/home/pi/master_thesis/ros2_ws/install/setup.zsh'
