[6.100s] Invoking command in '/home/pi/ros2_ws/src/vn_drone': PYTHONPATH=/home/pi/ros2_ws/build/vn_drone/prefix_override:/usr/lib/python3/dist-packages/colcon_core/task/python/colcon_distutils_commands:/home/pi/ros2_ws/install/vn_drone/lib/python3.10/site-packages:${PYTHONPATH} /usr/bin/python3 -W ignore:setup.py install is deprecated setup.py egg_info --egg-base ../../build/vn_drone build --build-base /home/pi/ros2_ws/build/vn_drone/build install --record /home/pi/ros2_ws/build/vn_drone/install.log --single-version-externally-managed install_data
[8.054s] running egg_info
[8.063s] writing ../../build/vn_drone/vn_drone.egg-info/PKG-INFO
[8.068s] writing dependency_links to ../../build/vn_drone/vn_drone.egg-info/dependency_links.txt
[8.073s] writing entry points to ../../build/vn_drone/vn_drone.egg-info/entry_points.txt
[8.076s] writing requirements to ../../build/vn_drone/vn_drone.egg-info/requires.txt
[8.076s] writing top-level names to ../../build/vn_drone/vn_drone.egg-info/top_level.txt
[8.085s] reading manifest file '../../build/vn_drone/vn_drone.egg-info/SOURCES.txt'
[8.090s] writing manifest file '../../build/vn_drone/vn_drone.egg-info/SOURCES.txt'
[8.092s] running build
[8.092s] running build_py
[8.094s] running install
[8.096s] running install_lib
[8.103s] running install_data
[8.104s] running install_egg_info
[8.116s] removing '/home/pi/ros2_ws/install/vn_drone/lib/python3.10/site-packages/vn_drone-0.0.0-py3.10.egg-info' (and everything under it)
[8.119s] Copying ../../build/vn_drone/vn_drone.egg-info to /home/pi/ros2_ws/install/vn_drone/lib/python3.10/site-packages/vn_drone-0.0.0-py3.10.egg-info
[8.128s] running install_scripts
[8.281s] Installing image_publisher script to /home/pi/ros2_ws/install/vn_drone/lib/vn_drone
[8.286s] Installing image_subscriber script to /home/pi/ros2_ws/install/vn_drone/lib/vn_drone
[8.292s] writing list of installed files to '/home/pi/ros2_ws/build/vn_drone/install.log'
[8.546s] Invoked command in '/home/pi/ros2_ws/src/vn_drone' returned '0': PYTHONPATH=/home/pi/ros2_ws/build/vn_drone/prefix_override:/usr/lib/python3/dist-packages/colcon_core/task/python/colcon_distutils_commands:/home/pi/ros2_ws/install/vn_drone/lib/python3.10/site-packages:${PYTHONPATH} /usr/bin/python3 -W ignore:setup.py install is deprecated setup.py egg_info --egg-base ../../build/vn_drone build --build-base /home/pi/ros2_ws/build/vn_drone/build install --record /home/pi/ros2_ws/build/vn_drone/install.log --single-version-externally-managed install_data
