[5.621s] Invoking command in '/home/pi/ros2_ws/src/vn_drone': PYTHONPATH=/home/pi/ros2_ws/build/vn_drone/prefix_override:/usr/lib/python3/dist-packages/colcon_core/task/python/colcon_distutils_commands:/home/pi/ros2_ws/install/vn_drone/lib/python3.10/site-packages:${PYTHONPATH} /usr/bin/python3 -W ignore:setup.py install is deprecated setup.py egg_info --egg-base ../../build/vn_drone build --build-base /home/pi/ros2_ws/build/vn_drone/build install --record /home/pi/ros2_ws/build/vn_drone/install.log --single-version-externally-managed install_data
[7.457s] running egg_info
[7.462s] writing ../../build/vn_drone/vn_drone.egg-info/PKG-INFO
[7.464s] writing dependency_links to ../../build/vn_drone/vn_drone.egg-info/dependency_links.txt
[7.465s] writing entry points to ../../build/vn_drone/vn_drone.egg-info/entry_points.txt
[7.466s] writing requirements to ../../build/vn_drone/vn_drone.egg-info/requires.txt
[7.467s] writing top-level names to ../../build/vn_drone/vn_drone.egg-info/top_level.txt
[7.486s] reading manifest file '../../build/vn_drone/vn_drone.egg-info/SOURCES.txt'
[7.496s] writing manifest file '../../build/vn_drone/vn_drone.egg-info/SOURCES.txt'
[7.500s] running build
[7.500s] running build_py
[7.507s] running install
[7.512s] running install_lib
[7.530s] running install_data
[7.532s] running install_egg_info
[7.560s] removing '/home/pi/ros2_ws/install/vn_drone/lib/python3.10/site-packages/vn_drone-0.0.0-py3.10.egg-info' (and everything under it)
[7.568s] Copying ../../build/vn_drone/vn_drone.egg-info to /home/pi/ros2_ws/install/vn_drone/lib/python3.10/site-packages/vn_drone-0.0.0-py3.10.egg-info
[7.586s] running install_scripts
[7.759s] Installing image_publisher script to /home/pi/ros2_ws/install/vn_drone/lib/vn_drone
[7.761s] Installing image_subscriber script to /home/pi/ros2_ws/install/vn_drone/lib/vn_drone
[7.768s] writing list of installed files to '/home/pi/ros2_ws/build/vn_drone/install.log'
[7.932s] Invoked command in '/home/pi/ros2_ws/src/vn_drone' returned '0': PYTHONPATH=/home/pi/ros2_ws/build/vn_drone/prefix_override:/usr/lib/python3/dist-packages/colcon_core/task/python/colcon_distutils_commands:/home/pi/ros2_ws/install/vn_drone/lib/python3.10/site-packages:${PYTHONPATH} /usr/bin/python3 -W ignore:setup.py install is deprecated setup.py egg_info --egg-base ../../build/vn_drone build --build-base /home/pi/ros2_ws/build/vn_drone/build install --record /home/pi/ros2_ws/build/vn_drone/install.log --single-version-externally-managed install_data
