[0.678s] DEBUG:colcon:Command line arguments: ['/usr/bin/colcon', 'build']
[0.678s] DEBUG:colcon:Parsed command line arguments: Namespace(log_base=None, log_level=None, verb_name='build', build_base='build', install_base='install', merge_install=False, symlink_install=False, test_result_base=None, continue_on_error=False, executor='parallel', parallel_workers=4, event_handlers=None, ignore_user_meta=False, metas=['./colcon.meta'], base_paths=['.'], packages_ignore=None, packages_ignore_regex=None, paths=None, packages_up_to=None, packages_up_to_regex=None, packages_above=None, packages_above_and_dependencies=None, packages_above_depth=None, packages_select_by_dep=None, packages_skip_by_dep=None, packages_skip_up_to=None, packages_select_build_failed=False, packages_skip_build_finished=False, packages_select_test_failures=False, packages_skip_test_passed=False, packages_select=None, packages_skip=None, packages_select_regex=None, packages_skip_regex=None, packages_start=None, packages_end=None, allow_overriding=[], cmake_args=None, cmake_target=None, cmake_target_skip_unavailable=False, cmake_clean_cache=False, cmake_clean_first=False, cmake_force_configure=False, ament_cmake_args=None, catkin_cmake_args=None, catkin_skip_building_tests=False, verb_parser=<colcon_defaults.argument_parser.defaults.DefaultArgumentsDecorator object at 0xffffa0f4b0d0>, verb_extension=<colcon_core.verb.build.BuildVerb object at 0xffffa10dfbe0>, main=<bound method BuildVerb.main of <colcon_core.verb.build.BuildVerb object at 0xffffa10dfbe0>>)
[1.816s] Level 1:colcon.colcon_core.package_discovery:discover_packages(colcon_meta) check parameters
[1.817s] Level 1:colcon.colcon_core.package_discovery:discover_packages(recursive) check parameters
[1.817s] Level 1:colcon.colcon_core.package_discovery:discover_packages(ignore) check parameters
[1.818s] Level 1:colcon.colcon_core.package_discovery:discover_packages(path) check parameters
[1.818s] Level 1:colcon.colcon_core.package_discovery:discover_packages(colcon_meta) discover
[1.819s] Level 1:colcon.colcon_core.package_discovery:discover_packages(recursive) discover
[1.819s] INFO:colcon.colcon_core.package_discovery:Crawling recursively for packages in '/home/pi/ros2_ws'
[1.820s] Level 1:colcon.colcon_core.package_identification:_identify(.) by extensions ['ignore', 'ignore_ament_install']
[1.821s] Level 1:colcon.colcon_core.package_identification:_identify(.) by extension 'ignore'
[1.822s] Level 1:colcon.colcon_core.package_identification:_identify(.) by extension 'ignore_ament_install'
[1.823s] Level 1:colcon.colcon_core.package_identification:_identify(.) by extensions ['colcon_pkg']
[1.823s] Level 1:colcon.colcon_core.package_identification:_identify(.) by extension 'colcon_pkg'
[1.824s] Level 1:colcon.colcon_core.package_identification:_identify(.) by extensions ['colcon_meta']
[1.824s] Level 1:colcon.colcon_core.package_identification:_identify(.) by extension 'colcon_meta'
[1.825s] Level 1:colcon.colcon_core.package_identification:_identify(.) by extensions ['ros']
[1.825s] Level 1:colcon.colcon_core.package_identification:_identify(.) by extension 'ros'
[1.901s] Level 1:colcon.colcon_core.package_identification:_identify(.) by extensions ['cmake', 'python']
[1.903s] Level 1:colcon.colcon_core.package_identification:_identify(.) by extension 'cmake'
[1.905s] Level 1:colcon.colcon_core.package_identification:_identify(.) by extension 'python'
[1.907s] Level 1:colcon.colcon_core.package_identification:_identify(.) by extensions ['python_setup_py']
[1.909s] Level 1:colcon.colcon_core.package_identification:_identify(.) by extension 'python_setup_py'
[1.911s] Level 1:colcon.colcon_core.package_identification:_identify(build) by extensions ['ignore', 'ignore_ament_install']
[1.914s] Level 1:colcon.colcon_core.package_identification:_identify(build) by extension 'ignore'
[1.916s] Level 1:colcon.colcon_core.package_identification:_identify(build) ignored
[1.919s] Level 1:colcon.colcon_core.package_identification:_identify(install) by extensions ['ignore', 'ignore_ament_install']
[1.921s] Level 1:colcon.colcon_core.package_identification:_identify(install) by extension 'ignore'
[1.923s] Level 1:colcon.colcon_core.package_identification:_identify(install) ignored
[1.926s] Level 1:colcon.colcon_core.package_identification:_identify(log) by extensions ['ignore', 'ignore_ament_install']
[1.928s] Level 1:colcon.colcon_core.package_identification:_identify(log) by extension 'ignore'
[1.930s] Level 1:colcon.colcon_core.package_identification:_identify(log) ignored
[1.932s] Level 1:colcon.colcon_core.package_identification:_identify(src) by extensions ['ignore', 'ignore_ament_install']
[1.935s] Level 1:colcon.colcon_core.package_identification:_identify(src) by extension 'ignore'
[1.936s] Level 1:colcon.colcon_core.package_identification:_identify(src) by extension 'ignore_ament_install'
[1.939s] Level 1:colcon.colcon_core.package_identification:_identify(src) by extensions ['colcon_pkg']
[1.940s] Level 1:colcon.colcon_core.package_identification:_identify(src) by extension 'colcon_pkg'
[1.941s] Level 1:colcon.colcon_core.package_identification:_identify(src) by extensions ['colcon_meta']
[1.942s] Level 1:colcon.colcon_core.package_identification:_identify(src) by extension 'colcon_meta'
[1.943s] Level 1:colcon.colcon_core.package_identification:_identify(src) by extensions ['ros']
[1.944s] Level 1:colcon.colcon_core.package_identification:_identify(src) by extension 'ros'
[1.945s] Level 1:colcon.colcon_core.package_identification:_identify(src) by extensions ['cmake', 'python']
[1.945s] Level 1:colcon.colcon_core.package_identification:_identify(src) by extension 'cmake'
[1.946s] Level 1:colcon.colcon_core.package_identification:_identify(src) by extension 'python'
[1.946s] Level 1:colcon.colcon_core.package_identification:_identify(src) by extensions ['python_setup_py']
[1.947s] Level 1:colcon.colcon_core.package_identification:_identify(src) by extension 'python_setup_py'
[1.949s] Level 1:colcon.colcon_core.package_identification:_identify(src/build) by extensions ['ignore', 'ignore_ament_install']
[1.950s] Level 1:colcon.colcon_core.package_identification:_identify(src/build) by extension 'ignore'
[1.952s] Level 1:colcon.colcon_core.package_identification:_identify(src/build) ignored
[1.953s] Level 1:colcon.colcon_core.package_identification:_identify(src/camera_publisher_py) by extensions ['ignore', 'ignore_ament_install']
[1.955s] Level 1:colcon.colcon_core.package_identification:_identify(src/camera_publisher_py) by extension 'ignore'
[1.955s] Level 1:colcon.colcon_core.package_identification:_identify(src/camera_publisher_py) by extension 'ignore_ament_install'
[1.956s] Level 1:colcon.colcon_core.package_identification:_identify(src/camera_publisher_py) by extensions ['colcon_pkg']
[1.957s] Level 1:colcon.colcon_core.package_identification:_identify(src/camera_publisher_py) by extension 'colcon_pkg'
[1.957s] Level 1:colcon.colcon_core.package_identification:_identify(src/camera_publisher_py) by extensions ['colcon_meta']
[1.958s] Level 1:colcon.colcon_core.package_identification:_identify(src/camera_publisher_py) by extension 'colcon_meta'
[1.958s] Level 1:colcon.colcon_core.package_identification:_identify(src/camera_publisher_py) by extensions ['ros']
[1.959s] Level 1:colcon.colcon_core.package_identification:_identify(src/camera_publisher_py) by extension 'ros'
[1.986s] DEBUG:colcon.colcon_core.package_identification:Package 'src/camera_publisher_py' with type 'ros.ament_python' and name 'camera_publisher_py'
[1.988s] Level 1:colcon.colcon_core.package_identification:_identify(src/install) by extensions ['ignore', 'ignore_ament_install']
[1.991s] Level 1:colcon.colcon_core.package_identification:_identify(src/install) by extension 'ignore'
[1.991s] Level 1:colcon.colcon_core.package_identification:_identify(src/install) ignored
[1.992s] Level 1:colcon.colcon_core.package_identification:_identify(src/log) by extensions ['ignore', 'ignore_ament_install']
[1.992s] Level 1:colcon.colcon_core.package_identification:_identify(src/log) by extension 'ignore'
[1.993s] Level 1:colcon.colcon_core.package_identification:_identify(src/log) ignored
[1.993s] Level 1:colcon.colcon_core.package_identification:_identify(src/vn_drone) by extensions ['ignore', 'ignore_ament_install']
[1.994s] Level 1:colcon.colcon_core.package_identification:_identify(src/vn_drone) by extension 'ignore'
[1.994s] Level 1:colcon.colcon_core.package_identification:_identify(src/vn_drone) by extension 'ignore_ament_install'
[1.995s] Level 1:colcon.colcon_core.package_identification:_identify(src/vn_drone) by extensions ['colcon_pkg']
[1.995s] Level 1:colcon.colcon_core.package_identification:_identify(src/vn_drone) by extension 'colcon_pkg'
[1.995s] Level 1:colcon.colcon_core.package_identification:_identify(src/vn_drone) by extensions ['colcon_meta']
[1.995s] Level 1:colcon.colcon_core.package_identification:_identify(src/vn_drone) by extension 'colcon_meta'
[1.996s] Level 1:colcon.colcon_core.package_identification:_identify(src/vn_drone) by extensions ['ros']
[1.996s] Level 1:colcon.colcon_core.package_identification:_identify(src/vn_drone) by extension 'ros'
[2.005s] DEBUG:colcon.colcon_core.package_identification:Package 'src/vn_drone' with type 'ros.ament_python' and name 'vn_drone'
[2.006s] Level 1:colcon.colcon_core.package_discovery:discover_packages(recursive) using defaults
[2.008s] Level 1:colcon.colcon_core.package_discovery:discover_packages(ignore) discover
[2.009s] Level 1:colcon.colcon_core.package_discovery:discover_packages(ignore) using defaults
[2.009s] Level 1:colcon.colcon_core.package_discovery:discover_packages(path) discover
[2.009s] Level 1:colcon.colcon_core.package_discovery:discover_packages(path) using defaults
[2.137s] Level 1:colcon.colcon_core.package_discovery:discover_packages(prefix_path) check parameters
[2.139s] Level 1:colcon.colcon_core.package_discovery:discover_packages(prefix_path) discover
[2.153s] DEBUG:colcon.colcon_installed_package_information.package_discovery:Found 2 installed packages in /home/pi/ros2_ws/install
[2.162s] DEBUG:colcon.colcon_installed_package_information.package_discovery:Found 185 installed packages in /opt/ros/humble
[2.168s] Level 1:colcon.colcon_core.package_discovery:discover_packages(prefix_path) using defaults
[2.344s] Level 5:colcon.colcon_core.verb:set package 'camera_publisher_py' build argument 'cmake_args' from command line to 'None'
[2.344s] Level 5:colcon.colcon_core.verb:set package 'camera_publisher_py' build argument 'cmake_target' from command line to 'None'
[2.345s] Level 5:colcon.colcon_core.verb:set package 'camera_publisher_py' build argument 'cmake_target_skip_unavailable' from command line to 'False'
[2.346s] Level 5:colcon.colcon_core.verb:set package 'camera_publisher_py' build argument 'cmake_clean_cache' from command line to 'False'
[2.346s] Level 5:colcon.colcon_core.verb:set package 'camera_publisher_py' build argument 'cmake_clean_first' from command line to 'False'
[2.347s] Level 5:colcon.colcon_core.verb:set package 'camera_publisher_py' build argument 'cmake_force_configure' from command line to 'False'
[2.347s] Level 5:colcon.colcon_core.verb:set package 'camera_publisher_py' build argument 'ament_cmake_args' from command line to 'None'
[2.348s] Level 5:colcon.colcon_core.verb:set package 'camera_publisher_py' build argument 'catkin_cmake_args' from command line to 'None'
[2.348s] Level 5:colcon.colcon_core.verb:set package 'camera_publisher_py' build argument 'catkin_skip_building_tests' from command line to 'False'
[2.349s] DEBUG:colcon.colcon_core.verb:Building package 'camera_publisher_py' with the following arguments: {'ament_cmake_args': None, 'build_base': '/home/pi/ros2_ws/build/camera_publisher_py', 'catkin_cmake_args': None, 'catkin_skip_building_tests': False, 'cmake_args': None, 'cmake_clean_cache': False, 'cmake_clean_first': False, 'cmake_force_configure': False, 'cmake_target': None, 'cmake_target_skip_unavailable': False, 'install_base': '/home/pi/ros2_ws/install/camera_publisher_py', 'merge_install': False, 'path': '/home/pi/ros2_ws/src/camera_publisher_py', 'symlink_install': False, 'test_result_base': None}
[2.352s] Level 5:colcon.colcon_core.verb:set package 'vn_drone' build argument 'cmake_args' from command line to 'None'
[2.352s] Level 5:colcon.colcon_core.verb:set package 'vn_drone' build argument 'cmake_target' from command line to 'None'
[2.353s] Level 5:colcon.colcon_core.verb:set package 'vn_drone' build argument 'cmake_target_skip_unavailable' from command line to 'False'
[2.354s] Level 5:colcon.colcon_core.verb:set package 'vn_drone' build argument 'cmake_clean_cache' from command line to 'False'
[2.354s] Level 5:colcon.colcon_core.verb:set package 'vn_drone' build argument 'cmake_clean_first' from command line to 'False'
[2.355s] Level 5:colcon.colcon_core.verb:set package 'vn_drone' build argument 'cmake_force_configure' from command line to 'False'
[2.356s] Level 5:colcon.colcon_core.verb:set package 'vn_drone' build argument 'ament_cmake_args' from command line to 'None'
[2.356s] Level 5:colcon.colcon_core.verb:set package 'vn_drone' build argument 'catkin_cmake_args' from command line to 'None'
[2.357s] Level 5:colcon.colcon_core.verb:set package 'vn_drone' build argument 'catkin_skip_building_tests' from command line to 'False'
[2.358s] DEBUG:colcon.colcon_core.verb:Building package 'vn_drone' with the following arguments: {'ament_cmake_args': None, 'build_base': '/home/pi/ros2_ws/build/vn_drone', 'catkin_cmake_args': None, 'catkin_skip_building_tests': False, 'cmake_args': None, 'cmake_clean_cache': False, 'cmake_clean_first': False, 'cmake_force_configure': False, 'cmake_target': None, 'cmake_target_skip_unavailable': False, 'install_base': '/home/pi/ros2_ws/install/vn_drone', 'merge_install': False, 'path': '/home/pi/ros2_ws/src/vn_drone', 'symlink_install': False, 'test_result_base': None}
[2.359s] INFO:colcon.colcon_core.executor:Executing jobs using 'parallel' executor
[2.364s] DEBUG:colcon.colcon_parallel_executor.executor.parallel:run_until_complete
[2.365s] INFO:colcon.colcon_ros.task.ament_python.build:Building ROS package in '/home/pi/ros2_ws/src/camera_publisher_py' with build type 'ament_python'
[2.366s] Level 1:colcon.colcon_core.shell:create_environment_hook('camera_publisher_py', 'ament_prefix_path')
[2.381s] INFO:colcon.colcon_core.plugin_system:Skipping extension 'colcon_core.shell.bat': Not used on non-Windows systems
[2.383s] INFO:colcon.colcon_core.shell:Creating environment hook '/home/pi/ros2_ws/install/camera_publisher_py/share/camera_publisher_py/hook/ament_prefix_path.ps1'
[2.388s] INFO:colcon.colcon_core.shell:Creating environment descriptor '/home/pi/ros2_ws/install/camera_publisher_py/share/camera_publisher_py/hook/ament_prefix_path.dsv'
[2.392s] INFO:colcon.colcon_core.shell:Creating environment hook '/home/pi/ros2_ws/install/camera_publisher_py/share/camera_publisher_py/hook/ament_prefix_path.sh'
[2.444s] INFO:colcon.colcon_core.shell:Skip shell extension 'powershell' for command environment: Not usable outside of PowerShell
[2.444s] DEBUG:colcon.colcon_core.shell:Skip shell extension 'dsv' for command environment
[2.473s] INFO:colcon.colcon_ros.task.ament_python.build:Building ROS package in '/home/pi/ros2_ws/src/vn_drone' with build type 'ament_python'
[2.475s] Level 1:colcon.colcon_core.shell:create_environment_hook('vn_drone', 'ament_prefix_path')
[2.477s] INFO:colcon.colcon_core.shell:Creating environment hook '/home/pi/ros2_ws/install/vn_drone/share/vn_drone/hook/ament_prefix_path.ps1'
[2.481s] INFO:colcon.colcon_core.shell:Creating environment descriptor '/home/pi/ros2_ws/install/vn_drone/share/vn_drone/hook/ament_prefix_path.dsv'
[2.487s] INFO:colcon.colcon_core.shell:Creating environment hook '/home/pi/ros2_ws/install/vn_drone/share/vn_drone/hook/ament_prefix_path.sh'
[2.492s] INFO:colcon.colcon_core.shell:Skip shell extension 'powershell' for command environment: Not usable outside of PowerShell
[2.492s] DEBUG:colcon.colcon_core.shell:Skip shell extension 'dsv' for command environment
[4.213s] INFO:colcon.colcon_core.task.python.build:Building Python package in '/home/pi/ros2_ws/src/camera_publisher_py'
[4.215s] INFO:colcon.colcon_core.shell:Skip shell extension 'powershell' for command environment: Not usable outside of PowerShell
[4.216s] DEBUG:colcon.colcon_core.shell:Skip shell extension 'dsv' for command environment
[5.942s] INFO:colcon.colcon_core.task.python.build:Building Python package in '/home/pi/ros2_ws/src/vn_drone'
[5.944s] INFO:colcon.colcon_core.shell:Skip shell extension 'powershell' for command environment: Not usable outside of PowerShell
[5.944s] DEBUG:colcon.colcon_core.shell:Skip shell extension 'dsv' for command environment
[8.951s] DEBUG:colcon.colcon_core.event_handler.log_command:Invoking command in '/home/pi/ros2_ws/src/camera_publisher_py': PYTHONPATH=/home/pi/ros2_ws/build/camera_publisher_py/prefix_override:/usr/lib/python3/dist-packages/colcon_core/task/python/colcon_distutils_commands:/home/pi/ros2_ws/install/camera_publisher_py/lib/python3.10/site-packages:${PYTHONPATH} /usr/bin/python3 -W ignore:setup.py install is deprecated setup.py egg_info --egg-base ../../build/camera_publisher_py build --build-base /home/pi/ros2_ws/build/camera_publisher_py/build install --record /home/pi/ros2_ws/build/camera_publisher_py/install.log --single-version-externally-managed install_data
[8.990s] DEBUG:colcon.colcon_core.event_handler.log_command:Invoking command in '/home/pi/ros2_ws/src/vn_drone': PYTHONPATH=/home/pi/ros2_ws/build/vn_drone/prefix_override:/usr/lib/python3/dist-packages/colcon_core/task/python/colcon_distutils_commands:/home/pi/ros2_ws/install/vn_drone/lib/python3.10/site-packages:${PYTHONPATH} /usr/bin/python3 -W ignore:setup.py install is deprecated setup.py egg_info --egg-base ../../build/vn_drone build --build-base /home/pi/ros2_ws/build/vn_drone/build install --record /home/pi/ros2_ws/build/vn_drone/install.log --single-version-externally-managed install_data
[11.407s] DEBUG:colcon.colcon_core.event_handler.log_command:Invoked command in '/home/pi/ros2_ws/src/vn_drone' returned '0': PYTHONPATH=/home/pi/ros2_ws/build/vn_drone/prefix_override:/usr/lib/python3/dist-packages/colcon_core/task/python/colcon_distutils_commands:/home/pi/ros2_ws/install/vn_drone/lib/python3.10/site-packages:${PYTHONPATH} /usr/bin/python3 -W ignore:setup.py install is deprecated setup.py egg_info --egg-base ../../build/vn_drone build --build-base /home/pi/ros2_ws/build/vn_drone/build install --record /home/pi/ros2_ws/build/vn_drone/install.log --single-version-externally-managed install_data
[11.452s] Level 1:colcon.colcon_core.environment:checking '/home/pi/ros2_ws/install/vn_drone' for CMake module files
[11.456s] Level 1:colcon.colcon_core.environment:checking '/home/pi/ros2_ws/install/vn_drone' for CMake config files
[11.476s] Level 1:colcon.colcon_core.environment:checking '/home/pi/ros2_ws/install/vn_drone/lib'
[11.481s] Level 1:colcon.colcon_core.environment:checking '/home/pi/ros2_ws/install/vn_drone/bin'
[11.488s] Level 1:colcon.colcon_core.environment:checking '/home/pi/ros2_ws/install/vn_drone/lib/pkgconfig/vn_drone.pc'
[11.507s] Level 1:colcon.colcon_core.environment:checking '/home/pi/ros2_ws/install/vn_drone/lib/python3.10/site-packages'
[11.509s] Level 1:colcon.colcon_core.shell:create_environment_hook('vn_drone', 'pythonpath')
[11.515s] INFO:colcon.colcon_core.shell:Creating environment hook '/home/pi/ros2_ws/install/vn_drone/share/vn_drone/hook/pythonpath.ps1'
[11.544s] INFO:colcon.colcon_core.shell:Creating environment descriptor '/home/pi/ros2_ws/install/vn_drone/share/vn_drone/hook/pythonpath.dsv'
[11.556s] INFO:colcon.colcon_core.shell:Creating environment hook '/home/pi/ros2_ws/install/vn_drone/share/vn_drone/hook/pythonpath.sh'
[11.572s] Level 1:colcon.colcon_core.environment:checking '/home/pi/ros2_ws/install/vn_drone/bin'
[11.574s] Level 1:colcon.colcon_core.environment:create_environment_scripts_only(vn_drone)
[11.579s] INFO:colcon.colcon_core.shell:Creating package script '/home/pi/ros2_ws/install/vn_drone/share/vn_drone/package.ps1'
[11.594s] INFO:colcon.colcon_core.shell:Creating package descriptor '/home/pi/ros2_ws/install/vn_drone/share/vn_drone/package.dsv'
[11.602s] INFO:colcon.colcon_core.shell:Creating package script '/home/pi/ros2_ws/install/vn_drone/share/vn_drone/package.sh'
[11.610s] INFO:colcon.colcon_core.shell:Creating package script '/home/pi/ros2_ws/install/vn_drone/share/vn_drone/package.bash'
[11.618s] INFO:colcon.colcon_core.shell:Creating package script '/home/pi/ros2_ws/install/vn_drone/share/vn_drone/package.zsh'
[11.626s] Level 1:colcon.colcon_core.environment:create_file_with_runtime_dependencies(/home/pi/ros2_ws/install/vn_drone/share/colcon-core/packages/vn_drone)
[11.706s] Level 1:colcon.colcon_core.environment:checking '/home/pi/ros2_ws/install/camera_publisher_py' for CMake module files
[11.710s] Level 1:colcon.colcon_core.environment:checking '/home/pi/ros2_ws/install/camera_publisher_py' for CMake config files
[11.713s] DEBUG:colcon.colcon_core.event_handler.log_command:Invoked command in '/home/pi/ros2_ws/src/camera_publisher_py' returned '0': PYTHONPATH=/home/pi/ros2_ws/build/camera_publisher_py/prefix_override:/usr/lib/python3/dist-packages/colcon_core/task/python/colcon_distutils_commands:/home/pi/ros2_ws/install/camera_publisher_py/lib/python3.10/site-packages:${PYTHONPATH} /usr/bin/python3 -W ignore:setup.py install is deprecated setup.py egg_info --egg-base ../../build/camera_publisher_py build --build-base /home/pi/ros2_ws/build/camera_publisher_py/build install --record /home/pi/ros2_ws/build/camera_publisher_py/install.log --single-version-externally-managed install_data
[11.725s] Level 1:colcon.colcon_core.environment:checking '/home/pi/ros2_ws/install/camera_publisher_py/lib'
[11.727s] Level 1:colcon.colcon_core.environment:checking '/home/pi/ros2_ws/install/camera_publisher_py/bin'
[11.728s] Level 1:colcon.colcon_core.environment:checking '/home/pi/ros2_ws/install/camera_publisher_py/lib/pkgconfig/camera_publisher_py.pc'
[11.731s] Level 1:colcon.colcon_core.environment:checking '/home/pi/ros2_ws/install/camera_publisher_py/lib/python3.10/site-packages'
[11.732s] Level 1:colcon.colcon_core.shell:create_environment_hook('camera_publisher_py', 'pythonpath')
[11.735s] INFO:colcon.colcon_core.shell:Creating environment hook '/home/pi/ros2_ws/install/camera_publisher_py/share/camera_publisher_py/hook/pythonpath.ps1'
[11.739s] INFO:colcon.colcon_core.shell:Creating environment descriptor '/home/pi/ros2_ws/install/camera_publisher_py/share/camera_publisher_py/hook/pythonpath.dsv'
[11.743s] INFO:colcon.colcon_core.shell:Creating environment hook '/home/pi/ros2_ws/install/camera_publisher_py/share/camera_publisher_py/hook/pythonpath.sh'
[11.747s] Level 1:colcon.colcon_core.environment:checking '/home/pi/ros2_ws/install/camera_publisher_py/bin'
[11.748s] Level 1:colcon.colcon_core.environment:create_environment_scripts_only(camera_publisher_py)
[11.750s] INFO:colcon.colcon_core.shell:Creating package script '/home/pi/ros2_ws/install/camera_publisher_py/share/camera_publisher_py/package.ps1'
[11.753s] INFO:colcon.colcon_core.shell:Creating package descriptor '/home/pi/ros2_ws/install/camera_publisher_py/share/camera_publisher_py/package.dsv'
[11.756s] INFO:colcon.colcon_core.shell:Creating package script '/home/pi/ros2_ws/install/camera_publisher_py/share/camera_publisher_py/package.sh'
[11.761s] INFO:colcon.colcon_core.shell:Creating package script '/home/pi/ros2_ws/install/camera_publisher_py/share/camera_publisher_py/package.bash'
[11.767s] INFO:colcon.colcon_core.shell:Creating package script '/home/pi/ros2_ws/install/camera_publisher_py/share/camera_publisher_py/package.zsh'
[11.772s] Level 1:colcon.colcon_core.environment:create_file_with_runtime_dependencies(/home/pi/ros2_ws/install/camera_publisher_py/share/colcon-core/packages/camera_publisher_py)
[11.779s] DEBUG:colcon.colcon_parallel_executor.executor.parallel:closing loop
[11.781s] DEBUG:colcon.colcon_parallel_executor.executor.parallel:loop closed
[11.781s] DEBUG:colcon.colcon_parallel_executor.executor.parallel:run_until_complete finished with '0'
[11.783s] DEBUG:colcon.colcon_core.event_reactor:joining thread
[11.810s] INFO:colcon.colcon_core.plugin_system:Skipping extension 'colcon_notification.desktop_notification.notify_send': Could not find 'notify-send'
[11.812s] INFO:colcon.colcon_core.plugin_system:Skipping extension 'colcon_notification.desktop_notification.terminal_notifier': Not used on non-Darwin systems
[11.813s] INFO:colcon.colcon_core.plugin_system:Skipping extension 'colcon_notification.desktop_notification.win32': Not used on non-Windows systems
[11.814s] INFO:colcon.colcon_notification.desktop_notification:Sending desktop notification using 'notify2'
[11.823s] DEBUG:colcon.colcon_notification.desktop_notification.notify2:Failed to initialize notify2: org.freedesktop.DBus.Error.ServiceUnknown: The name org.freedesktop.Notifications was not provided by any .service files
[11.824s] DEBUG:colcon.colcon_core.event_reactor:joined thread
[11.825s] INFO:colcon.colcon_core.shell:Creating prefix script '/home/pi/ros2_ws/install/local_setup.ps1'
[11.833s] INFO:colcon.colcon_core.shell:Creating prefix util module '/home/pi/ros2_ws/install/_local_setup_util_ps1.py'
[11.842s] INFO:colcon.colcon_core.shell:Creating prefix chain script '/home/pi/ros2_ws/install/setup.ps1'
[11.848s] INFO:colcon.colcon_core.shell:Creating prefix script '/home/pi/ros2_ws/install/local_setup.sh'
[11.852s] INFO:colcon.colcon_core.shell:Creating prefix util module '/home/pi/ros2_ws/install/_local_setup_util_sh.py'
[11.862s] INFO:colcon.colcon_core.shell:Creating prefix chain script '/home/pi/ros2_ws/install/setup.sh'
[11.872s] INFO:colcon.colcon_core.shell:Creating prefix script '/home/pi/ros2_ws/install/local_setup.bash'
[11.878s] INFO:colcon.colcon_core.shell:Creating prefix chain script '/home/pi/ros2_ws/install/setup.bash'
[11.890s] INFO:colcon.colcon_core.shell:Creating prefix script '/home/pi/ros2_ws/install/local_setup.zsh'
[11.894s] INFO:colcon.colcon_core.shell:Creating prefix chain script '/home/pi/ros2_ws/install/setup.zsh'
