[6.907s] Invoking command in '/home/pi/ros2_ws/src/vn_drone': PYTHONPATH=/home/pi/ros2_ws/build/vn_drone/prefix_override:/usr/lib/python3/dist-packages/colcon_core/task/python/colcon_distutils_commands:/home/pi/ros2_ws/install/vn_drone/lib/python3.10/site-packages:${PYTHONPATH} /usr/bin/python3 -W ignore:setup.py install is deprecated setup.py egg_info --egg-base ../../build/vn_drone build --build-base /home/pi/ros2_ws/build/vn_drone/build install --record /home/pi/ros2_ws/build/vn_drone/install.log --single-version-externally-managed install_data
[8.853s] running egg_info
[8.857s] writing ../../build/vn_drone/vn_drone.egg-info/PKG-INFO
[8.861s] writing dependency_links to ../../build/vn_drone/vn_drone.egg-info/dependency_links.txt
[8.866s] writing entry points to ../../build/vn_drone/vn_drone.egg-info/entry_points.txt
[8.870s] writing requirements to ../../build/vn_drone/vn_drone.egg-info/requires.txt
[8.872s] writing top-level names to ../../build/vn_drone/vn_drone.egg-info/top_level.txt
[8.883s] reading manifest file '../../build/vn_drone/vn_drone.egg-info/SOURCES.txt'
[8.885s] writing manifest file '../../build/vn_drone/vn_drone.egg-info/SOURCES.txt'
[8.890s] running build
[8.891s] running build_py
[8.891s] running install
[8.898s] running install_lib
[8.903s] running install_data
[8.904s] running install_egg_info
[8.916s] removing '/home/pi/ros2_ws/install/vn_drone/lib/python3.10/site-packages/vn_drone-0.0.0-py3.10.egg-info' (and everything under it)
[8.920s] Copying ../../build/vn_drone/vn_drone.egg-info to /home/pi/ros2_ws/install/vn_drone/lib/python3.10/site-packages/vn_drone-0.0.0-py3.10.egg-info
[8.944s] running install_scripts
[9.123s] Installing image_publisher script to /home/pi/ros2_ws/install/vn_drone/lib/vn_drone
[9.123s] Installing image_subscriber script to /home/pi/ros2_ws/install/vn_drone/lib/vn_drone
[9.145s] writing list of installed files to '/home/pi/ros2_ws/build/vn_drone/install.log'
[9.462s] Invoked command in '/home/pi/ros2_ws/src/vn_drone' returned '0': PYTHONPATH=/home/pi/ros2_ws/build/vn_drone/prefix_override:/usr/lib/python3/dist-packages/colcon_core/task/python/colcon_distutils_commands:/home/pi/ros2_ws/install/vn_drone/lib/python3.10/site-packages:${PYTHONPATH} /usr/bin/python3 -W ignore:setup.py install is deprecated setup.py egg_info --egg-base ../../build/vn_drone build --build-base /home/pi/ros2_ws/build/vn_drone/build install --record /home/pi/ros2_ws/build/vn_drone/install.log --single-version-externally-managed install_data
