[4.122s] Invoking command in '/home/pi/ros2_ws/src/camera_publisher_py': PYTHONPATH=/home/pi/ros2_ws/build/camera_publisher_py/prefix_override:/usr/lib/python3/dist-packages/colcon_core/task/python/colcon_distutils_commands:/home/pi/ros2_ws/install/camera_publisher_py/lib/python3.10/site-packages:${PYTHONPATH} /usr/bin/python3 -W ignore:setup.py install is deprecated setup.py egg_info --egg-base ../../build/camera_publisher_py build --build-base /home/pi/ros2_ws/build/camera_publisher_py/build install --record /home/pi/ros2_ws/build/camera_publisher_py/install.log --single-version-externally-managed install_data
[5.253s] running egg_info
[5.258s] writing ../../build/camera_publisher_py/camera_publisher_py.egg-info/PKG-INFO
[5.260s] writing dependency_links to ../../build/camera_publisher_py/camera_publisher_py.egg-info/dependency_links.txt
[5.261s] writing entry points to ../../build/camera_publisher_py/camera_publisher_py.egg-info/entry_points.txt
[5.261s] writing requirements to ../../build/camera_publisher_py/camera_publisher_py.egg-info/requires.txt
[5.262s] writing top-level names to ../../build/camera_publisher_py/camera_publisher_py.egg-info/top_level.txt
[5.275s] reading manifest file '../../build/camera_publisher_py/camera_publisher_py.egg-info/SOURCES.txt'
[5.282s] writing manifest file '../../build/camera_publisher_py/camera_publisher_py.egg-info/SOURCES.txt'
[5.282s] running build
[5.283s] running build_py
[5.293s] copying camera_publisher_py/camera_subscriber.py -> /home/pi/ros2_ws/build/camera_publisher_py/build/lib/camera_publisher_py
[5.293s] running install
[5.294s] running install_lib
[5.297s] copying /home/pi/ros2_ws/build/camera_publisher_py/build/lib/camera_publisher_py/camera_subscriber.py -> /home/pi/ros2_ws/install/camera_publisher_py/lib/python3.10/site-packages/camera_publisher_py
[5.298s] byte-compiling /home/pi/ros2_ws/install/camera_publisher_py/lib/python3.10/site-packages/camera_publisher_py/camera_subscriber.py to camera_subscriber.cpython-310.pyc
[5.302s] running install_data
[5.303s] running install_egg_info
[5.312s] removing '/home/pi/ros2_ws/install/camera_publisher_py/lib/python3.10/site-packages/camera_publisher_py-0.0.0-py3.10.egg-info' (and everything under it)
[5.314s] Copying ../../build/camera_publisher_py/camera_publisher_py.egg-info to /home/pi/ros2_ws/install/camera_publisher_py/lib/python3.10/site-packages/camera_publisher_py-0.0.0-py3.10.egg-info
[5.323s] running install_scripts
[5.434s] Installing camera_publisher script to /home/pi/ros2_ws/install/camera_publisher_py/lib/camera_publisher_py
[5.437s] Installing camera_subscriber script to /home/pi/ros2_ws/install/camera_publisher_py/lib/camera_publisher_py
[5.440s] writing list of installed files to '/home/pi/ros2_ws/build/camera_publisher_py/install.log'
[5.671s] Invoked command in '/home/pi/ros2_ws/src/camera_publisher_py' returned '0': PYTHONPATH=/home/pi/ros2_ws/build/camera_publisher_py/prefix_override:/usr/lib/python3/dist-packages/colcon_core/task/python/colcon_distutils_commands:/home/pi/ros2_ws/install/camera_publisher_py/lib/python3.10/site-packages:${PYTHONPATH} /usr/bin/python3 -W ignore:setup.py install is deprecated setup.py egg_info --egg-base ../../build/camera_publisher_py build --build-base /home/pi/ros2_ws/build/camera_publisher_py/build install --record /home/pi/ros2_ws/build/camera_publisher_py/install.log --single-version-externally-managed install_data
