[2.420s] Invoking command in '/home/pi/ros2_ws/src/vn_drone': PYTHONPATH=/home/pi/ros2_ws/build/vn_drone/prefix_override:/usr/lib/python3/dist-packages/colcon_core/task/python/colcon_distutils_commands:/home/pi/ros2_ws/install/vn_drone/lib/python3.10/site-packages:${PYTHONPATH} /usr/bin/python3 -W ignore:setup.py install is deprecated setup.py egg_info --egg-base ../../build/vn_drone build --build-base /home/pi/ros2_ws/build/vn_drone/build install --record /home/pi/ros2_ws/build/vn_drone/install.log --single-version-externally-managed install_data
[3.341s] running egg_info
[3.344s] writing ../../build/vn_drone/vn_drone.egg-info/PKG-INFO
[3.345s] writing dependency_links to ../../build/vn_drone/vn_drone.egg-info/dependency_links.txt
[3.346s] writing entry points to ../../build/vn_drone/vn_drone.egg-info/entry_points.txt
[3.346s] writing requirements to ../../build/vn_drone/vn_drone.egg-info/requires.txt
[3.347s] writing top-level names to ../../build/vn_drone/vn_drone.egg-info/top_level.txt
[3.354s] reading manifest file '../../build/vn_drone/vn_drone.egg-info/SOURCES.txt'
[3.358s] writing manifest file '../../build/vn_drone/vn_drone.egg-info/SOURCES.txt'
[3.358s] running build
[3.359s] running build_py
[3.359s] copying vn_drone/image_publisher.py -> /home/pi/ros2_ws/build/vn_drone/build/lib/vn_drone
[3.361s] running install
[3.362s] running install_lib
[3.365s] copying /home/pi/ros2_ws/build/vn_drone/build/lib/vn_drone/image_publisher.py -> /home/pi/ros2_ws/install/vn_drone/lib/python3.10/site-packages/vn_drone
[3.368s] byte-compiling /home/pi/ros2_ws/install/vn_drone/lib/python3.10/site-packages/vn_drone/image_publisher.py to image_publisher.cpython-310.pyc
[3.370s] running install_data
[3.371s] running install_egg_info
[3.378s] removing '/home/pi/ros2_ws/install/vn_drone/lib/python3.10/site-packages/vn_drone-0.0.0-py3.10.egg-info' (and everything under it)
[3.379s] Copying ../../build/vn_drone/vn_drone.egg-info to /home/pi/ros2_ws/install/vn_drone/lib/python3.10/site-packages/vn_drone-0.0.0-py3.10.egg-info
[3.384s] running install_scripts
[3.468s] writing list of installed files to '/home/pi/ros2_ws/build/vn_drone/install.log'
[3.585s] Invoked command in '/home/pi/ros2_ws/src/vn_drone' returned '0': PYTHONPATH=/home/pi/ros2_ws/build/vn_drone/prefix_override:/usr/lib/python3/dist-packages/colcon_core/task/python/colcon_distutils_commands:/home/pi/ros2_ws/install/vn_drone/lib/python3.10/site-packages:${PYTHONPATH} /usr/bin/python3 -W ignore:setup.py install is deprecated setup.py egg_info --egg-base ../../build/vn_drone build --build-base /home/pi/ros2_ws/build/vn_drone/build install --record /home/pi/ros2_ws/build/vn_drone/install.log --single-version-externally-managed install_data
