running egg_info
creating ../../build/vn_drone/vn_drone.egg-info
writing ../../build/vn_drone/vn_drone.egg-info/PKG-INFO
writing dependency_links to ../../build/vn_drone/vn_drone.egg-info/dependency_links.txt
writing entry points to ../../build/vn_drone/vn_drone.egg-info/entry_points.txt
writing requirements to ../../build/vn_drone/vn_drone.egg-info/requires.txt
writing top-level names to ../../build/vn_drone/vn_drone.egg-info/top_level.txt
writing manifest file '../../build/vn_drone/vn_drone.egg-info/SOURCES.txt'
reading manifest file '../../build/vn_drone/vn_drone.egg-info/SOURCES.txt'
writing manifest file '../../build/vn_drone/vn_drone.egg-info/SOURCES.txt'
running build
running build_py
creating /home/pi/ros2_ws/build/vn_drone/build
creating /home/pi/ros2_ws/build/vn_drone/build/lib
creating /home/pi/ros2_ws/build/vn_drone/build/lib/vn_drone
copying vn_drone/__init__.py -> /home/pi/ros2_ws/build/vn_drone/build/lib/vn_drone
running install
running install_lib
creating /home/pi/ros2_ws/install/vn_drone/lib/python3.10/site-packages/vn_drone
copying /home/pi/ros2_ws/build/vn_drone/build/lib/vn_drone/__init__.py -> /home/pi/ros2_ws/install/vn_drone/lib/python3.10/site-packages/vn_drone
byte-compiling /home/pi/ros2_ws/install/vn_drone/lib/python3.10/site-packages/vn_drone/__init__.py to __init__.cpython-310.pyc
running install_data
creating /home/pi/ros2_ws/install/vn_drone/share/ament_index
creating /home/pi/ros2_ws/install/vn_drone/share/ament_index/resource_index
creating /home/pi/ros2_ws/install/vn_drone/share/ament_index/resource_index/packages
copying resource/vn_drone -> /home/pi/ros2_ws/install/vn_drone/share/ament_index/resource_index/packages
copying package.xml -> /home/pi/ros2_ws/install/vn_drone/share/vn_drone
running install_egg_info
Copying ../../build/vn_drone/vn_drone.egg-info to /home/pi/ros2_ws/install/vn_drone/lib/python3.10/site-packages/vn_drone-0.0.0-py3.10.egg-info
running install_scripts
writing list of installed files to '/home/pi/ros2_ws/build/vn_drone/install.log'
