running egg_info
writing ../../build/camera_publisher_py/camera_publisher_py.egg-info/PKG-INFO
writing dependency_links to ../../build/camera_publisher_py/camera_publisher_py.egg-info/dependency_links.txt
writing entry points to ../../build/camera_publisher_py/camera_publisher_py.egg-info/entry_points.txt
writing requirements to ../../build/camera_publisher_py/camera_publisher_py.egg-info/requires.txt
writing top-level names to ../../build/camera_publisher_py/camera_publisher_py.egg-info/top_level.txt
reading manifest file '../../build/camera_publisher_py/camera_publisher_py.egg-info/SOURCES.txt'
writing manifest file '../../build/camera_publisher_py/camera_publisher_py.egg-info/SOURCES.txt'
running build
running build_py
running install
running install_lib
running install_data
running install_egg_info
removing '/home/pi/ros2_ws/install/camera_publisher_py/lib/python3.10/site-packages/camera_publisher_py-0.0.0-py3.10.egg-info' (and everything under it)
Copying ../../build/camera_publisher_py/camera_publisher_py.egg-info to /home/pi/ros2_ws/install/camera_publisher_py/lib/python3.10/site-packages/camera_publisher_py-0.0.0-py3.10.egg-info
running install_scripts
Installing camera_publisher script to /home/pi/ros2_ws/install/camera_publisher_py/lib/camera_publisher_py
Installing camera_subscriber script to /home/pi/ros2_ws/install/camera_publisher_py/lib/camera_publisher_py
writing list of installed files to '/home/pi/ros2_ws/build/camera_publisher_py/install.log'
