[5.914s] Invoking command in '/home/pi/ros2_ws/src/vn_drone': PYTHONPATH=/home/pi/ros2_ws/build/vn_drone/prefix_override:/usr/lib/python3/dist-packages/colcon_core/task/python/colcon_distutils_commands:/home/pi/ros2_ws/install/vn_drone/lib/python3.10/site-packages:${PYTHONPATH} /usr/bin/python3 -W ignore:setup.py install is deprecated setup.py egg_info --egg-base ../../build/vn_drone build --build-base /home/pi/ros2_ws/build/vn_drone/build install --record /home/pi/ros2_ws/build/vn_drone/install.log --single-version-externally-managed install_data
[7.731s] running egg_info
[7.735s] writing ../../build/vn_drone/vn_drone.egg-info/PKG-INFO
[7.738s] writing dependency_links to ../../build/vn_drone/vn_drone.egg-info/dependency_links.txt
[7.741s] writing entry points to ../../build/vn_drone/vn_drone.egg-info/entry_points.txt
[7.746s] writing requirements to ../../build/vn_drone/vn_drone.egg-info/requires.txt
[7.747s] writing top-level names to ../../build/vn_drone/vn_drone.egg-info/top_level.txt
[7.759s] reading manifest file '../../build/vn_drone/vn_drone.egg-info/SOURCES.txt'
[7.766s] writing manifest file '../../build/vn_drone/vn_drone.egg-info/SOURCES.txt'
[7.777s] running build
[7.777s] running build_py
[7.778s] running install
[7.778s] running install_lib
[7.797s] running install_data
[7.804s] running install_egg_info
[7.816s] removing '/home/pi/ros2_ws/install/vn_drone/lib/python3.10/site-packages/vn_drone-0.0.0-py3.10.egg-info' (and everything under it)
[7.823s] Copying ../../build/vn_drone/vn_drone.egg-info to /home/pi/ros2_ws/install/vn_drone/lib/python3.10/site-packages/vn_drone-0.0.0-py3.10.egg-info
[7.849s] running install_scripts
[8.019s] Installing image_publisher script to /home/pi/ros2_ws/install/vn_drone/lib/vn_drone
[8.020s] Installing image_subscriber script to /home/pi/ros2_ws/install/vn_drone/lib/vn_drone
[8.021s] writing list of installed files to '/home/pi/ros2_ws/build/vn_drone/install.log'
[8.247s] Invoked command in '/home/pi/ros2_ws/src/vn_drone' returned '0': PYTHONPATH=/home/pi/ros2_ws/build/vn_drone/prefix_override:/usr/lib/python3/dist-packages/colcon_core/task/python/colcon_distutils_commands:/home/pi/ros2_ws/install/vn_drone/lib/python3.10/site-packages:${PYTHONPATH} /usr/bin/python3 -W ignore:setup.py install is deprecated setup.py egg_info --egg-base ../../build/vn_drone build --build-base /home/pi/ros2_ws/build/vn_drone/build install --record /home/pi/ros2_ws/build/vn_drone/install.log --single-version-externally-managed install_data
