[2.996s] Invoking command in '/home/pi/ros2_ws/src/vn_drone': PYTHONPATH=/home/pi/ros2_ws/build/vn_drone/prefix_override:/usr/lib/python3/dist-packages/colcon_core/task/python/colcon_distutils_commands:/home/pi/ros2_ws/install/vn_drone/lib/python3.10/site-packages:${PYTHONPATH} /usr/bin/python3 -W ignore:setup.py install is deprecated setup.py egg_info --egg-base ../../build/vn_drone build --build-base /home/pi/ros2_ws/build/vn_drone/build install --record /home/pi/ros2_ws/build/vn_drone/install.log --single-version-externally-managed install_data
[3.942s] running egg_info
[3.944s] writing ../../build/vn_drone/vn_drone.egg-info/PKG-INFO
[3.946s] writing dependency_links to ../../build/vn_drone/vn_drone.egg-info/dependency_links.txt
[3.947s] writing entry points to ../../build/vn_drone/vn_drone.egg-info/entry_points.txt
[3.948s] writing requirements to ../../build/vn_drone/vn_drone.egg-info/requires.txt
[3.948s] writing top-level names to ../../build/vn_drone/vn_drone.egg-info/top_level.txt
[3.956s] reading manifest file '../../build/vn_drone/vn_drone.egg-info/SOURCES.txt'
[3.961s] writing manifest file '../../build/vn_drone/vn_drone.egg-info/SOURCES.txt'
[3.962s] running build
[3.963s] running build_py
[3.965s] copying vn_drone/image_subsriber.py -> /home/pi/ros2_ws/build/vn_drone/build/lib/vn_drone
[3.967s] running install
[3.968s] running install_lib
[3.972s] copying /home/pi/ros2_ws/build/vn_drone/build/lib/vn_drone/image_subsriber.py -> /home/pi/ros2_ws/install/vn_drone/lib/python3.10/site-packages/vn_drone
[3.976s] byte-compiling /home/pi/ros2_ws/install/vn_drone/lib/python3.10/site-packages/vn_drone/image_subsriber.py to image_subsriber.cpython-310.pyc
[3.978s] running install_data
[3.979s] running install_egg_info
[3.987s] removing '/home/pi/ros2_ws/install/vn_drone/lib/python3.10/site-packages/vn_drone-0.0.0-py3.10.egg-info' (and everything under it)
[3.989s] Copying ../../build/vn_drone/vn_drone.egg-info to /home/pi/ros2_ws/install/vn_drone/lib/python3.10/site-packages/vn_drone-0.0.0-py3.10.egg-info
[3.995s] running install_scripts
[4.074s] writing list of installed files to '/home/pi/ros2_ws/build/vn_drone/install.log'
[4.187s] Invoked command in '/home/pi/ros2_ws/src/vn_drone' returned '0': PYTHONPATH=/home/pi/ros2_ws/build/vn_drone/prefix_override:/usr/lib/python3/dist-packages/colcon_core/task/python/colcon_distutils_commands:/home/pi/ros2_ws/install/vn_drone/lib/python3.10/site-packages:${PYTHONPATH} /usr/bin/python3 -W ignore:setup.py install is deprecated setup.py egg_info --egg-base ../../build/vn_drone build --build-base /home/pi/ros2_ws/build/vn_drone/build install --record /home/pi/ros2_ws/build/vn_drone/install.log --single-version-externally-managed install_data
