[4.021s] Invoking command in '/home/pi/ros2_ws/src/vn_drone': PYTHONPATH=/home/pi/ros2_ws/build/vn_drone/prefix_override:/usr/lib/python3/dist-packages/colcon_core/task/python/colcon_distutils_commands:/home/pi/ros2_ws/install/vn_drone/lib/python3.10/site-packages:${PYTHONPATH} /usr/bin/python3 -W ignore:setup.py install is deprecated setup.py egg_info --egg-base ../../build/vn_drone build --build-base /home/pi/ros2_ws/build/vn_drone/build install --record /home/pi/ros2_ws/build/vn_drone/install.log --single-version-externally-managed install_data
[5.173s] running egg_info
[5.173s] writing ../../build/vn_drone/vn_drone.egg-info/PKG-INFO
[5.176s] writing dependency_links to ../../build/vn_drone/vn_drone.egg-info/dependency_links.txt
[5.178s] writing entry points to ../../build/vn_drone/vn_drone.egg-info/entry_points.txt
[5.179s] writing requirements to ../../build/vn_drone/vn_drone.egg-info/requires.txt
[5.179s] writing top-level names to ../../build/vn_drone/vn_drone.egg-info/top_level.txt
[5.187s] reading manifest file '../../build/vn_drone/vn_drone.egg-info/SOURCES.txt'
[5.190s] writing manifest file '../../build/vn_drone/vn_drone.egg-info/SOURCES.txt'
[5.191s] running build
[5.192s] running build_py
[5.194s] running install
[5.196s] running install_lib
[5.203s] running install_data
[5.206s] running install_egg_info
[5.212s] removing '/home/pi/ros2_ws/install/vn_drone/lib/python3.10/site-packages/vn_drone-0.0.0-py3.10.egg-info' (and everything under it)
[5.214s] Copying ../../build/vn_drone/vn_drone.egg-info to /home/pi/ros2_ws/install/vn_drone/lib/python3.10/site-packages/vn_drone-0.0.0-py3.10.egg-info
[5.221s] running install_scripts
[5.324s] Installing image_publisher script to /home/pi/ros2_ws/install/vn_drone/lib/vn_drone
[5.325s] Installing image_subscriber script to /home/pi/ros2_ws/install/vn_drone/lib/vn_drone
[5.329s] writing list of installed files to '/home/pi/ros2_ws/build/vn_drone/install.log'
[5.550s] Invoked command in '/home/pi/ros2_ws/src/vn_drone' returned '0': PYTHONPATH=/home/pi/ros2_ws/build/vn_drone/prefix_override:/usr/lib/python3/dist-packages/colcon_core/task/python/colcon_distutils_commands:/home/pi/ros2_ws/install/vn_drone/lib/python3.10/site-packages:${PYTHONPATH} /usr/bin/python3 -W ignore:setup.py install is deprecated setup.py egg_info --egg-base ../../build/vn_drone build --build-base /home/pi/ros2_ws/build/vn_drone/build install --record /home/pi/ros2_ws/build/vn_drone/install.log --single-version-externally-managed install_data
