[4.176s] Invoking command in '/home/pi/master_thesis/ros2_ws/src/camera_publisher_py': PYTHONPATH=/home/pi/master_thesis/ros2_ws/build/camera_publisher_py/prefix_override:/usr/lib/python3/dist-packages/colcon_core/task/python/colcon_distutils_commands:/home/pi/master_thesis/ros2_ws/install/camera_publisher_py/lib/python3.10/site-packages:${PYTHONPATH} /usr/bin/python3 -W ignore:setup.py install is deprecated setup.py egg_info --egg-base ../../build/camera_publisher_py build --build-base /home/pi/master_thesis/ros2_ws/build/camera_publisher_py/build install --record /home/pi/master_thesis/ros2_ws/build/camera_publisher_py/install.log --single-version-externally-managed install_data
[5.332s] running egg_info
[5.335s] writing ../../build/camera_publisher_py/camera_publisher_py.egg-info/PKG-INFO
[5.337s] writing dependency_links to ../../build/camera_publisher_py/camera_publisher_py.egg-info/dependency_links.txt
[5.338s] writing entry points to ../../build/camera_publisher_py/camera_publisher_py.egg-info/entry_points.txt
[5.341s] writing requirements to ../../build/camera_publisher_py/camera_publisher_py.egg-info/requires.txt
[5.342s] writing top-level names to ../../build/camera_publisher_py/camera_publisher_py.egg-info/top_level.txt
[5.348s] reading manifest file '../../build/camera_publisher_py/camera_publisher_py.egg-info/SOURCES.txt'
[5.354s] writing manifest file '../../build/camera_publisher_py/camera_publisher_py.egg-info/SOURCES.txt'
[5.362s] running build
[5.365s] running build_py
[5.367s] copying camera_publisher_py/camera_subscriber.py -> /home/pi/master_thesis/ros2_ws/build/camera_publisher_py/build/lib/camera_publisher_py
[5.368s] running install
[5.370s] running install_lib
[5.374s] copying /home/pi/master_thesis/ros2_ws/build/camera_publisher_py/build/lib/camera_publisher_py/camera_subscriber.py -> /home/pi/master_thesis/ros2_ws/install/camera_publisher_py/lib/python3.10/site-packages/camera_publisher_py
[5.377s] byte-compiling /home/pi/master_thesis/ros2_ws/install/camera_publisher_py/lib/python3.10/site-packages/camera_publisher_py/camera_subscriber.py to camera_subscriber.cpython-310.pyc
[5.386s] running install_data
[5.387s] running install_egg_info
[5.394s] removing '/home/pi/master_thesis/ros2_ws/install/camera_publisher_py/lib/python3.10/site-packages/camera_publisher_py-0.0.0-py3.10.egg-info' (and everything under it)
[5.395s] Copying ../../build/camera_publisher_py/camera_publisher_py.egg-info to /home/pi/master_thesis/ros2_ws/install/camera_publisher_py/lib/python3.10/site-packages/camera_publisher_py-0.0.0-py3.10.egg-info
[5.403s] running install_scripts
[5.503s] Installing camera_publisher script to /home/pi/master_thesis/ros2_ws/install/camera_publisher_py/lib/camera_publisher_py
[5.507s] Installing camera_subscriber script to /home/pi/master_thesis/ros2_ws/install/camera_publisher_py/lib/camera_publisher_py
[5.511s] writing list of installed files to '/home/pi/master_thesis/ros2_ws/build/camera_publisher_py/install.log'
[5.755s] Invoked command in '/home/pi/master_thesis/ros2_ws/src/camera_publisher_py' returned '0': PYTHONPATH=/home/pi/master_thesis/ros2_ws/build/camera_publisher_py/prefix_override:/usr/lib/python3/dist-packages/colcon_core/task/python/colcon_distutils_commands:/home/pi/master_thesis/ros2_ws/install/camera_publisher_py/lib/python3.10/site-packages:${PYTHONPATH} /usr/bin/python3 -W ignore:setup.py install is deprecated setup.py egg_info --egg-base ../../build/camera_publisher_py build --build-base /home/pi/master_thesis/ros2_ws/build/camera_publisher_py/build install --record /home/pi/master_thesis/ros2_ws/build/camera_publisher_py/install.log --single-version-externally-managed install_data
