[0.456s] DEBUG:colcon:Command line arguments: ['/usr/bin/colcon', 'build']
[0.457s] DEBUG:colcon:Parsed command line arguments: Namespace(log_base=None, log_level=None, verb_name='build', build_base='build', install_base='install', merge_install=False, symlink_install=False, test_result_base=None, continue_on_error=False, executor='parallel', parallel_workers=4, event_handlers=None, ignore_user_meta=False, metas=['./colcon.meta'], base_paths=['.'], packages_ignore=None, packages_ignore_regex=None, paths=None, packages_up_to=None, packages_up_to_regex=None, packages_above=None, packages_above_and_dependencies=None, packages_above_depth=None, packages_select_by_dep=None, packages_skip_by_dep=None, packages_skip_up_to=None, packages_select_build_failed=False, packages_skip_build_finished=False, packages_select_test_failures=False, packages_skip_test_passed=False, packages_select=None, packages_skip=None, packages_select_regex=None, packages_skip_regex=None, packages_start=None, packages_end=None, allow_overriding=[], cmake_args=None, cmake_target=None, cmake_target_skip_unavailable=False, cmake_clean_cache=False, cmake_clean_first=False, cmake_force_configure=False, ament_cmake_args=None, catkin_cmake_args=None, catkin_skip_building_tests=False, verb_parser=<colcon_defaults.argument_parser.defaults.DefaultArgumentsDecorator object at 0xffffba5aaec0>, verb_extension=<colcon_core.verb.build.BuildVerb object at 0xffffba73faf0>, main=<bound method BuildVerb.main of <colcon_core.verb.build.BuildVerb object at 0xffffba73faf0>>)
[1.177s] Level 1:colcon.colcon_core.package_discovery:discover_packages(colcon_meta) check parameters
[1.177s] Level 1:colcon.colcon_core.package_discovery:discover_packages(recursive) check parameters
[1.178s] Level 1:colcon.colcon_core.package_discovery:discover_packages(ignore) check parameters
[1.178s] Level 1:colcon.colcon_core.package_discovery:discover_packages(path) check parameters
[1.178s] Level 1:colcon.colcon_core.package_discovery:discover_packages(colcon_meta) discover
[1.178s] Level 1:colcon.colcon_core.package_discovery:discover_packages(recursive) discover
[1.178s] INFO:colcon.colcon_core.package_discovery:Crawling recursively for packages in '/home/pi/master_thesis/ros2_ws'
[1.179s] Level 1:colcon.colcon_core.package_identification:_identify(.) by extensions ['ignore', 'ignore_ament_install']
[1.179s] Level 1:colcon.colcon_core.package_identification:_identify(.) by extension 'ignore'
[1.179s] Level 1:colcon.colcon_core.package_identification:_identify(.) by extension 'ignore_ament_install'
[1.180s] Level 1:colcon.colcon_core.package_identification:_identify(.) by extensions ['colcon_pkg']
[1.180s] Level 1:colcon.colcon_core.package_identification:_identify(.) by extension 'colcon_pkg'
[1.180s] Level 1:colcon.colcon_core.package_identification:_identify(.) by extensions ['colcon_meta']
[1.180s] Level 1:colcon.colcon_core.package_identification:_identify(.) by extension 'colcon_meta'
[1.180s] Level 1:colcon.colcon_core.package_identification:_identify(.) by extensions ['ros']
[1.181s] Level 1:colcon.colcon_core.package_identification:_identify(.) by extension 'ros'
[1.225s] Level 1:colcon.colcon_core.package_identification:_identify(.) by extensions ['cmake', 'python']
[1.226s] Level 1:colcon.colcon_core.package_identification:_identify(.) by extension 'cmake'
[1.226s] Level 1:colcon.colcon_core.package_identification:_identify(.) by extension 'python'
[1.226s] Level 1:colcon.colcon_core.package_identification:_identify(.) by extensions ['python_setup_py']
[1.226s] Level 1:colcon.colcon_core.package_identification:_identify(.) by extension 'python_setup_py'
[1.227s] Level 1:colcon.colcon_core.package_identification:_identify(build) by extensions ['ignore', 'ignore_ament_install']
[1.227s] Level 1:colcon.colcon_core.package_identification:_identify(build) by extension 'ignore'
[1.227s] Level 1:colcon.colcon_core.package_identification:_identify(build) ignored
[1.228s] Level 1:colcon.colcon_core.package_identification:_identify(install) by extensions ['ignore', 'ignore_ament_install']
[1.228s] Level 1:colcon.colcon_core.package_identification:_identify(install) by extension 'ignore'
[1.229s] Level 1:colcon.colcon_core.package_identification:_identify(install) ignored
[1.230s] Level 1:colcon.colcon_core.package_identification:_identify(log) by extensions ['ignore', 'ignore_ament_install']
[1.231s] Level 1:colcon.colcon_core.package_identification:_identify(log) by extension 'ignore'
[1.231s] Level 1:colcon.colcon_core.package_identification:_identify(log) ignored
[1.231s] Level 1:colcon.colcon_core.package_identification:_identify(src) by extensions ['ignore', 'ignore_ament_install']
[1.232s] Level 1:colcon.colcon_core.package_identification:_identify(src) by extension 'ignore'
[1.232s] Level 1:colcon.colcon_core.package_identification:_identify(src) by extension 'ignore_ament_install'
[1.232s] Level 1:colcon.colcon_core.package_identification:_identify(src) by extensions ['colcon_pkg']
[1.232s] Level 1:colcon.colcon_core.package_identification:_identify(src) by extension 'colcon_pkg'
[1.232s] Level 1:colcon.colcon_core.package_identification:_identify(src) by extensions ['colcon_meta']
[1.233s] Level 1:colcon.colcon_core.package_identification:_identify(src) by extension 'colcon_meta'
[1.233s] Level 1:colcon.colcon_core.package_identification:_identify(src) by extensions ['ros']
[1.233s] Level 1:colcon.colcon_core.package_identification:_identify(src) by extension 'ros'
[1.233s] Level 1:colcon.colcon_core.package_identification:_identify(src) by extensions ['cmake', 'python']
[1.234s] Level 1:colcon.colcon_core.package_identification:_identify(src) by extension 'cmake'
[1.234s] Level 1:colcon.colcon_core.package_identification:_identify(src) by extension 'python'
[1.234s] Level 1:colcon.colcon_core.package_identification:_identify(src) by extensions ['python_setup_py']
[1.234s] Level 1:colcon.colcon_core.package_identification:_identify(src) by extension 'python_setup_py'
[1.235s] Level 1:colcon.colcon_core.package_identification:_identify(src/build) by extensions ['ignore', 'ignore_ament_install']
[1.235s] Level 1:colcon.colcon_core.package_identification:_identify(src/build) by extension 'ignore'
[1.235s] Level 1:colcon.colcon_core.package_identification:_identify(src/build) ignored
[1.236s] Level 1:colcon.colcon_core.package_identification:_identify(src/camera_publisher_py) by extensions ['ignore', 'ignore_ament_install']
[1.236s] Level 1:colcon.colcon_core.package_identification:_identify(src/camera_publisher_py) by extension 'ignore'
[1.237s] Level 1:colcon.colcon_core.package_identification:_identify(src/camera_publisher_py) by extension 'ignore_ament_install'
[1.238s] Level 1:colcon.colcon_core.package_identification:_identify(src/camera_publisher_py) by extensions ['colcon_pkg']
[1.239s] Level 1:colcon.colcon_core.package_identification:_identify(src/camera_publisher_py) by extension 'colcon_pkg'
[1.240s] Level 1:colcon.colcon_core.package_identification:_identify(src/camera_publisher_py) by extensions ['colcon_meta']
[1.240s] Level 1:colcon.colcon_core.package_identification:_identify(src/camera_publisher_py) by extension 'colcon_meta'
[1.241s] Level 1:colcon.colcon_core.package_identification:_identify(src/camera_publisher_py) by extensions ['ros']
[1.241s] Level 1:colcon.colcon_core.package_identification:_identify(src/camera_publisher_py) by extension 'ros'
[1.251s] DEBUG:colcon.colcon_core.package_identification:Package 'src/camera_publisher_py' with type 'ros.ament_python' and name 'camera_publisher_py'
[1.252s] Level 1:colcon.colcon_core.package_identification:_identify(src/install) by extensions ['ignore', 'ignore_ament_install']
[1.253s] Level 1:colcon.colcon_core.package_identification:_identify(src/install) by extension 'ignore'
[1.253s] Level 1:colcon.colcon_core.package_identification:_identify(src/install) ignored
[1.253s] Level 1:colcon.colcon_core.package_identification:_identify(src/log) by extensions ['ignore', 'ignore_ament_install']
[1.254s] Level 1:colcon.colcon_core.package_identification:_identify(src/log) by extension 'ignore'
[1.254s] Level 1:colcon.colcon_core.package_identification:_identify(src/log) ignored
[1.255s] Level 1:colcon.colcon_core.package_identification:_identify(src/vn_drone) by extensions ['ignore', 'ignore_ament_install']
[1.255s] Level 1:colcon.colcon_core.package_identification:_identify(src/vn_drone) by extension 'ignore'
[1.256s] Level 1:colcon.colcon_core.package_identification:_identify(src/vn_drone) by extension 'ignore_ament_install'
[1.256s] Level 1:colcon.colcon_core.package_identification:_identify(src/vn_drone) by extensions ['colcon_pkg']
[1.256s] Level 1:colcon.colcon_core.package_identification:_identify(src/vn_drone) by extension 'colcon_pkg'
[1.256s] Level 1:colcon.colcon_core.package_identification:_identify(src/vn_drone) by extensions ['colcon_meta']
[1.256s] Level 1:colcon.colcon_core.package_identification:_identify(src/vn_drone) by extension 'colcon_meta'
[1.257s] Level 1:colcon.colcon_core.package_identification:_identify(src/vn_drone) by extensions ['ros']
[1.257s] Level 1:colcon.colcon_core.package_identification:_identify(src/vn_drone) by extension 'ros'
[1.259s] DEBUG:colcon.colcon_core.package_identification:Package 'src/vn_drone' with type 'ros.ament_python' and name 'vn_drone'
[1.259s] Level 1:colcon.colcon_core.package_discovery:discover_packages(recursive) using defaults
[1.259s] Level 1:colcon.colcon_core.package_discovery:discover_packages(ignore) discover
[1.260s] Level 1:colcon.colcon_core.package_discovery:discover_packages(ignore) using defaults
[1.260s] Level 1:colcon.colcon_core.package_discovery:discover_packages(path) discover
[1.260s] Level 1:colcon.colcon_core.package_discovery:discover_packages(path) using defaults
[1.347s] Level 1:colcon.colcon_core.package_discovery:discover_packages(prefix_path) check parameters
[1.347s] Level 1:colcon.colcon_core.package_discovery:discover_packages(prefix_path) discover
[1.357s] DEBUG:colcon.colcon_installed_package_information.package_discovery:Found 2 installed packages in /home/pi/master_thesis/ros2_ws/install
[1.359s] DEBUG:colcon.colcon_installed_package_information.package_discovery:Found 2 installed packages in /home/pi/ros2_ws/install
[1.366s] DEBUG:colcon.colcon_installed_package_information.package_discovery:Found 185 installed packages in /opt/ros/humble
[1.370s] Level 1:colcon.colcon_core.package_discovery:discover_packages(prefix_path) using defaults
[1.489s] Level 5:colcon.colcon_core.verb:set package 'camera_publisher_py' build argument 'cmake_args' from command line to 'None'
[1.489s] Level 5:colcon.colcon_core.verb:set package 'camera_publisher_py' build argument 'cmake_target' from command line to 'None'
[1.489s] Level 5:colcon.colcon_core.verb:set package 'camera_publisher_py' build argument 'cmake_target_skip_unavailable' from command line to 'False'
[1.489s] Level 5:colcon.colcon_core.verb:set package 'camera_publisher_py' build argument 'cmake_clean_cache' from command line to 'False'
[1.489s] Level 5:colcon.colcon_core.verb:set package 'camera_publisher_py' build argument 'cmake_clean_first' from command line to 'False'
[1.489s] Level 5:colcon.colcon_core.verb:set package 'camera_publisher_py' build argument 'cmake_force_configure' from command line to 'False'
[1.490s] Level 5:colcon.colcon_core.verb:set package 'camera_publisher_py' build argument 'ament_cmake_args' from command line to 'None'
[1.490s] Level 5:colcon.colcon_core.verb:set package 'camera_publisher_py' build argument 'catkin_cmake_args' from command line to 'None'
[1.490s] Level 5:colcon.colcon_core.verb:set package 'camera_publisher_py' build argument 'catkin_skip_building_tests' from command line to 'False'
[1.490s] DEBUG:colcon.colcon_core.verb:Building package 'camera_publisher_py' with the following arguments: {'ament_cmake_args': None, 'build_base': '/home/pi/master_thesis/ros2_ws/build/camera_publisher_py', 'catkin_cmake_args': None, 'catkin_skip_building_tests': False, 'cmake_args': None, 'cmake_clean_cache': False, 'cmake_clean_first': False, 'cmake_force_configure': False, 'cmake_target': None, 'cmake_target_skip_unavailable': False, 'install_base': '/home/pi/master_thesis/ros2_ws/install/camera_publisher_py', 'merge_install': False, 'path': '/home/pi/master_thesis/ros2_ws/src/camera_publisher_py', 'symlink_install': False, 'test_result_base': None}
[1.492s] Level 5:colcon.colcon_core.verb:set package 'vn_drone' build argument 'cmake_args' from command line to 'None'
[1.492s] Level 5:colcon.colcon_core.verb:set package 'vn_drone' build argument 'cmake_target' from command line to 'None'
[1.492s] Level 5:colcon.colcon_core.verb:set package 'vn_drone' build argument 'cmake_target_skip_unavailable' from command line to 'False'
[1.492s] Level 5:colcon.colcon_core.verb:set package 'vn_drone' build argument 'cmake_clean_cache' from command line to 'False'
[1.492s] Level 5:colcon.colcon_core.verb:set package 'vn_drone' build argument 'cmake_clean_first' from command line to 'False'
[1.493s] Level 5:colcon.colcon_core.verb:set package 'vn_drone' build argument 'cmake_force_configure' from command line to 'False'
[1.493s] Level 5:colcon.colcon_core.verb:set package 'vn_drone' build argument 'ament_cmake_args' from command line to 'None'
[1.493s] Level 5:colcon.colcon_core.verb:set package 'vn_drone' build argument 'catkin_cmake_args' from command line to 'None'
[1.493s] Level 5:colcon.colcon_core.verb:set package 'vn_drone' build argument 'catkin_skip_building_tests' from command line to 'False'
[1.493s] DEBUG:colcon.colcon_core.verb:Building package 'vn_drone' with the following arguments: {'ament_cmake_args': None, 'build_base': '/home/pi/master_thesis/ros2_ws/build/vn_drone', 'catkin_cmake_args': None, 'catkin_skip_building_tests': False, 'cmake_args': None, 'cmake_clean_cache': False, 'cmake_clean_first': False, 'cmake_force_configure': False, 'cmake_target': None, 'cmake_target_skip_unavailable': False, 'install_base': '/home/pi/master_thesis/ros2_ws/install/vn_drone', 'merge_install': False, 'path': '/home/pi/master_thesis/ros2_ws/src/vn_drone', 'symlink_install': False, 'test_result_base': None}
[1.494s] INFO:colcon.colcon_core.executor:Executing jobs using 'parallel' executor
[1.497s] DEBUG:colcon.colcon_parallel_executor.executor.parallel:run_until_complete
[1.499s] INFO:colcon.colcon_ros.task.ament_python.build:Building ROS package in '/home/pi/master_thesis/ros2_ws/src/camera_publisher_py' with build type 'ament_python'
[1.499s] Level 1:colcon.colcon_core.shell:create_environment_hook('camera_publisher_py', 'ament_prefix_path')
[1.509s] INFO:colcon.colcon_core.plugin_system:Skipping extension 'colcon_core.shell.bat': Not used on non-Windows systems
[1.510s] INFO:colcon.colcon_core.shell:Creating environment hook '/home/pi/master_thesis/ros2_ws/install/camera_publisher_py/share/camera_publisher_py/hook/ament_prefix_path.ps1'
[1.513s] INFO:colcon.colcon_core.shell:Creating environment descriptor '/home/pi/master_thesis/ros2_ws/install/camera_publisher_py/share/camera_publisher_py/hook/ament_prefix_path.dsv'
[1.515s] INFO:colcon.colcon_core.shell:Creating environment hook '/home/pi/master_thesis/ros2_ws/install/camera_publisher_py/share/camera_publisher_py/hook/ament_prefix_path.sh'
[1.519s] INFO:colcon.colcon_core.shell:Skip shell extension 'powershell' for command environment: Not usable outside of PowerShell
[1.520s] DEBUG:colcon.colcon_core.shell:Skip shell extension 'dsv' for command environment
[1.542s] INFO:colcon.colcon_ros.task.ament_python.build:Building ROS package in '/home/pi/master_thesis/ros2_ws/src/vn_drone' with build type 'ament_python'
[1.544s] Level 1:colcon.colcon_core.shell:create_environment_hook('vn_drone', 'ament_prefix_path')
[1.546s] INFO:colcon.colcon_core.shell:Creating environment hook '/home/pi/master_thesis/ros2_ws/install/vn_drone/share/vn_drone/hook/ament_prefix_path.ps1'
[1.549s] INFO:colcon.colcon_core.shell:Creating environment descriptor '/home/pi/master_thesis/ros2_ws/install/vn_drone/share/vn_drone/hook/ament_prefix_path.dsv'
[1.551s] INFO:colcon.colcon_core.shell:Creating environment hook '/home/pi/master_thesis/ros2_ws/install/vn_drone/share/vn_drone/hook/ament_prefix_path.sh'
[1.554s] INFO:colcon.colcon_core.shell:Skip shell extension 'powershell' for command environment: Not usable outside of PowerShell
[1.554s] DEBUG:colcon.colcon_core.shell:Skip shell extension 'dsv' for command environment
[2.695s] INFO:colcon.colcon_core.task.python.build:Building Python package in '/home/pi/master_thesis/ros2_ws/src/camera_publisher_py'
[2.696s] INFO:colcon.colcon_core.shell:Skip shell extension 'powershell' for command environment: Not usable outside of PowerShell
[2.696s] DEBUG:colcon.colcon_core.shell:Skip shell extension 'dsv' for command environment
[3.803s] INFO:colcon.colcon_core.task.python.build:Building Python package in '/home/pi/master_thesis/ros2_ws/src/vn_drone'
[3.804s] INFO:colcon.colcon_core.shell:Skip shell extension 'powershell' for command environment: Not usable outside of PowerShell
[3.804s] DEBUG:colcon.colcon_core.shell:Skip shell extension 'dsv' for command environment
[5.636s] DEBUG:colcon.colcon_core.event_handler.log_command:Invoking command in '/home/pi/master_thesis/ros2_ws/src/camera_publisher_py': PYTHONPATH=/home/pi/master_thesis/ros2_ws/build/camera_publisher_py/prefix_override:/usr/lib/python3/dist-packages/colcon_core/task/python/colcon_distutils_commands:/home/pi/master_thesis/ros2_ws/install/camera_publisher_py/lib/python3.10/site-packages:${PYTHONPATH} /usr/bin/python3 -W ignore:setup.py install is deprecated setup.py egg_info --egg-base ../../build/camera_publisher_py build --build-base /home/pi/master_thesis/ros2_ws/build/camera_publisher_py/build install --record /home/pi/master_thesis/ros2_ws/build/camera_publisher_py/install.log --single-version-externally-managed install_data
[5.667s] DEBUG:colcon.colcon_core.event_handler.log_command:Invoking command in '/home/pi/master_thesis/ros2_ws/src/vn_drone': PYTHONPATH=/home/pi/master_thesis/ros2_ws/build/vn_drone/prefix_override:/usr/lib/python3/dist-packages/colcon_core/task/python/colcon_distutils_commands:/home/pi/master_thesis/ros2_ws/install/vn_drone/lib/python3.10/site-packages:${PYTHONPATH} /usr/bin/python3 -W ignore:setup.py install is deprecated setup.py egg_info --egg-base ../../build/vn_drone build --build-base /home/pi/master_thesis/ros2_ws/build/vn_drone/build install --record /home/pi/master_thesis/ros2_ws/build/vn_drone/install.log --single-version-externally-managed install_data
[7.165s] DEBUG:colcon.colcon_core.event_handler.log_command:Invoked command in '/home/pi/master_thesis/ros2_ws/src/camera_publisher_py' returned '0': PYTHONPATH=/home/pi/master_thesis/ros2_ws/build/camera_publisher_py/prefix_override:/usr/lib/python3/dist-packages/colcon_core/task/python/colcon_distutils_commands:/home/pi/master_thesis/ros2_ws/install/camera_publisher_py/lib/python3.10/site-packages:${PYTHONPATH} /usr/bin/python3 -W ignore:setup.py install is deprecated setup.py egg_info --egg-base ../../build/camera_publisher_py build --build-base /home/pi/master_thesis/ros2_ws/build/camera_publisher_py/build install --record /home/pi/master_thesis/ros2_ws/build/camera_publisher_py/install.log --single-version-externally-managed install_data
[7.199s] Level 1:colcon.colcon_core.environment:checking '/home/pi/master_thesis/ros2_ws/install/camera_publisher_py' for CMake module files
[7.202s] Level 1:colcon.colcon_core.environment:checking '/home/pi/master_thesis/ros2_ws/install/camera_publisher_py' for CMake config files
[7.209s] Level 1:colcon.colcon_core.environment:checking '/home/pi/master_thesis/ros2_ws/install/camera_publisher_py/lib'
[7.211s] Level 1:colcon.colcon_core.environment:checking '/home/pi/master_thesis/ros2_ws/install/camera_publisher_py/bin'
[7.212s] Level 1:colcon.colcon_core.environment:checking '/home/pi/master_thesis/ros2_ws/install/camera_publisher_py/lib/pkgconfig/camera_publisher_py.pc'
[7.213s] Level 1:colcon.colcon_core.environment:checking '/home/pi/master_thesis/ros2_ws/install/camera_publisher_py/lib/python3.10/site-packages'
[7.214s] Level 1:colcon.colcon_core.shell:create_environment_hook('camera_publisher_py', 'pythonpath')
[7.215s] INFO:colcon.colcon_core.shell:Creating environment hook '/home/pi/master_thesis/ros2_ws/install/camera_publisher_py/share/camera_publisher_py/hook/pythonpath.ps1'
[7.218s] INFO:colcon.colcon_core.shell:Creating environment descriptor '/home/pi/master_thesis/ros2_ws/install/camera_publisher_py/share/camera_publisher_py/hook/pythonpath.dsv'
[7.220s] INFO:colcon.colcon_core.shell:Creating environment hook '/home/pi/master_thesis/ros2_ws/install/camera_publisher_py/share/camera_publisher_py/hook/pythonpath.sh'
[7.224s] Level 1:colcon.colcon_core.environment:checking '/home/pi/master_thesis/ros2_ws/install/camera_publisher_py/bin'
[7.224s] Level 1:colcon.colcon_core.environment:create_environment_scripts_only(camera_publisher_py)
[7.226s] INFO:colcon.colcon_core.shell:Creating package script '/home/pi/master_thesis/ros2_ws/install/camera_publisher_py/share/camera_publisher_py/package.ps1'
[7.231s] INFO:colcon.colcon_core.shell:Creating package descriptor '/home/pi/master_thesis/ros2_ws/install/camera_publisher_py/share/camera_publisher_py/package.dsv'
[7.235s] INFO:colcon.colcon_core.shell:Creating package script '/home/pi/master_thesis/ros2_ws/install/camera_publisher_py/share/camera_publisher_py/package.sh'
[7.243s] INFO:colcon.colcon_core.shell:Creating package script '/home/pi/master_thesis/ros2_ws/install/camera_publisher_py/share/camera_publisher_py/package.bash'
[7.246s] INFO:colcon.colcon_core.shell:Creating package script '/home/pi/master_thesis/ros2_ws/install/camera_publisher_py/share/camera_publisher_py/package.zsh'
[7.250s] Level 1:colcon.colcon_core.environment:create_file_with_runtime_dependencies(/home/pi/master_thesis/ros2_ws/install/camera_publisher_py/share/colcon-core/packages/camera_publisher_py)
[7.255s] Level 1:colcon.colcon_core.environment:checking '/home/pi/master_thesis/ros2_ws/install/vn_drone' for CMake module files
[7.259s] DEBUG:colcon.colcon_core.event_handler.log_command:Invoked command in '/home/pi/master_thesis/ros2_ws/src/vn_drone' returned '0': PYTHONPATH=/home/pi/master_thesis/ros2_ws/build/vn_drone/prefix_override:/usr/lib/python3/dist-packages/colcon_core/task/python/colcon_distutils_commands:/home/pi/master_thesis/ros2_ws/install/vn_drone/lib/python3.10/site-packages:${PYTHONPATH} /usr/bin/python3 -W ignore:setup.py install is deprecated setup.py egg_info --egg-base ../../build/vn_drone build --build-base /home/pi/master_thesis/ros2_ws/build/vn_drone/build install --record /home/pi/master_thesis/ros2_ws/build/vn_drone/install.log --single-version-externally-managed install_data
[7.261s] Level 1:colcon.colcon_core.environment:checking '/home/pi/master_thesis/ros2_ws/install/vn_drone' for CMake config files
[7.265s] Level 1:colcon.colcon_core.environment:checking '/home/pi/master_thesis/ros2_ws/install/vn_drone/lib'
[7.265s] Level 1:colcon.colcon_core.environment:checking '/home/pi/master_thesis/ros2_ws/install/vn_drone/bin'
[7.266s] Level 1:colcon.colcon_core.environment:checking '/home/pi/master_thesis/ros2_ws/install/vn_drone/lib/pkgconfig/vn_drone.pc'
[7.267s] Level 1:colcon.colcon_core.environment:checking '/home/pi/master_thesis/ros2_ws/install/vn_drone/lib/python3.10/site-packages'
[7.267s] Level 1:colcon.colcon_core.shell:create_environment_hook('vn_drone', 'pythonpath')
[7.268s] INFO:colcon.colcon_core.shell:Creating environment hook '/home/pi/master_thesis/ros2_ws/install/vn_drone/share/vn_drone/hook/pythonpath.ps1'
[7.271s] INFO:colcon.colcon_core.shell:Creating environment descriptor '/home/pi/master_thesis/ros2_ws/install/vn_drone/share/vn_drone/hook/pythonpath.dsv'
[7.273s] INFO:colcon.colcon_core.shell:Creating environment hook '/home/pi/master_thesis/ros2_ws/install/vn_drone/share/vn_drone/hook/pythonpath.sh'
[7.277s] Level 1:colcon.colcon_core.environment:checking '/home/pi/master_thesis/ros2_ws/install/vn_drone/bin'
[7.277s] Level 1:colcon.colcon_core.environment:create_environment_scripts_only(vn_drone)
[7.279s] INFO:colcon.colcon_core.shell:Creating package script '/home/pi/master_thesis/ros2_ws/install/vn_drone/share/vn_drone/package.ps1'
[7.281s] INFO:colcon.colcon_core.shell:Creating package descriptor '/home/pi/master_thesis/ros2_ws/install/vn_drone/share/vn_drone/package.dsv'
[7.283s] INFO:colcon.colcon_core.shell:Creating package script '/home/pi/master_thesis/ros2_ws/install/vn_drone/share/vn_drone/package.sh'
[7.286s] INFO:colcon.colcon_core.shell:Creating package script '/home/pi/master_thesis/ros2_ws/install/vn_drone/share/vn_drone/package.bash'
[7.288s] INFO:colcon.colcon_core.shell:Creating package script '/home/pi/master_thesis/ros2_ws/install/vn_drone/share/vn_drone/package.zsh'
[7.290s] Level 1:colcon.colcon_core.environment:create_file_with_runtime_dependencies(/home/pi/master_thesis/ros2_ws/install/vn_drone/share/colcon-core/packages/vn_drone)
[7.291s] DEBUG:colcon.colcon_parallel_executor.executor.parallel:closing loop
[7.293s] DEBUG:colcon.colcon_parallel_executor.executor.parallel:loop closed
[7.294s] DEBUG:colcon.colcon_parallel_executor.executor.parallel:run_until_complete finished with '0'
[7.296s] DEBUG:colcon.colcon_core.event_reactor:joining thread
[7.316s] INFO:colcon.colcon_core.plugin_system:Skipping extension 'colcon_notification.desktop_notification.notify_send': Could not find 'notify-send'
[7.316s] INFO:colcon.colcon_core.plugin_system:Skipping extension 'colcon_notification.desktop_notification.terminal_notifier': Not used on non-Darwin systems
[7.317s] INFO:colcon.colcon_core.plugin_system:Skipping extension 'colcon_notification.desktop_notification.win32': Not used on non-Windows systems
[7.317s] INFO:colcon.colcon_notification.desktop_notification:Sending desktop notification using 'notify2'
[7.320s] DEBUG:colcon.colcon_notification.desktop_notification.notify2:Failed to initialize notify2: org.freedesktop.DBus.Error.ServiceUnknown: The name org.freedesktop.Notifications was not provided by any .service files
[7.320s] DEBUG:colcon.colcon_core.event_reactor:joined thread
[7.321s] INFO:colcon.colcon_core.shell:Creating prefix script '/home/pi/master_thesis/ros2_ws/install/local_setup.ps1'
[7.325s] INFO:colcon.colcon_core.shell:Creating prefix util module '/home/pi/master_thesis/ros2_ws/install/_local_setup_util_ps1.py'
[7.331s] INFO:colcon.colcon_core.shell:Creating prefix chain script '/home/pi/master_thesis/ros2_ws/install/setup.ps1'
[7.340s] INFO:colcon.colcon_core.shell:Creating prefix script '/home/pi/master_thesis/ros2_ws/install/local_setup.sh'
[7.344s] INFO:colcon.colcon_core.shell:Creating prefix util module '/home/pi/master_thesis/ros2_ws/install/_local_setup_util_sh.py'
[7.347s] INFO:colcon.colcon_core.shell:Creating prefix chain script '/home/pi/master_thesis/ros2_ws/install/setup.sh'
[7.354s] INFO:colcon.colcon_core.shell:Creating prefix script '/home/pi/master_thesis/ros2_ws/install/local_setup.bash'
[7.357s] INFO:colcon.colcon_core.shell:Creating prefix chain script '/home/pi/master_thesis/ros2_ws/install/setup.bash'
[7.363s] INFO:colcon.colcon_core.shell:Creating prefix script '/home/pi/master_thesis/ros2_ws/install/local_setup.zsh'
[7.366s] INFO:colcon.colcon_core.shell:Creating prefix chain script '/home/pi/master_thesis/ros2_ws/install/setup.zsh'
