[3.824s] Invoking command in '/home/pi/ros2_ws/src/camera_publisher_py': PYTHONPATH=/home/pi/ros2_ws/build/camera_publisher_py/prefix_override:/usr/lib/python3/dist-packages/colcon_core/task/python/colcon_distutils_commands:/home/pi/ros2_ws/install/camera_publisher_py/lib/python3.10/site-packages:${PYTHONPATH} /usr/bin/python3 -W ignore:setup.py install is deprecated setup.py egg_info --egg-base ../../build/camera_publisher_py build --build-base /home/pi/ros2_ws/build/camera_publisher_py/build install --record /home/pi/ros2_ws/build/camera_publisher_py/install.log --single-version-externally-managed install_data
[4.893s] running egg_info
[4.897s] writing ../../build/camera_publisher_py/camera_publisher_py.egg-info/PKG-INFO
[4.900s] writing dependency_links to ../../build/camera_publisher_py/camera_publisher_py.egg-info/dependency_links.txt
[4.901s] writing entry points to ../../build/camera_publisher_py/camera_publisher_py.egg-info/entry_points.txt
[4.904s] writing requirements to ../../build/camera_publisher_py/camera_publisher_py.egg-info/requires.txt
[4.904s] writing top-level names to ../../build/camera_publisher_py/camera_publisher_py.egg-info/top_level.txt
[4.910s] reading manifest file '../../build/camera_publisher_py/camera_publisher_py.egg-info/SOURCES.txt'
[4.914s] writing manifest file '../../build/camera_publisher_py/camera_publisher_py.egg-info/SOURCES.txt'
[4.916s] running build
[4.917s] running build_py
[4.917s] copying camera_publisher_py/camera_subsciber.py -> /home/pi/ros2_ws/build/camera_publisher_py/build/lib/camera_publisher_py
[4.921s] running install
[4.921s] running install_lib
[4.930s] copying /home/pi/ros2_ws/build/camera_publisher_py/build/lib/camera_publisher_py/camera_subsciber.py -> /home/pi/ros2_ws/install/camera_publisher_py/lib/python3.10/site-packages/camera_publisher_py
[4.936s] byte-compiling /home/pi/ros2_ws/install/camera_publisher_py/lib/python3.10/site-packages/camera_publisher_py/camera_subsciber.py to camera_subsciber.cpython-310.pyc
[4.942s] running install_data
[4.943s] running install_egg_info
[4.947s] removing '/home/pi/ros2_ws/install/camera_publisher_py/lib/python3.10/site-packages/camera_publisher_py-0.0.0-py3.10.egg-info' (and everything under it)
[4.951s] Copying ../../build/camera_publisher_py/camera_publisher_py.egg-info to /home/pi/ros2_ws/install/camera_publisher_py/lib/python3.10/site-packages/camera_publisher_py-0.0.0-py3.10.egg-info
[4.957s] running install_scripts
[5.047s] Installing camera_publisher script to /home/pi/ros2_ws/install/camera_publisher_py/lib/camera_publisher_py
[5.048s] writing list of installed files to '/home/pi/ros2_ws/build/camera_publisher_py/install.log'
[5.220s] Invoked command in '/home/pi/ros2_ws/src/camera_publisher_py' returned '0': PYTHONPATH=/home/pi/ros2_ws/build/camera_publisher_py/prefix_override:/usr/lib/python3/dist-packages/colcon_core/task/python/colcon_distutils_commands:/home/pi/ros2_ws/install/camera_publisher_py/lib/python3.10/site-packages:${PYTHONPATH} /usr/bin/python3 -W ignore:setup.py install is deprecated setup.py egg_info --egg-base ../../build/camera_publisher_py build --build-base /home/pi/ros2_ws/build/camera_publisher_py/build install --record /home/pi/ros2_ws/build/camera_publisher_py/install.log --single-version-externally-managed install_data
