[2.432s] Invoking command in '/home/pi/ros2_ws/src/vn_drone': PYTHONPATH=/home/pi/ros2_ws/build/vn_drone/prefix_override:/usr/lib/python3/dist-packages/colcon_core/task/python/colcon_distutils_commands:/home/pi/ros2_ws/install/vn_drone/lib/python3.10/site-packages:${PYTHONPATH} /usr/bin/python3 -W ignore:setup.py install is deprecated setup.py egg_info --egg-base ../../build/vn_drone build --build-base /home/pi/ros2_ws/build/vn_drone/build install --record /home/pi/ros2_ws/build/vn_drone/install.log --single-version-externally-managed install_data
[3.347s] running egg_info
[3.350s] writing ../../build/vn_drone/vn_drone.egg-info/PKG-INFO
[3.351s] writing dependency_links to ../../build/vn_drone/vn_drone.egg-info/dependency_links.txt
[3.352s] writing entry points to ../../build/vn_drone/vn_drone.egg-info/entry_points.txt
[3.353s] writing requirements to ../../build/vn_drone/vn_drone.egg-info/requires.txt
[3.353s] writing top-level names to ../../build/vn_drone/vn_drone.egg-info/top_level.txt
[3.360s] reading manifest file '../../build/vn_drone/vn_drone.egg-info/SOURCES.txt'
[3.364s] writing manifest file '../../build/vn_drone/vn_drone.egg-info/SOURCES.txt'
[3.365s] running build
[3.365s] running build_py
[3.367s] running install
[3.368s] running install_lib
[3.374s] running install_data
[3.374s] running install_egg_info
[3.381s] removing '/home/pi/ros2_ws/install/vn_drone/lib/python3.10/site-packages/vn_drone-0.0.0-py3.10.egg-info' (and everything under it)
[3.382s] Copying ../../build/vn_drone/vn_drone.egg-info to /home/pi/ros2_ws/install/vn_drone/lib/python3.10/site-packages/vn_drone-0.0.0-py3.10.egg-info
[3.387s] running install_scripts
[3.465s] Installing image_publisher script to /home/pi/ros2_ws/install/vn_drone/lib/vn_drone
[3.466s] Installing image_subscriber script to /home/pi/ros2_ws/install/vn_drone/lib/vn_drone
[3.467s] writing list of installed files to '/home/pi/ros2_ws/build/vn_drone/install.log'
[3.578s] Invoked command in '/home/pi/ros2_ws/src/vn_drone' returned '0': PYTHONPATH=/home/pi/ros2_ws/build/vn_drone/prefix_override:/usr/lib/python3/dist-packages/colcon_core/task/python/colcon_distutils_commands:/home/pi/ros2_ws/install/vn_drone/lib/python3.10/site-packages:${PYTHONPATH} /usr/bin/python3 -W ignore:setup.py install is deprecated setup.py egg_info --egg-base ../../build/vn_drone build --build-base /home/pi/ros2_ws/build/vn_drone/build install --record /home/pi/ros2_ws/build/vn_drone/install.log --single-version-externally-managed install_data
