[4.055s] Invoking command in '/home/pi/master_thesis/ros2_ws/src/vn_drone': PYTHONPATH=/home/pi/master_thesis/ros2_ws/build/vn_drone/prefix_override:/usr/lib/python3/dist-packages/colcon_core/task/python/colcon_distutils_commands:/home/pi/master_thesis/ros2_ws/install/vn_drone/lib/python3.10/site-packages:${PYTHONPATH} /usr/bin/python3 -W ignore:setup.py install is deprecated setup.py egg_info --egg-base ../../build/vn_drone build --build-base /home/pi/master_thesis/ros2_ws/build/vn_drone/build install --record /home/pi/master_thesis/ros2_ws/build/vn_drone/install.log --single-version-externally-managed install_data
[5.191s] running egg_info
[5.194s] writing ../../build/vn_drone/vn_drone.egg-info/PKG-INFO
[5.197s] writing dependency_links to ../../build/vn_drone/vn_drone.egg-info/dependency_links.txt
[5.198s] writing entry points to ../../build/vn_drone/vn_drone.egg-info/entry_points.txt
[5.199s] writing requirements to ../../build/vn_drone/vn_drone.egg-info/requires.txt
[5.200s] writing top-level names to ../../build/vn_drone/vn_drone.egg-info/top_level.txt
[5.206s] reading manifest file '../../build/vn_drone/vn_drone.egg-info/SOURCES.txt'
[5.210s] writing manifest file '../../build/vn_drone/vn_drone.egg-info/SOURCES.txt'
[5.211s] running build
[5.211s] running build_py
[5.213s] running install
[5.216s] running install_lib
[5.222s] running install_data
[5.223s] running install_egg_info
[5.232s] removing '/home/pi/master_thesis/ros2_ws/install/vn_drone/lib/python3.10/site-packages/vn_drone-0.0.0-py3.10.egg-info' (and everything under it)
[5.233s] Copying ../../build/vn_drone/vn_drone.egg-info to /home/pi/master_thesis/ros2_ws/install/vn_drone/lib/python3.10/site-packages/vn_drone-0.0.0-py3.10.egg-info
[5.240s] running install_scripts
[5.346s] Installing image_publisher script to /home/pi/master_thesis/ros2_ws/install/vn_drone/lib/vn_drone
[5.348s] Installing image_subscriber script to /home/pi/master_thesis/ros2_ws/install/vn_drone/lib/vn_drone
[5.353s] writing list of installed files to '/home/pi/master_thesis/ros2_ws/build/vn_drone/install.log'
[5.563s] Invoked command in '/home/pi/master_thesis/ros2_ws/src/vn_drone' returned '0': PYTHONPATH=/home/pi/master_thesis/ros2_ws/build/vn_drone/prefix_override:/usr/lib/python3/dist-packages/colcon_core/task/python/colcon_distutils_commands:/home/pi/master_thesis/ros2_ws/install/vn_drone/lib/python3.10/site-packages:${PYTHONPATH} /usr/bin/python3 -W ignore:setup.py install is deprecated setup.py egg_info --egg-base ../../build/vn_drone build --build-base /home/pi/master_thesis/ros2_ws/build/vn_drone/build install --record /home/pi/master_thesis/ros2_ws/build/vn_drone/install.log --single-version-externally-managed install_data
