[3.775s] Invoking command in '/home/pi/ros2_ws/src/vn_drone': PYTHONPATH=/home/pi/ros2_ws/build/vn_drone/prefix_override:/usr/lib/python3/dist-packages/colcon_core/task/python/colcon_distutils_commands:/home/pi/ros2_ws/install/vn_drone/lib/python3.10/site-packages:${PYTHONPATH} /usr/bin/python3 -W ignore:setup.py install is deprecated setup.py egg_info --egg-base ../../build/vn_drone build --build-base /home/pi/ros2_ws/build/vn_drone/build install --record /home/pi/ros2_ws/build/vn_drone/install.log --single-version-externally-managed install_data
[4.836s] running egg_info
[4.839s] writing ../../build/vn_drone/vn_drone.egg-info/PKG-INFO
[4.840s] writing dependency_links to ../../build/vn_drone/vn_drone.egg-info/dependency_links.txt
[4.842s] writing entry points to ../../build/vn_drone/vn_drone.egg-info/entry_points.txt
[4.842s] writing requirements to ../../build/vn_drone/vn_drone.egg-info/requires.txt
[4.843s] writing top-level names to ../../build/vn_drone/vn_drone.egg-info/top_level.txt
[4.851s] reading manifest file '../../build/vn_drone/vn_drone.egg-info/SOURCES.txt'
[4.856s] writing manifest file '../../build/vn_drone/vn_drone.egg-info/SOURCES.txt'
[4.857s] running build
[4.857s] running build_py
[4.859s] running install
[4.860s] running install_lib
[4.867s] running install_data
[4.868s] running install_egg_info
[4.877s] removing '/home/pi/ros2_ws/install/vn_drone/lib/python3.10/site-packages/vn_drone-0.0.0-py3.10.egg-info' (and everything under it)
[4.880s] Copying ../../build/vn_drone/vn_drone.egg-info to /home/pi/ros2_ws/install/vn_drone/lib/python3.10/site-packages/vn_drone-0.0.0-py3.10.egg-info
[4.888s] running install_scripts
[4.986s] Installing image_publisher script to /home/pi/ros2_ws/install/vn_drone/lib/vn_drone
[4.988s] Installing image_subscriber script to /home/pi/ros2_ws/install/vn_drone/lib/vn_drone
[4.991s] writing list of installed files to '/home/pi/ros2_ws/build/vn_drone/install.log'
[5.230s] Invoked command in '/home/pi/ros2_ws/src/vn_drone' returned '0': PYTHONPATH=/home/pi/ros2_ws/build/vn_drone/prefix_override:/usr/lib/python3/dist-packages/colcon_core/task/python/colcon_distutils_commands:/home/pi/ros2_ws/install/vn_drone/lib/python3.10/site-packages:${PYTHONPATH} /usr/bin/python3 -W ignore:setup.py install is deprecated setup.py egg_info --egg-base ../../build/vn_drone build --build-base /home/pi/ros2_ws/build/vn_drone/build install --record /home/pi/ros2_ws/build/vn_drone/install.log --single-version-externally-managed install_data
