[4.167s] Invoking command in '/home/pi/ros2_ws/src/camera_publisher_py': PYTHONPATH=/home/pi/ros2_ws/build/camera_publisher_py/prefix_override:/usr/lib/python3/dist-packages/colcon_core/task/python/colcon_distutils_commands:/home/pi/ros2_ws/install/camera_publisher_py/lib/python3.10/site-packages:${PYTHONPATH} /usr/bin/python3 -W ignore:setup.py install is deprecated setup.py egg_info --egg-base ../../build/camera_publisher_py build --build-base /home/pi/ros2_ws/build/camera_publisher_py/build install --record /home/pi/ros2_ws/build/camera_publisher_py/install.log --single-version-externally-managed install_data
[5.327s] running egg_info
[5.330s] writing ../../build/camera_publisher_py/camera_publisher_py.egg-info/PKG-INFO
[5.332s] writing dependency_links to ../../build/camera_publisher_py/camera_publisher_py.egg-info/dependency_links.txt
[5.334s] writing entry points to ../../build/camera_publisher_py/camera_publisher_py.egg-info/entry_points.txt
[5.335s] writing requirements to ../../build/camera_publisher_py/camera_publisher_py.egg-info/requires.txt
[5.335s] writing top-level names to ../../build/camera_publisher_py/camera_publisher_py.egg-info/top_level.txt
[5.341s] reading manifest file '../../build/camera_publisher_py/camera_publisher_py.egg-info/SOURCES.txt'
[5.345s] writing manifest file '../../build/camera_publisher_py/camera_publisher_py.egg-info/SOURCES.txt'
[5.347s] running build
[5.347s] running build_py
[5.348s] copying camera_publisher_py/camera_subscriber.py -> /home/pi/ros2_ws/build/camera_publisher_py/build/lib/camera_publisher_py
[5.349s] running install
[5.350s] running install_lib
[5.361s] copying /home/pi/ros2_ws/build/camera_publisher_py/build/lib/camera_publisher_py/camera_subscriber.py -> /home/pi/ros2_ws/install/camera_publisher_py/lib/python3.10/site-packages/camera_publisher_py
[5.367s] byte-compiling /home/pi/ros2_ws/install/camera_publisher_py/lib/python3.10/site-packages/camera_publisher_py/camera_subscriber.py to camera_subscriber.cpython-310.pyc
[5.372s] running install_data
[5.373s] running install_egg_info
[5.384s] removing '/home/pi/ros2_ws/install/camera_publisher_py/lib/python3.10/site-packages/camera_publisher_py-0.0.0-py3.10.egg-info' (and everything under it)
[5.387s] Copying ../../build/camera_publisher_py/camera_publisher_py.egg-info to /home/pi/ros2_ws/install/camera_publisher_py/lib/python3.10/site-packages/camera_publisher_py-0.0.0-py3.10.egg-info
[5.396s] running install_scripts
[5.494s] Installing camera_publisher script to /home/pi/ros2_ws/install/camera_publisher_py/lib/camera_publisher_py
[5.495s] Installing camera_subscriber script to /home/pi/ros2_ws/install/camera_publisher_py/lib/camera_publisher_py
[5.497s] writing list of installed files to '/home/pi/ros2_ws/build/camera_publisher_py/install.log'
[5.656s] Invoked command in '/home/pi/ros2_ws/src/camera_publisher_py' returned '0': PYTHONPATH=/home/pi/ros2_ws/build/camera_publisher_py/prefix_override:/usr/lib/python3/dist-packages/colcon_core/task/python/colcon_distutils_commands:/home/pi/ros2_ws/install/camera_publisher_py/lib/python3.10/site-packages:${PYTHONPATH} /usr/bin/python3 -W ignore:setup.py install is deprecated setup.py egg_info --egg-base ../../build/camera_publisher_py build --build-base /home/pi/ros2_ws/build/camera_publisher_py/build install --record /home/pi/ros2_ws/build/camera_publisher_py/install.log --single-version-externally-managed install_data
