running egg_info
creating ../../build/camera_publisher_py/camera_publisher_py.egg-info
writing ../../build/camera_publisher_py/camera_publisher_py.egg-info/PKG-INFO
writing dependency_links to ../../build/camera_publisher_py/camera_publisher_py.egg-info/dependency_links.txt
writing entry points to ../../build/camera_publisher_py/camera_publisher_py.egg-info/entry_points.txt
writing requirements to ../../build/camera_publisher_py/camera_publisher_py.egg-info/requires.txt
writing top-level names to ../../build/camera_publisher_py/camera_publisher_py.egg-info/top_level.txt
writing manifest file '../../build/camera_publisher_py/camera_publisher_py.egg-info/SOURCES.txt'
reading manifest file '../../build/camera_publisher_py/camera_publisher_py.egg-info/SOURCES.txt'
writing manifest file '../../build/camera_publisher_py/camera_publisher_py.egg-info/SOURCES.txt'
running build
running build_py
creating /home/pi/ros2_ws/build/camera_publisher_py/build
creating /home/pi/ros2_ws/build/camera_publisher_py/build/lib
creating /home/pi/ros2_ws/build/camera_publisher_py/build/lib/camera_publisher_py
copying camera_publisher_py/__init__.py -> /home/pi/ros2_ws/build/camera_publisher_py/build/lib/camera_publisher_py
copying camera_publisher_py/camera_publisher.py -> /home/pi/ros2_ws/build/camera_publisher_py/build/lib/camera_publisher_py
running install
running install_lib
creating /home/pi/ros2_ws/install/camera_publisher_py/lib/python3.10/site-packages/camera_publisher_py
copying /home/pi/ros2_ws/build/camera_publisher_py/build/lib/camera_publisher_py/__init__.py -> /home/pi/ros2_ws/install/camera_publisher_py/lib/python3.10/site-packages/camera_publisher_py
copying /home/pi/ros2_ws/build/camera_publisher_py/build/lib/camera_publisher_py/camera_publisher.py -> /home/pi/ros2_ws/install/camera_publisher_py/lib/python3.10/site-packages/camera_publisher_py
byte-compiling /home/pi/ros2_ws/install/camera_publisher_py/lib/python3.10/site-packages/camera_publisher_py/__init__.py to __init__.cpython-310.pyc
byte-compiling /home/pi/ros2_ws/install/camera_publisher_py/lib/python3.10/site-packages/camera_publisher_py/camera_publisher.py to camera_publisher.cpython-310.pyc
running install_data
creating /home/pi/ros2_ws/install/camera_publisher_py/share/ament_index
creating /home/pi/ros2_ws/install/camera_publisher_py/share/ament_index/resource_index
creating /home/pi/ros2_ws/install/camera_publisher_py/share/ament_index/resource_index/packages
copying resource/camera_publisher_py -> /home/pi/ros2_ws/install/camera_publisher_py/share/ament_index/resource_index/packages
copying package.xml -> /home/pi/ros2_ws/install/camera_publisher_py/share/camera_publisher_py
running install_egg_info
Copying ../../build/camera_publisher_py/camera_publisher_py.egg-info to /home/pi/ros2_ws/install/camera_publisher_py/lib/python3.10/site-packages/camera_publisher_py-0.0.0-py3.10.egg-info
running install_scripts
writing list of installed files to '/home/pi/ros2_ws/build/camera_publisher_py/install.log'
