[6.208s] Invoking command in '/home/pi/ros2_ws/src/camera_publisher_py': PYTHONPATH=/home/pi/ros2_ws/build/camera_publisher_py/prefix_override:/usr/lib/python3/dist-packages/colcon_core/task/python/colcon_distutils_commands:/home/pi/ros2_ws/install/camera_publisher_py/lib/python3.10/site-packages:${PYTHONPATH} /usr/bin/python3 -W ignore:setup.py install is deprecated setup.py egg_info --egg-base ../../build/camera_publisher_py build --build-base /home/pi/ros2_ws/build/camera_publisher_py/build install --record /home/pi/ros2_ws/build/camera_publisher_py/install.log --single-version-externally-managed install_data
[7.699s] running egg_info
[7.702s] creating ../../build/camera_publisher_py/camera_publisher_py.egg-info
[7.711s] writing ../../build/camera_publisher_py/camera_publisher_py.egg-info/PKG-INFO
[7.715s] writing dependency_links to ../../build/camera_publisher_py/camera_publisher_py.egg-info/dependency_links.txt
[7.715s] writing entry points to ../../build/camera_publisher_py/camera_publisher_py.egg-info/entry_points.txt
[7.716s] writing requirements to ../../build/camera_publisher_py/camera_publisher_py.egg-info/requires.txt
[7.717s] writing top-level names to ../../build/camera_publisher_py/camera_publisher_py.egg-info/top_level.txt
[7.723s] writing manifest file '../../build/camera_publisher_py/camera_publisher_py.egg-info/SOURCES.txt'
[7.727s] reading manifest file '../../build/camera_publisher_py/camera_publisher_py.egg-info/SOURCES.txt'
[7.730s] writing manifest file '../../build/camera_publisher_py/camera_publisher_py.egg-info/SOURCES.txt'
[7.731s] running build
[7.733s] running build_py
[7.735s] creating /home/pi/ros2_ws/build/camera_publisher_py/build
[7.737s] creating /home/pi/ros2_ws/build/camera_publisher_py/build/lib
[7.739s] creating /home/pi/ros2_ws/build/camera_publisher_py/build/lib/camera_publisher_py
[7.740s] copying camera_publisher_py/__init__.py -> /home/pi/ros2_ws/build/camera_publisher_py/build/lib/camera_publisher_py
[7.740s] copying camera_publisher_py/camera_publisher.py -> /home/pi/ros2_ws/build/camera_publisher_py/build/lib/camera_publisher_py
[7.744s] running install
[7.745s] running install_lib
[7.749s] creating /home/pi/ros2_ws/install/camera_publisher_py/lib/python3.10/site-packages/camera_publisher_py
[7.751s] copying /home/pi/ros2_ws/build/camera_publisher_py/build/lib/camera_publisher_py/__init__.py -> /home/pi/ros2_ws/install/camera_publisher_py/lib/python3.10/site-packages/camera_publisher_py
[7.752s] copying /home/pi/ros2_ws/build/camera_publisher_py/build/lib/camera_publisher_py/camera_publisher.py -> /home/pi/ros2_ws/install/camera_publisher_py/lib/python3.10/site-packages/camera_publisher_py
[7.753s] byte-compiling /home/pi/ros2_ws/install/camera_publisher_py/lib/python3.10/site-packages/camera_publisher_py/__init__.py to __init__.cpython-310.pyc
[7.753s] byte-compiling /home/pi/ros2_ws/install/camera_publisher_py/lib/python3.10/site-packages/camera_publisher_py/camera_publisher.py to camera_publisher.cpython-310.pyc
[7.754s] running install_data
[7.755s] creating /home/pi/ros2_ws/install/camera_publisher_py/share/ament_index
[7.756s] creating /home/pi/ros2_ws/install/camera_publisher_py/share/ament_index/resource_index
[7.756s] creating /home/pi/ros2_ws/install/camera_publisher_py/share/ament_index/resource_index/packages
[7.757s] copying resource/camera_publisher_py -> /home/pi/ros2_ws/install/camera_publisher_py/share/ament_index/resource_index/packages
[7.764s] copying package.xml -> /home/pi/ros2_ws/install/camera_publisher_py/share/camera_publisher_py
[7.765s] running install_egg_info
[7.766s] Copying ../../build/camera_publisher_py/camera_publisher_py.egg-info to /home/pi/ros2_ws/install/camera_publisher_py/lib/python3.10/site-packages/camera_publisher_py-0.0.0-py3.10.egg-info
[7.768s] running install_scripts
[7.902s] writing list of installed files to '/home/pi/ros2_ws/build/camera_publisher_py/install.log'
[8.095s] Invoked command in '/home/pi/ros2_ws/src/camera_publisher_py' returned '0': PYTHONPATH=/home/pi/ros2_ws/build/camera_publisher_py/prefix_override:/usr/lib/python3/dist-packages/colcon_core/task/python/colcon_distutils_commands:/home/pi/ros2_ws/install/camera_publisher_py/lib/python3.10/site-packages:${PYTHONPATH} /usr/bin/python3 -W ignore:setup.py install is deprecated setup.py egg_info --egg-base ../../build/camera_publisher_py build --build-base /home/pi/ros2_ws/build/camera_publisher_py/build install --record /home/pi/ros2_ws/build/camera_publisher_py/install.log --single-version-externally-managed install_data
