[5.730s] Invoking command in '/home/pi/ros2_ws/src/vn_drone': PYTHONPATH=/home/pi/ros2_ws/build/vn_drone/prefix_override:/usr/lib/python3/dist-packages/colcon_core/task/python/colcon_distutils_commands:/home/pi/ros2_ws/install/vn_drone/lib/python3.10/site-packages:${PYTHONPATH} /usr/bin/python3 -W ignore:setup.py install is deprecated setup.py egg_info --egg-base ../../build/vn_drone build --build-base /home/pi/ros2_ws/build/vn_drone/build install --record /home/pi/ros2_ws/build/vn_drone/install.log --single-version-externally-managed install_data
[7.452s] running egg_info
[7.463s] writing ../../build/vn_drone/vn_drone.egg-info/PKG-INFO
[7.466s] writing dependency_links to ../../build/vn_drone/vn_drone.egg-info/dependency_links.txt
[7.467s] writing entry points to ../../build/vn_drone/vn_drone.egg-info/entry_points.txt
[7.473s] writing requirements to ../../build/vn_drone/vn_drone.egg-info/requires.txt
[7.473s] writing top-level names to ../../build/vn_drone/vn_drone.egg-info/top_level.txt
[7.474s] reading manifest file '../../build/vn_drone/vn_drone.egg-info/SOURCES.txt'
[7.486s] writing manifest file '../../build/vn_drone/vn_drone.egg-info/SOURCES.txt'
[7.486s] running build
[7.487s] running build_py
[7.487s] running install
[7.488s] running install_lib
[7.506s] running install_data
[7.512s] running install_egg_info
[7.527s] removing '/home/pi/ros2_ws/install/vn_drone/lib/python3.10/site-packages/vn_drone-0.0.0-py3.10.egg-info' (and everything under it)
[7.536s] Copying ../../build/vn_drone/vn_drone.egg-info to /home/pi/ros2_ws/install/vn_drone/lib/python3.10/site-packages/vn_drone-0.0.0-py3.10.egg-info
[7.540s] running install_scripts
[7.711s] Installing image_publisher script to /home/pi/ros2_ws/install/vn_drone/lib/vn_drone
[7.712s] Installing image_subscriber script to /home/pi/ros2_ws/install/vn_drone/lib/vn_drone
[7.715s] writing list of installed files to '/home/pi/ros2_ws/build/vn_drone/install.log'
[7.987s] Invoked command in '/home/pi/ros2_ws/src/vn_drone' returned '0': PYTHONPATH=/home/pi/ros2_ws/build/vn_drone/prefix_override:/usr/lib/python3/dist-packages/colcon_core/task/python/colcon_distutils_commands:/home/pi/ros2_ws/install/vn_drone/lib/python3.10/site-packages:${PYTHONPATH} /usr/bin/python3 -W ignore:setup.py install is deprecated setup.py egg_info --egg-base ../../build/vn_drone build --build-base /home/pi/ros2_ws/build/vn_drone/build install --record /home/pi/ros2_ws/build/vn_drone/install.log --single-version-externally-managed install_data
