[5.770s] Invoking command in '/home/pi/ros2_ws/src/vn_drone': PYTHONPATH=/home/pi/ros2_ws/build/vn_drone/prefix_override:/usr/lib/python3/dist-packages/colcon_core/task/python/colcon_distutils_commands:/home/pi/ros2_ws/install/vn_drone/lib/python3.10/site-packages:${PYTHONPATH} /usr/bin/python3 -W ignore:setup.py install is deprecated setup.py egg_info --egg-base ../../build/vn_drone build --build-base /home/pi/ros2_ws/build/vn_drone/build install --record /home/pi/ros2_ws/build/vn_drone/install.log --single-version-externally-managed install_data
[7.583s] running egg_info
[7.583s] writing ../../build/vn_drone/vn_drone.egg-info/PKG-INFO
[7.583s] writing dependency_links to ../../build/vn_drone/vn_drone.egg-info/dependency_links.txt
[7.587s] writing entry points to ../../build/vn_drone/vn_drone.egg-info/entry_points.txt
[7.587s] writing requirements to ../../build/vn_drone/vn_drone.egg-info/requires.txt
[7.588s] writing top-level names to ../../build/vn_drone/vn_drone.egg-info/top_level.txt
[7.592s] reading manifest file '../../build/vn_drone/vn_drone.egg-info/SOURCES.txt'
[7.597s] writing manifest file '../../build/vn_drone/vn_drone.egg-info/SOURCES.txt'
[7.598s] running build
[7.599s] running build_py
[7.601s] running install
[7.601s] running install_lib
[7.611s] running install_data
[7.612s] running install_egg_info
[7.621s] removing '/home/pi/ros2_ws/install/vn_drone/lib/python3.10/site-packages/vn_drone-0.0.0-py3.10.egg-info' (and everything under it)
[7.626s] Copying ../../build/vn_drone/vn_drone.egg-info to /home/pi/ros2_ws/install/vn_drone/lib/python3.10/site-packages/vn_drone-0.0.0-py3.10.egg-info
[7.632s] running install_scripts
[7.774s] Installing image_publisher script to /home/pi/ros2_ws/install/vn_drone/lib/vn_drone
[7.776s] Installing image_subscriber script to /home/pi/ros2_ws/install/vn_drone/lib/vn_drone
[7.779s] writing list of installed files to '/home/pi/ros2_ws/build/vn_drone/install.log'
[7.944s] Invoked command in '/home/pi/ros2_ws/src/vn_drone' returned '0': PYTHONPATH=/home/pi/ros2_ws/build/vn_drone/prefix_override:/usr/lib/python3/dist-packages/colcon_core/task/python/colcon_distutils_commands:/home/pi/ros2_ws/install/vn_drone/lib/python3.10/site-packages:${PYTHONPATH} /usr/bin/python3 -W ignore:setup.py install is deprecated setup.py egg_info --egg-base ../../build/vn_drone build --build-base /home/pi/ros2_ws/build/vn_drone/build install --record /home/pi/ros2_ws/build/vn_drone/install.log --single-version-externally-managed install_data
