[3.854s] Invoking command in '/home/pi/master_thesis/ros2_ws/src/vn_drone': PYTHONPATH=/home/pi/master_thesis/ros2_ws/build/vn_drone/prefix_override:/usr/lib/python3/dist-packages/colcon_core/task/python/colcon_distutils_commands:/home/pi/master_thesis/ros2_ws/install/vn_drone/lib/python3.10/site-packages:${PYTHONPATH} /usr/bin/python3 -W ignore:setup.py install is deprecated setup.py egg_info --egg-base ../../build/vn_drone build --build-base /home/pi/master_thesis/ros2_ws/build/vn_drone/build install --record /home/pi/master_thesis/ros2_ws/build/vn_drone/install.log --single-version-externally-managed install_data
[4.935s] running egg_info
[4.938s] writing ../../build/vn_drone/vn_drone.egg-info/PKG-INFO
[4.939s] writing dependency_links to ../../build/vn_drone/vn_drone.egg-info/dependency_links.txt
[4.940s] writing entry points to ../../build/vn_drone/vn_drone.egg-info/entry_points.txt
[4.941s] writing requirements to ../../build/vn_drone/vn_drone.egg-info/requires.txt
[4.942s] writing top-level names to ../../build/vn_drone/vn_drone.egg-info/top_level.txt
[4.951s] reading manifest file '../../build/vn_drone/vn_drone.egg-info/SOURCES.txt'
[4.956s] writing manifest file '../../build/vn_drone/vn_drone.egg-info/SOURCES.txt'
[4.956s] running build
[4.958s] running build_py
[4.959s] running install
[4.962s] running install_lib
[4.966s] running install_data
[4.967s] running install_egg_info
[4.975s] removing '/home/pi/master_thesis/ros2_ws/install/vn_drone/lib/python3.10/site-packages/vn_drone-0.0.0-py3.10.egg-info' (and everything under it)
[4.976s] Copying ../../build/vn_drone/vn_drone.egg-info to /home/pi/master_thesis/ros2_ws/install/vn_drone/lib/python3.10/site-packages/vn_drone-0.0.0-py3.10.egg-info
[4.985s] running install_scripts
[5.075s] Installing image_publisher script to /home/pi/master_thesis/ros2_ws/install/vn_drone/lib/vn_drone
[5.076s] Installing image_subscriber script to /home/pi/master_thesis/ros2_ws/install/vn_drone/lib/vn_drone
[5.079s] writing list of installed files to '/home/pi/master_thesis/ros2_ws/build/vn_drone/install.log'
[5.255s] Invoked command in '/home/pi/master_thesis/ros2_ws/src/vn_drone' returned '0': PYTHONPATH=/home/pi/master_thesis/ros2_ws/build/vn_drone/prefix_override:/usr/lib/python3/dist-packages/colcon_core/task/python/colcon_distutils_commands:/home/pi/master_thesis/ros2_ws/install/vn_drone/lib/python3.10/site-packages:${PYTHONPATH} /usr/bin/python3 -W ignore:setup.py install is deprecated setup.py egg_info --egg-base ../../build/vn_drone build --build-base /home/pi/master_thesis/ros2_ws/build/vn_drone/build install --record /home/pi/master_thesis/ros2_ws/build/vn_drone/install.log --single-version-externally-managed install_data
