[3.870s] Invoking command in '/home/pi/ros2_ws/src/vn_drone': PYTHONPATH=/home/pi/ros2_ws/build/vn_drone/prefix_override:/usr/lib/python3/dist-packages/colcon_core/task/python/colcon_distutils_commands:/home/pi/ros2_ws/install/vn_drone/lib/python3.10/site-packages:${PYTHONPATH} /usr/bin/python3 -W ignore:setup.py install is deprecated setup.py egg_info --egg-base ../../build/vn_drone build --build-base /home/pi/ros2_ws/build/vn_drone/build install --record /home/pi/ros2_ws/build/vn_drone/install.log --single-version-externally-managed install_data
[4.951s] running egg_info
[4.954s] writing ../../build/vn_drone/vn_drone.egg-info/PKG-INFO
[4.955s] writing dependency_links to ../../build/vn_drone/vn_drone.egg-info/dependency_links.txt
[4.956s] writing entry points to ../../build/vn_drone/vn_drone.egg-info/entry_points.txt
[4.960s] writing requirements to ../../build/vn_drone/vn_drone.egg-info/requires.txt
[4.961s] writing top-level names to ../../build/vn_drone/vn_drone.egg-info/top_level.txt
[4.967s] reading manifest file '../../build/vn_drone/vn_drone.egg-info/SOURCES.txt'
[4.971s] writing manifest file '../../build/vn_drone/vn_drone.egg-info/SOURCES.txt'
[4.972s] running build
[4.973s] running build_py
[4.977s] running install
[4.977s] running install_lib
[4.983s] running install_data
[4.984s] running install_egg_info
[4.992s] removing '/home/pi/ros2_ws/install/vn_drone/lib/python3.10/site-packages/vn_drone-0.0.0-py3.10.egg-info' (and everything under it)
[4.994s] Copying ../../build/vn_drone/vn_drone.egg-info to /home/pi/ros2_ws/install/vn_drone/lib/python3.10/site-packages/vn_drone-0.0.0-py3.10.egg-info
[5.001s] running install_scripts
[5.092s] Installing image_publisher script to /home/pi/ros2_ws/install/vn_drone/lib/vn_drone
[5.094s] Installing image_subscriber script to /home/pi/ros2_ws/install/vn_drone/lib/vn_drone
[5.097s] writing list of installed files to '/home/pi/ros2_ws/build/vn_drone/install.log'
[5.338s] Invoked command in '/home/pi/ros2_ws/src/vn_drone' returned '0': PYTHONPATH=/home/pi/ros2_ws/build/vn_drone/prefix_override:/usr/lib/python3/dist-packages/colcon_core/task/python/colcon_distutils_commands:/home/pi/ros2_ws/install/vn_drone/lib/python3.10/site-packages:${PYTHONPATH} /usr/bin/python3 -W ignore:setup.py install is deprecated setup.py egg_info --egg-base ../../build/vn_drone build --build-base /home/pi/ros2_ws/build/vn_drone/build install --record /home/pi/ros2_ws/build/vn_drone/install.log --single-version-externally-managed install_data
