[0.458s] DEBUG:colcon:Command line arguments: ['/usr/bin/colcon', 'build']
[0.458s] DEBUG:colcon:Parsed command line arguments: Namespace(log_base=None, log_level=None, verb_name='build', build_base='build', install_base='install', merge_install=False, symlink_install=False, test_result_base=None, continue_on_error=False, executor='parallel', parallel_workers=4, event_handlers=None, ignore_user_meta=False, metas=['./colcon.meta'], base_paths=['.'], packages_ignore=None, packages_ignore_regex=None, paths=None, packages_up_to=None, packages_up_to_regex=None, packages_above=None, packages_above_and_dependencies=None, packages_above_depth=None, packages_select_by_dep=None, packages_skip_by_dep=None, packages_skip_up_to=None, packages_select_build_failed=False, packages_skip_build_finished=False, packages_select_test_failures=False, packages_skip_test_passed=False, packages_select=None, packages_skip=None, packages_select_regex=None, packages_skip_regex=None, packages_start=None, packages_end=None, allow_overriding=[], cmake_args=None, cmake_target=None, cmake_target_skip_unavailable=False, cmake_clean_cache=False, cmake_clean_first=False, cmake_force_configure=False, ament_cmake_args=None, catkin_cmake_args=None, catkin_skip_building_tests=False, verb_parser=<colcon_defaults.argument_parser.defaults.DefaultArgumentsDecorator object at 0xffff9c05aec0>, verb_extension=<colcon_core.verb.build.BuildVerb object at 0xffff9c1efaf0>, main=<bound method BuildVerb.main of <colcon_core.verb.build.BuildVerb object at 0xffff9c1efaf0>>)
[1.191s] Level 1:colcon.colcon_core.package_discovery:discover_packages(colcon_meta) check parameters
[1.192s] Level 1:colcon.colcon_core.package_discovery:discover_packages(recursive) check parameters
[1.192s] Level 1:colcon.colcon_core.package_discovery:discover_packages(ignore) check parameters
[1.192s] Level 1:colcon.colcon_core.package_discovery:discover_packages(path) check parameters
[1.192s] Level 1:colcon.colcon_core.package_discovery:discover_packages(colcon_meta) discover
[1.193s] Level 1:colcon.colcon_core.package_discovery:discover_packages(recursive) discover
[1.193s] INFO:colcon.colcon_core.package_discovery:Crawling recursively for packages in '/home/pi/master_thesis/ros2_ws'
[1.193s] Level 1:colcon.colcon_core.package_identification:_identify(.) by extensions ['ignore', 'ignore_ament_install']
[1.194s] Level 1:colcon.colcon_core.package_identification:_identify(.) by extension 'ignore'
[1.194s] Level 1:colcon.colcon_core.package_identification:_identify(.) by extension 'ignore_ament_install'
[1.195s] Level 1:colcon.colcon_core.package_identification:_identify(.) by extensions ['colcon_pkg']
[1.195s] Level 1:colcon.colcon_core.package_identification:_identify(.) by extension 'colcon_pkg'
[1.195s] Level 1:colcon.colcon_core.package_identification:_identify(.) by extensions ['colcon_meta']
[1.195s] Level 1:colcon.colcon_core.package_identification:_identify(.) by extension 'colcon_meta'
[1.195s] Level 1:colcon.colcon_core.package_identification:_identify(.) by extensions ['ros']
[1.195s] Level 1:colcon.colcon_core.package_identification:_identify(.) by extension 'ros'
[1.242s] Level 1:colcon.colcon_core.package_identification:_identify(.) by extensions ['cmake', 'python']
[1.242s] Level 1:colcon.colcon_core.package_identification:_identify(.) by extension 'cmake'
[1.243s] Level 1:colcon.colcon_core.package_identification:_identify(.) by extension 'python'
[1.243s] Level 1:colcon.colcon_core.package_identification:_identify(.) by extensions ['python_setup_py']
[1.243s] Level 1:colcon.colcon_core.package_identification:_identify(.) by extension 'python_setup_py'
[1.244s] Level 1:colcon.colcon_core.package_identification:_identify(build) by extensions ['ignore', 'ignore_ament_install']
[1.244s] Level 1:colcon.colcon_core.package_identification:_identify(build) by extension 'ignore'
[1.244s] Level 1:colcon.colcon_core.package_identification:_identify(build) ignored
[1.245s] Level 1:colcon.colcon_core.package_identification:_identify(install) by extensions ['ignore', 'ignore_ament_install']
[1.245s] Level 1:colcon.colcon_core.package_identification:_identify(install) by extension 'ignore'
[1.246s] Level 1:colcon.colcon_core.package_identification:_identify(install) ignored
[1.248s] Level 1:colcon.colcon_core.package_identification:_identify(log) by extensions ['ignore', 'ignore_ament_install']
[1.248s] Level 1:colcon.colcon_core.package_identification:_identify(log) by extension 'ignore'
[1.248s] Level 1:colcon.colcon_core.package_identification:_identify(log) ignored
[1.249s] Level 1:colcon.colcon_core.package_identification:_identify(src) by extensions ['ignore', 'ignore_ament_install']
[1.249s] Level 1:colcon.colcon_core.package_identification:_identify(src) by extension 'ignore'
[1.249s] Level 1:colcon.colcon_core.package_identification:_identify(src) by extension 'ignore_ament_install'
[1.250s] Level 1:colcon.colcon_core.package_identification:_identify(src) by extensions ['colcon_pkg']
[1.250s] Level 1:colcon.colcon_core.package_identification:_identify(src) by extension 'colcon_pkg'
[1.250s] Level 1:colcon.colcon_core.package_identification:_identify(src) by extensions ['colcon_meta']
[1.250s] Level 1:colcon.colcon_core.package_identification:_identify(src) by extension 'colcon_meta'
[1.250s] Level 1:colcon.colcon_core.package_identification:_identify(src) by extensions ['ros']
[1.250s] Level 1:colcon.colcon_core.package_identification:_identify(src) by extension 'ros'
[1.251s] Level 1:colcon.colcon_core.package_identification:_identify(src) by extensions ['cmake', 'python']
[1.251s] Level 1:colcon.colcon_core.package_identification:_identify(src) by extension 'cmake'
[1.251s] Level 1:colcon.colcon_core.package_identification:_identify(src) by extension 'python'
[1.251s] Level 1:colcon.colcon_core.package_identification:_identify(src) by extensions ['python_setup_py']
[1.252s] Level 1:colcon.colcon_core.package_identification:_identify(src) by extension 'python_setup_py'
[1.252s] Level 1:colcon.colcon_core.package_identification:_identify(src/build) by extensions ['ignore', 'ignore_ament_install']
[1.253s] Level 1:colcon.colcon_core.package_identification:_identify(src/build) by extension 'ignore'
[1.253s] Level 1:colcon.colcon_core.package_identification:_identify(src/build) ignored
[1.254s] Level 1:colcon.colcon_core.package_identification:_identify(src/camera_publisher_py) by extensions ['ignore', 'ignore_ament_install']
[1.254s] Level 1:colcon.colcon_core.package_identification:_identify(src/camera_publisher_py) by extension 'ignore'
[1.254s] Level 1:colcon.colcon_core.package_identification:_identify(src/camera_publisher_py) by extension 'ignore_ament_install'
[1.254s] Level 1:colcon.colcon_core.package_identification:_identify(src/camera_publisher_py) by extensions ['colcon_pkg']
[1.254s] Level 1:colcon.colcon_core.package_identification:_identify(src/camera_publisher_py) by extension 'colcon_pkg'
[1.255s] Level 1:colcon.colcon_core.package_identification:_identify(src/camera_publisher_py) by extensions ['colcon_meta']
[1.255s] Level 1:colcon.colcon_core.package_identification:_identify(src/camera_publisher_py) by extension 'colcon_meta'
[1.255s] Level 1:colcon.colcon_core.package_identification:_identify(src/camera_publisher_py) by extensions ['ros']
[1.255s] Level 1:colcon.colcon_core.package_identification:_identify(src/camera_publisher_py) by extension 'ros'
[1.265s] DEBUG:colcon.colcon_core.package_identification:Package 'src/camera_publisher_py' with type 'ros.ament_python' and name 'camera_publisher_py'
[1.266s] Level 1:colcon.colcon_core.package_identification:_identify(src/install) by extensions ['ignore', 'ignore_ament_install']
[1.266s] Level 1:colcon.colcon_core.package_identification:_identify(src/install) by extension 'ignore'
[1.266s] Level 1:colcon.colcon_core.package_identification:_identify(src/install) ignored
[1.267s] Level 1:colcon.colcon_core.package_identification:_identify(src/log) by extensions ['ignore', 'ignore_ament_install']
[1.267s] Level 1:colcon.colcon_core.package_identification:_identify(src/log) by extension 'ignore'
[1.267s] Level 1:colcon.colcon_core.package_identification:_identify(src/log) ignored
[1.268s] Level 1:colcon.colcon_core.package_identification:_identify(src/vn_drone) by extensions ['ignore', 'ignore_ament_install']
[1.269s] Level 1:colcon.colcon_core.package_identification:_identify(src/vn_drone) by extension 'ignore'
[1.269s] Level 1:colcon.colcon_core.package_identification:_identify(src/vn_drone) by extension 'ignore_ament_install'
[1.269s] Level 1:colcon.colcon_core.package_identification:_identify(src/vn_drone) by extensions ['colcon_pkg']
[1.270s] Level 1:colcon.colcon_core.package_identification:_identify(src/vn_drone) by extension 'colcon_pkg'
[1.270s] Level 1:colcon.colcon_core.package_identification:_identify(src/vn_drone) by extensions ['colcon_meta']
[1.270s] Level 1:colcon.colcon_core.package_identification:_identify(src/vn_drone) by extension 'colcon_meta'
[1.270s] Level 1:colcon.colcon_core.package_identification:_identify(src/vn_drone) by extensions ['ros']
[1.270s] Level 1:colcon.colcon_core.package_identification:_identify(src/vn_drone) by extension 'ros'
[1.273s] DEBUG:colcon.colcon_core.package_identification:Package 'src/vn_drone' with type 'ros.ament_python' and name 'vn_drone'
[1.273s] Level 1:colcon.colcon_core.package_discovery:discover_packages(recursive) using defaults
[1.274s] Level 1:colcon.colcon_core.package_discovery:discover_packages(ignore) discover
[1.274s] Level 1:colcon.colcon_core.package_discovery:discover_packages(ignore) using defaults
[1.274s] Level 1:colcon.colcon_core.package_discovery:discover_packages(path) discover
[1.274s] Level 1:colcon.colcon_core.package_discovery:discover_packages(path) using defaults
[1.361s] Level 1:colcon.colcon_core.package_discovery:discover_packages(prefix_path) check parameters
[1.361s] Level 1:colcon.colcon_core.package_discovery:discover_packages(prefix_path) discover
[1.370s] DEBUG:colcon.colcon_installed_package_information.package_discovery:Found 2 installed packages in /home/pi/master_thesis/ros2_ws/install
[1.373s] DEBUG:colcon.colcon_installed_package_information.package_discovery:Found 2 installed packages in /home/pi/ros2_ws/install
[1.380s] DEBUG:colcon.colcon_installed_package_information.package_discovery:Found 185 installed packages in /opt/ros/humble
[1.384s] Level 1:colcon.colcon_core.package_discovery:discover_packages(prefix_path) using defaults
[1.504s] Level 5:colcon.colcon_core.verb:set package 'camera_publisher_py' build argument 'cmake_args' from command line to 'None'
[1.504s] Level 5:colcon.colcon_core.verb:set package 'camera_publisher_py' build argument 'cmake_target' from command line to 'None'
[1.504s] Level 5:colcon.colcon_core.verb:set package 'camera_publisher_py' build argument 'cmake_target_skip_unavailable' from command line to 'False'
[1.504s] Level 5:colcon.colcon_core.verb:set package 'camera_publisher_py' build argument 'cmake_clean_cache' from command line to 'False'
[1.505s] Level 5:colcon.colcon_core.verb:set package 'camera_publisher_py' build argument 'cmake_clean_first' from command line to 'False'
[1.505s] Level 5:colcon.colcon_core.verb:set package 'camera_publisher_py' build argument 'cmake_force_configure' from command line to 'False'
[1.505s] Level 5:colcon.colcon_core.verb:set package 'camera_publisher_py' build argument 'ament_cmake_args' from command line to 'None'
[1.505s] Level 5:colcon.colcon_core.verb:set package 'camera_publisher_py' build argument 'catkin_cmake_args' from command line to 'None'
[1.505s] Level 5:colcon.colcon_core.verb:set package 'camera_publisher_py' build argument 'catkin_skip_building_tests' from command line to 'False'
[1.505s] DEBUG:colcon.colcon_core.verb:Building package 'camera_publisher_py' with the following arguments: {'ament_cmake_args': None, 'build_base': '/home/pi/master_thesis/ros2_ws/build/camera_publisher_py', 'catkin_cmake_args': None, 'catkin_skip_building_tests': False, 'cmake_args': None, 'cmake_clean_cache': False, 'cmake_clean_first': False, 'cmake_force_configure': False, 'cmake_target': None, 'cmake_target_skip_unavailable': False, 'install_base': '/home/pi/master_thesis/ros2_ws/install/camera_publisher_py', 'merge_install': False, 'path': '/home/pi/master_thesis/ros2_ws/src/camera_publisher_py', 'symlink_install': False, 'test_result_base': None}
[1.507s] Level 5:colcon.colcon_core.verb:set package 'vn_drone' build argument 'cmake_args' from command line to 'None'
[1.507s] Level 5:colcon.colcon_core.verb:set package 'vn_drone' build argument 'cmake_target' from command line to 'None'
[1.507s] Level 5:colcon.colcon_core.verb:set package 'vn_drone' build argument 'cmake_target_skip_unavailable' from command line to 'False'
[1.507s] Level 5:colcon.colcon_core.verb:set package 'vn_drone' build argument 'cmake_clean_cache' from command line to 'False'
[1.507s] Level 5:colcon.colcon_core.verb:set package 'vn_drone' build argument 'cmake_clean_first' from command line to 'False'
[1.507s] Level 5:colcon.colcon_core.verb:set package 'vn_drone' build argument 'cmake_force_configure' from command line to 'False'
[1.507s] Level 5:colcon.colcon_core.verb:set package 'vn_drone' build argument 'ament_cmake_args' from command line to 'None'
[1.508s] Level 5:colcon.colcon_core.verb:set package 'vn_drone' build argument 'catkin_cmake_args' from command line to 'None'
[1.508s] Level 5:colcon.colcon_core.verb:set package 'vn_drone' build argument 'catkin_skip_building_tests' from command line to 'False'
[1.508s] DEBUG:colcon.colcon_core.verb:Building package 'vn_drone' with the following arguments: {'ament_cmake_args': None, 'build_base': '/home/pi/master_thesis/ros2_ws/build/vn_drone', 'catkin_cmake_args': None, 'catkin_skip_building_tests': False, 'cmake_args': None, 'cmake_clean_cache': False, 'cmake_clean_first': False, 'cmake_force_configure': False, 'cmake_target': None, 'cmake_target_skip_unavailable': False, 'install_base': '/home/pi/master_thesis/ros2_ws/install/vn_drone', 'merge_install': False, 'path': '/home/pi/master_thesis/ros2_ws/src/vn_drone', 'symlink_install': False, 'test_result_base': None}
[1.508s] INFO:colcon.colcon_core.executor:Executing jobs using 'parallel' executor
[1.512s] DEBUG:colcon.colcon_parallel_executor.executor.parallel:run_until_complete
[1.513s] INFO:colcon.colcon_ros.task.ament_python.build:Building ROS package in '/home/pi/master_thesis/ros2_ws/src/camera_publisher_py' with build type 'ament_python'
[1.514s] Level 1:colcon.colcon_core.shell:create_environment_hook('camera_publisher_py', 'ament_prefix_path')
[1.524s] INFO:colcon.colcon_core.plugin_system:Skipping extension 'colcon_core.shell.bat': Not used on non-Windows systems
[1.525s] INFO:colcon.colcon_core.shell:Creating environment hook '/home/pi/master_thesis/ros2_ws/install/camera_publisher_py/share/camera_publisher_py/hook/ament_prefix_path.ps1'
[1.528s] INFO:colcon.colcon_core.shell:Creating environment descriptor '/home/pi/master_thesis/ros2_ws/install/camera_publisher_py/share/camera_publisher_py/hook/ament_prefix_path.dsv'
[1.531s] INFO:colcon.colcon_core.shell:Creating environment hook '/home/pi/master_thesis/ros2_ws/install/camera_publisher_py/share/camera_publisher_py/hook/ament_prefix_path.sh'
[1.535s] INFO:colcon.colcon_core.shell:Skip shell extension 'powershell' for command environment: Not usable outside of PowerShell
[1.535s] DEBUG:colcon.colcon_core.shell:Skip shell extension 'dsv' for command environment
[1.553s] INFO:colcon.colcon_ros.task.ament_python.build:Building ROS package in '/home/pi/master_thesis/ros2_ws/src/vn_drone' with build type 'ament_python'
[1.554s] Level 1:colcon.colcon_core.shell:create_environment_hook('vn_drone', 'ament_prefix_path')
[1.556s] INFO:colcon.colcon_core.shell:Creating environment hook '/home/pi/master_thesis/ros2_ws/install/vn_drone/share/vn_drone/hook/ament_prefix_path.ps1'
[1.558s] INFO:colcon.colcon_core.shell:Creating environment descriptor '/home/pi/master_thesis/ros2_ws/install/vn_drone/share/vn_drone/hook/ament_prefix_path.dsv'
[1.561s] INFO:colcon.colcon_core.shell:Creating environment hook '/home/pi/master_thesis/ros2_ws/install/vn_drone/share/vn_drone/hook/ament_prefix_path.sh'
[1.564s] INFO:colcon.colcon_core.shell:Skip shell extension 'powershell' for command environment: Not usable outside of PowerShell
[1.565s] DEBUG:colcon.colcon_core.shell:Skip shell extension 'dsv' for command environment
[2.696s] INFO:colcon.colcon_core.task.python.build:Building Python package in '/home/pi/master_thesis/ros2_ws/src/camera_publisher_py'
[2.697s] INFO:colcon.colcon_core.shell:Skip shell extension 'powershell' for command environment: Not usable outside of PowerShell
[2.697s] DEBUG:colcon.colcon_core.shell:Skip shell extension 'dsv' for command environment
[3.812s] INFO:colcon.colcon_core.task.python.build:Building Python package in '/home/pi/master_thesis/ros2_ws/src/vn_drone'
[3.813s] INFO:colcon.colcon_core.shell:Skip shell extension 'powershell' for command environment: Not usable outside of PowerShell
[3.813s] DEBUG:colcon.colcon_core.shell:Skip shell extension 'dsv' for command environment
[5.676s] DEBUG:colcon.colcon_core.event_handler.log_command:Invoking command in '/home/pi/master_thesis/ros2_ws/src/vn_drone': PYTHONPATH=/home/pi/master_thesis/ros2_ws/build/vn_drone/prefix_override:/usr/lib/python3/dist-packages/colcon_core/task/python/colcon_distutils_commands:/home/pi/master_thesis/ros2_ws/install/vn_drone/lib/python3.10/site-packages:${PYTHONPATH} /usr/bin/python3 -W ignore:setup.py install is deprecated setup.py egg_info --egg-base ../../build/vn_drone build --build-base /home/pi/master_thesis/ros2_ws/build/vn_drone/build install --record /home/pi/master_thesis/ros2_ws/build/vn_drone/install.log --single-version-externally-managed install_data
[5.707s] DEBUG:colcon.colcon_core.event_handler.log_command:Invoking command in '/home/pi/master_thesis/ros2_ws/src/camera_publisher_py': PYTHONPATH=/home/pi/master_thesis/ros2_ws/build/camera_publisher_py/prefix_override:/usr/lib/python3/dist-packages/colcon_core/task/python/colcon_distutils_commands:/home/pi/master_thesis/ros2_ws/install/camera_publisher_py/lib/python3.10/site-packages:${PYTHONPATH} /usr/bin/python3 -W ignore:setup.py install is deprecated setup.py egg_info --egg-base ../../build/camera_publisher_py build --build-base /home/pi/master_thesis/ros2_ws/build/camera_publisher_py/build install --record /home/pi/master_thesis/ros2_ws/build/camera_publisher_py/install.log --single-version-externally-managed install_data
[7.183s] DEBUG:colcon.colcon_core.event_handler.log_command:Invoked command in '/home/pi/master_thesis/ros2_ws/src/vn_drone' returned '0': PYTHONPATH=/home/pi/master_thesis/ros2_ws/build/vn_drone/prefix_override:/usr/lib/python3/dist-packages/colcon_core/task/python/colcon_distutils_commands:/home/pi/master_thesis/ros2_ws/install/vn_drone/lib/python3.10/site-packages:${PYTHONPATH} /usr/bin/python3 -W ignore:setup.py install is deprecated setup.py egg_info --egg-base ../../build/vn_drone build --build-base /home/pi/master_thesis/ros2_ws/build/vn_drone/build install --record /home/pi/master_thesis/ros2_ws/build/vn_drone/install.log --single-version-externally-managed install_data
[7.213s] Level 1:colcon.colcon_core.environment:checking '/home/pi/master_thesis/ros2_ws/install/vn_drone' for CMake module files
[7.217s] Level 1:colcon.colcon_core.environment:checking '/home/pi/master_thesis/ros2_ws/install/vn_drone' for CMake config files
[7.224s] Level 1:colcon.colcon_core.environment:checking '/home/pi/master_thesis/ros2_ws/install/vn_drone/lib'
[7.225s] Level 1:colcon.colcon_core.environment:checking '/home/pi/master_thesis/ros2_ws/install/vn_drone/bin'
[7.225s] Level 1:colcon.colcon_core.environment:checking '/home/pi/master_thesis/ros2_ws/install/vn_drone/lib/pkgconfig/vn_drone.pc'
[7.227s] Level 1:colcon.colcon_core.environment:checking '/home/pi/master_thesis/ros2_ws/install/vn_drone/lib/python3.10/site-packages'
[7.227s] Level 1:colcon.colcon_core.shell:create_environment_hook('vn_drone', 'pythonpath')
[7.228s] INFO:colcon.colcon_core.shell:Creating environment hook '/home/pi/master_thesis/ros2_ws/install/vn_drone/share/vn_drone/hook/pythonpath.ps1'
[7.231s] INFO:colcon.colcon_core.shell:Creating environment descriptor '/home/pi/master_thesis/ros2_ws/install/vn_drone/share/vn_drone/hook/pythonpath.dsv'
[7.234s] INFO:colcon.colcon_core.shell:Creating environment hook '/home/pi/master_thesis/ros2_ws/install/vn_drone/share/vn_drone/hook/pythonpath.sh'
[7.238s] Level 1:colcon.colcon_core.environment:checking '/home/pi/master_thesis/ros2_ws/install/vn_drone/bin'
[7.239s] Level 1:colcon.colcon_core.environment:create_environment_scripts_only(vn_drone)
[7.240s] INFO:colcon.colcon_core.shell:Creating package script '/home/pi/master_thesis/ros2_ws/install/vn_drone/share/vn_drone/package.ps1'
[7.246s] INFO:colcon.colcon_core.shell:Creating package descriptor '/home/pi/master_thesis/ros2_ws/install/vn_drone/share/vn_drone/package.dsv'
[7.250s] INFO:colcon.colcon_core.shell:Creating package script '/home/pi/master_thesis/ros2_ws/install/vn_drone/share/vn_drone/package.sh'
[7.256s] INFO:colcon.colcon_core.shell:Creating package script '/home/pi/master_thesis/ros2_ws/install/vn_drone/share/vn_drone/package.bash'
[7.265s] INFO:colcon.colcon_core.shell:Creating package script '/home/pi/master_thesis/ros2_ws/install/vn_drone/share/vn_drone/package.zsh'
[7.270s] Level 1:colcon.colcon_core.environment:create_file_with_runtime_dependencies(/home/pi/master_thesis/ros2_ws/install/vn_drone/share/colcon-core/packages/vn_drone)
[7.280s] Level 1:colcon.colcon_core.environment:checking '/home/pi/master_thesis/ros2_ws/install/camera_publisher_py' for CMake module files
[7.282s] DEBUG:colcon.colcon_core.event_handler.log_command:Invoked command in '/home/pi/master_thesis/ros2_ws/src/camera_publisher_py' returned '0': PYTHONPATH=/home/pi/master_thesis/ros2_ws/build/camera_publisher_py/prefix_override:/usr/lib/python3/dist-packages/colcon_core/task/python/colcon_distutils_commands:/home/pi/master_thesis/ros2_ws/install/camera_publisher_py/lib/python3.10/site-packages:${PYTHONPATH} /usr/bin/python3 -W ignore:setup.py install is deprecated setup.py egg_info --egg-base ../../build/camera_publisher_py build --build-base /home/pi/master_thesis/ros2_ws/build/camera_publisher_py/build install --record /home/pi/master_thesis/ros2_ws/build/camera_publisher_py/install.log --single-version-externally-managed install_data
[7.292s] Level 1:colcon.colcon_core.environment:checking '/home/pi/master_thesis/ros2_ws/install/camera_publisher_py' for CMake config files
[7.301s] Level 1:colcon.colcon_core.environment:checking '/home/pi/master_thesis/ros2_ws/install/camera_publisher_py/lib'
[7.302s] Level 1:colcon.colcon_core.environment:checking '/home/pi/master_thesis/ros2_ws/install/camera_publisher_py/bin'
[7.303s] Level 1:colcon.colcon_core.environment:checking '/home/pi/master_thesis/ros2_ws/install/camera_publisher_py/lib/pkgconfig/camera_publisher_py.pc'
[7.305s] Level 1:colcon.colcon_core.environment:checking '/home/pi/master_thesis/ros2_ws/install/camera_publisher_py/lib/python3.10/site-packages'
[7.306s] Level 1:colcon.colcon_core.shell:create_environment_hook('camera_publisher_py', 'pythonpath')
[7.308s] INFO:colcon.colcon_core.shell:Creating environment hook '/home/pi/master_thesis/ros2_ws/install/camera_publisher_py/share/camera_publisher_py/hook/pythonpath.ps1'
[7.312s] INFO:colcon.colcon_core.shell:Creating environment descriptor '/home/pi/master_thesis/ros2_ws/install/camera_publisher_py/share/camera_publisher_py/hook/pythonpath.dsv'
[7.316s] INFO:colcon.colcon_core.shell:Creating environment hook '/home/pi/master_thesis/ros2_ws/install/camera_publisher_py/share/camera_publisher_py/hook/pythonpath.sh'
[7.320s] Level 1:colcon.colcon_core.environment:checking '/home/pi/master_thesis/ros2_ws/install/camera_publisher_py/bin'
[7.321s] Level 1:colcon.colcon_core.environment:create_environment_scripts_only(camera_publisher_py)
[7.323s] INFO:colcon.colcon_core.shell:Creating package script '/home/pi/master_thesis/ros2_ws/install/camera_publisher_py/share/camera_publisher_py/package.ps1'
[7.326s] INFO:colcon.colcon_core.shell:Creating package descriptor '/home/pi/master_thesis/ros2_ws/install/camera_publisher_py/share/camera_publisher_py/package.dsv'
[7.328s] INFO:colcon.colcon_core.shell:Creating package script '/home/pi/master_thesis/ros2_ws/install/camera_publisher_py/share/camera_publisher_py/package.sh'
[7.330s] INFO:colcon.colcon_core.shell:Creating package script '/home/pi/master_thesis/ros2_ws/install/camera_publisher_py/share/camera_publisher_py/package.bash'
[7.332s] INFO:colcon.colcon_core.shell:Creating package script '/home/pi/master_thesis/ros2_ws/install/camera_publisher_py/share/camera_publisher_py/package.zsh'
[7.334s] Level 1:colcon.colcon_core.environment:create_file_with_runtime_dependencies(/home/pi/master_thesis/ros2_ws/install/camera_publisher_py/share/colcon-core/packages/camera_publisher_py)
[7.336s] DEBUG:colcon.colcon_parallel_executor.executor.parallel:closing loop
[7.337s] DEBUG:colcon.colcon_parallel_executor.executor.parallel:loop closed
[7.338s] DEBUG:colcon.colcon_parallel_executor.executor.parallel:run_until_complete finished with '0'
[7.338s] DEBUG:colcon.colcon_core.event_reactor:joining thread
[7.362s] INFO:colcon.colcon_core.plugin_system:Skipping extension 'colcon_notification.desktop_notification.notify_send': Could not find 'notify-send'
[7.363s] INFO:colcon.colcon_core.plugin_system:Skipping extension 'colcon_notification.desktop_notification.terminal_notifier': Not used on non-Darwin systems
[7.363s] INFO:colcon.colcon_core.plugin_system:Skipping extension 'colcon_notification.desktop_notification.win32': Not used on non-Windows systems
[7.363s] INFO:colcon.colcon_notification.desktop_notification:Sending desktop notification using 'notify2'
[7.366s] DEBUG:colcon.colcon_notification.desktop_notification.notify2:Failed to initialize notify2: org.freedesktop.DBus.Error.ServiceUnknown: The name org.freedesktop.Notifications was not provided by any .service files
[7.366s] DEBUG:colcon.colcon_core.event_reactor:joined thread
[7.367s] INFO:colcon.colcon_core.shell:Creating prefix script '/home/pi/master_thesis/ros2_ws/install/local_setup.ps1'
[7.372s] INFO:colcon.colcon_core.shell:Creating prefix util module '/home/pi/master_thesis/ros2_ws/install/_local_setup_util_ps1.py'
[7.378s] INFO:colcon.colcon_core.shell:Creating prefix chain script '/home/pi/master_thesis/ros2_ws/install/setup.ps1'
[7.387s] INFO:colcon.colcon_core.shell:Creating prefix script '/home/pi/master_thesis/ros2_ws/install/local_setup.sh'
[7.391s] INFO:colcon.colcon_core.shell:Creating prefix util module '/home/pi/master_thesis/ros2_ws/install/_local_setup_util_sh.py'
[7.394s] INFO:colcon.colcon_core.shell:Creating prefix chain script '/home/pi/master_thesis/ros2_ws/install/setup.sh'
[7.400s] INFO:colcon.colcon_core.shell:Creating prefix script '/home/pi/master_thesis/ros2_ws/install/local_setup.bash'
[7.402s] INFO:colcon.colcon_core.shell:Creating prefix chain script '/home/pi/master_thesis/ros2_ws/install/setup.bash'
[7.407s] INFO:colcon.colcon_core.shell:Creating prefix script '/home/pi/master_thesis/ros2_ws/install/local_setup.zsh'
[7.410s] INFO:colcon.colcon_core.shell:Creating prefix chain script '/home/pi/master_thesis/ros2_ws/install/setup.zsh'
