[4.194s] Invoking command in '/home/pi/master_thesis/ros2_ws/src/camera_publisher_py': PYTHONPATH=/home/pi/master_thesis/ros2_ws/build/camera_publisher_py/prefix_override:/usr/lib/python3/dist-packages/colcon_core/task/python/colcon_distutils_commands:/home/pi/master_thesis/ros2_ws/install/camera_publisher_py/lib/python3.10/site-packages:${PYTHONPATH} /usr/bin/python3 -W ignore:setup.py install is deprecated setup.py egg_info --egg-base ../../build/camera_publisher_py build --build-base /home/pi/master_thesis/ros2_ws/build/camera_publisher_py/build install --record /home/pi/master_thesis/ros2_ws/build/camera_publisher_py/install.log --single-version-externally-managed install_data
[5.384s] running egg_info
[5.389s] writing ../../build/camera_publisher_py/camera_publisher_py.egg-info/PKG-INFO
[5.391s] writing dependency_links to ../../build/camera_publisher_py/camera_publisher_py.egg-info/dependency_links.txt
[5.398s] writing entry points to ../../build/camera_publisher_py/camera_publisher_py.egg-info/entry_points.txt
[5.400s] writing requirements to ../../build/camera_publisher_py/camera_publisher_py.egg-info/requires.txt
[5.401s] writing top-level names to ../../build/camera_publisher_py/camera_publisher_py.egg-info/top_level.txt
[5.409s] reading manifest file '../../build/camera_publisher_py/camera_publisher_py.egg-info/SOURCES.txt'
[5.411s] writing manifest file '../../build/camera_publisher_py/camera_publisher_py.egg-info/SOURCES.txt'
[5.411s] running build
[5.411s] running build_py
[5.412s] running install
[5.413s] running install_lib
[5.423s] running install_data
[5.425s] running install_egg_info
[5.435s] removing '/home/pi/master_thesis/ros2_ws/install/camera_publisher_py/lib/python3.10/site-packages/camera_publisher_py-0.0.0-py3.10.egg-info' (and everything under it)
[5.438s] Copying ../../build/camera_publisher_py/camera_publisher_py.egg-info to /home/pi/master_thesis/ros2_ws/install/camera_publisher_py/lib/python3.10/site-packages/camera_publisher_py-0.0.0-py3.10.egg-info
[5.446s] running install_scripts
[5.557s] Installing camera_publisher script to /home/pi/master_thesis/ros2_ws/install/camera_publisher_py/lib/camera_publisher_py
[5.561s] Installing camera_subscriber script to /home/pi/master_thesis/ros2_ws/install/camera_publisher_py/lib/camera_publisher_py
[5.564s] writing list of installed files to '/home/pi/master_thesis/ros2_ws/build/camera_publisher_py/install.log'
[5.807s] Invoked command in '/home/pi/master_thesis/ros2_ws/src/camera_publisher_py' returned '0': PYTHONPATH=/home/pi/master_thesis/ros2_ws/build/camera_publisher_py/prefix_override:/usr/lib/python3/dist-packages/colcon_core/task/python/colcon_distutils_commands:/home/pi/master_thesis/ros2_ws/install/camera_publisher_py/lib/python3.10/site-packages:${PYTHONPATH} /usr/bin/python3 -W ignore:setup.py install is deprecated setup.py egg_info --egg-base ../../build/camera_publisher_py build --build-base /home/pi/master_thesis/ros2_ws/build/camera_publisher_py/build install --record /home/pi/master_thesis/ros2_ws/build/camera_publisher_py/install.log --single-version-externally-managed install_data
