[5.022s] Invoking command in '/home/pi/ros2_ws/src/vn_drone': PYTHONPATH=/home/pi/ros2_ws/build/vn_drone/prefix_override:/usr/lib/python3/dist-packages/colcon_core/task/python/colcon_distutils_commands:/home/pi/ros2_ws/install/vn_drone/lib/python3.10/site-packages:${PYTHONPATH} /usr/bin/python3 -W ignore:setup.py install is deprecated setup.py egg_info --egg-base ../../build/vn_drone build --build-base /home/pi/ros2_ws/build/vn_drone/build install --record /home/pi/ros2_ws/build/vn_drone/install.log --single-version-externally-managed install_data
[6.102s] running egg_info
[6.105s] writing ../../build/vn_drone/vn_drone.egg-info/PKG-INFO
[6.106s] writing dependency_links to ../../build/vn_drone/vn_drone.egg-info/dependency_links.txt
[6.107s] writing entry points to ../../build/vn_drone/vn_drone.egg-info/entry_points.txt
[6.108s] writing requirements to ../../build/vn_drone/vn_drone.egg-info/requires.txt
[6.109s] writing top-level names to ../../build/vn_drone/vn_drone.egg-info/top_level.txt
[6.117s] reading manifest file '../../build/vn_drone/vn_drone.egg-info/SOURCES.txt'
[6.130s] writing manifest file '../../build/vn_drone/vn_drone.egg-info/SOURCES.txt'
[6.131s] running build
[6.132s] running build_py
[6.133s] running install
[6.134s] running install_lib
[6.142s] running install_data
[6.143s] running install_egg_info
[6.151s] removing '/home/pi/ros2_ws/install/vn_drone/lib/python3.10/site-packages/vn_drone-0.0.0-py3.10.egg-info' (and everything under it)
[6.153s] Copying ../../build/vn_drone/vn_drone.egg-info to /home/pi/ros2_ws/install/vn_drone/lib/python3.10/site-packages/vn_drone-0.0.0-py3.10.egg-info
[6.160s] running install_scripts
[6.251s] Installing image_publisher script to /home/pi/ros2_ws/install/vn_drone/lib/vn_drone
[6.252s] Installing image_subscriber script to /home/pi/ros2_ws/install/vn_drone/lib/vn_drone
[6.255s] writing list of installed files to '/home/pi/ros2_ws/build/vn_drone/install.log'
[6.413s] Invoked command in '/home/pi/ros2_ws/src/vn_drone' returned '0': PYTHONPATH=/home/pi/ros2_ws/build/vn_drone/prefix_override:/usr/lib/python3/dist-packages/colcon_core/task/python/colcon_distutils_commands:/home/pi/ros2_ws/install/vn_drone/lib/python3.10/site-packages:${PYTHONPATH} /usr/bin/python3 -W ignore:setup.py install is deprecated setup.py egg_info --egg-base ../../build/vn_drone build --build-base /home/pi/ros2_ws/build/vn_drone/build install --record /home/pi/ros2_ws/build/vn_drone/install.log --single-version-externally-managed install_data
