[3.828s] Invoking command in '/home/pi/master_thesis/ros2_ws/src/vn_drone': PYTHONPATH=/home/pi/master_thesis/ros2_ws/build/vn_drone/prefix_override:/usr/lib/python3/dist-packages/colcon_core/task/python/colcon_distutils_commands:/home/pi/master_thesis/ros2_ws/install/vn_drone/lib/python3.10/site-packages:${PYTHONPATH} /usr/bin/python3 -W ignore:setup.py install is deprecated setup.py egg_info --egg-base ../../build/vn_drone build --build-base /home/pi/master_thesis/ros2_ws/build/vn_drone/build install --record /home/pi/master_thesis/ros2_ws/build/vn_drone/install.log --single-version-externally-managed install_data
[4.888s] running egg_info
[4.891s] writing ../../build/vn_drone/vn_drone.egg-info/PKG-INFO
[4.892s] writing dependency_links to ../../build/vn_drone/vn_drone.egg-info/dependency_links.txt
[4.895s] writing entry points to ../../build/vn_drone/vn_drone.egg-info/entry_points.txt
[4.896s] writing requirements to ../../build/vn_drone/vn_drone.egg-info/requires.txt
[4.897s] writing top-level names to ../../build/vn_drone/vn_drone.egg-info/top_level.txt
[4.904s] reading manifest file '../../build/vn_drone/vn_drone.egg-info/SOURCES.txt'
[4.908s] writing manifest file '../../build/vn_drone/vn_drone.egg-info/SOURCES.txt'
[4.909s] running build
[4.910s] running build_py
[4.911s] running install
[4.913s] running install_lib
[4.920s] running install_data
[4.921s] running install_egg_info
[4.929s] removing '/home/pi/master_thesis/ros2_ws/install/vn_drone/lib/python3.10/site-packages/vn_drone-0.0.0-py3.10.egg-info' (and everything under it)
[4.931s] Copying ../../build/vn_drone/vn_drone.egg-info to /home/pi/master_thesis/ros2_ws/install/vn_drone/lib/python3.10/site-packages/vn_drone-0.0.0-py3.10.egg-info
[4.938s] running install_scripts
[5.027s] Installing image_publisher script to /home/pi/master_thesis/ros2_ws/install/vn_drone/lib/vn_drone
[5.028s] Installing image_subscriber script to /home/pi/master_thesis/ros2_ws/install/vn_drone/lib/vn_drone
[5.030s] writing list of installed files to '/home/pi/master_thesis/ros2_ws/build/vn_drone/install.log'
[5.209s] Invoked command in '/home/pi/master_thesis/ros2_ws/src/vn_drone' returned '0': PYTHONPATH=/home/pi/master_thesis/ros2_ws/build/vn_drone/prefix_override:/usr/lib/python3/dist-packages/colcon_core/task/python/colcon_distutils_commands:/home/pi/master_thesis/ros2_ws/install/vn_drone/lib/python3.10/site-packages:${PYTHONPATH} /usr/bin/python3 -W ignore:setup.py install is deprecated setup.py egg_info --egg-base ../../build/vn_drone build --build-base /home/pi/master_thesis/ros2_ws/build/vn_drone/build install --record /home/pi/master_thesis/ros2_ws/build/vn_drone/install.log --single-version-externally-managed install_data
