[2.363s] Invoking command in '/home/pi/ros2_ws/src/vn_drone': PYTHONPATH=/home/pi/ros2_ws/build/vn_drone/prefix_override:/usr/lib/python3/dist-packages/colcon_core/task/python/colcon_distutils_commands:/home/pi/ros2_ws/install/vn_drone/lib/python3.10/site-packages:${PYTHONPATH} /usr/bin/python3 -W ignore:setup.py install is deprecated setup.py egg_info --egg-base ../../build/vn_drone build --build-base /home/pi/ros2_ws/build/vn_drone/build install --record /home/pi/ros2_ws/build/vn_drone/install.log --single-version-externally-managed install_data
[3.262s] running egg_info
[3.264s] writing ../../build/vn_drone/vn_drone.egg-info/PKG-INFO
[3.265s] writing dependency_links to ../../build/vn_drone/vn_drone.egg-info/dependency_links.txt
[3.266s] writing entry points to ../../build/vn_drone/vn_drone.egg-info/entry_points.txt
[3.267s] writing requirements to ../../build/vn_drone/vn_drone.egg-info/requires.txt
[3.267s] writing top-level names to ../../build/vn_drone/vn_drone.egg-info/top_level.txt
[3.274s] reading manifest file '../../build/vn_drone/vn_drone.egg-info/SOURCES.txt'
[3.277s] writing manifest file '../../build/vn_drone/vn_drone.egg-info/SOURCES.txt'
[3.278s] running build
[3.278s] running build_py
[3.279s] running install
[3.280s] running install_lib
[3.285s] running install_data
[3.286s] running install_egg_info
[3.293s] removing '/home/pi/ros2_ws/install/vn_drone/lib/python3.10/site-packages/vn_drone-0.0.0-py3.10.egg-info' (and everything under it)
[3.294s] Copying ../../build/vn_drone/vn_drone.egg-info to /home/pi/ros2_ws/install/vn_drone/lib/python3.10/site-packages/vn_drone-0.0.0-py3.10.egg-info
[3.299s] running install_scripts
[3.376s] writing list of installed files to '/home/pi/ros2_ws/build/vn_drone/install.log'
[3.481s] Invoked command in '/home/pi/ros2_ws/src/vn_drone' returned '0': PYTHONPATH=/home/pi/ros2_ws/build/vn_drone/prefix_override:/usr/lib/python3/dist-packages/colcon_core/task/python/colcon_distutils_commands:/home/pi/ros2_ws/install/vn_drone/lib/python3.10/site-packages:${PYTHONPATH} /usr/bin/python3 -W ignore:setup.py install is deprecated setup.py egg_info --egg-base ../../build/vn_drone build --build-base /home/pi/ros2_ws/build/vn_drone/build install --record /home/pi/ros2_ws/build/vn_drone/install.log --single-version-externally-managed install_data
