running egg_info
writing ../../build/camera_publisher_py/camera_publisher_py.egg-info/PKG-INFO
writing dependency_links to ../../build/camera_publisher_py/camera_publisher_py.egg-info/dependency_links.txt
writing entry points to ../../build/camera_publisher_py/camera_publisher_py.egg-info/entry_points.txt
writing requirements to ../../build/camera_publisher_py/camera_publisher_py.egg-info/requires.txt
writing top-level names to ../../build/camera_publisher_py/camera_publisher_py.egg-info/top_level.txt
reading manifest file '../../build/camera_publisher_py/camera_publisher_py.egg-info/SOURCES.txt'
writing manifest file '../../build/camera_publisher_py/camera_publisher_py.egg-info/SOURCES.txt'
running build
running build_py
copying camera_publisher_py/camera_publisher.py -> /home/pi/ros2_ws/build/camera_publisher_py/build/lib/camera_publisher_py
running install
running install_lib
creating /home/pi/ros2_ws/install/camera_publisher_py/lib/python3.10/site-packages/log
creating /home/pi/ros2_ws/install/camera_publisher_py/lib/python3.10/site-packages/log/latest_build
copying /home/pi/ros2_ws/build/camera_publisher_py/build/lib/log/latest_build/events.log -> /home/pi/ros2_ws/install/camera_publisher_py/lib/python3.10/site-packages/log/latest_build
copying /home/pi/ros2_ws/build/camera_publisher_py/build/lib/log/latest_build/logger_all.log -> /home/pi/ros2_ws/install/camera_publisher_py/lib/python3.10/site-packages/log/latest_build
creating /home/pi/ros2_ws/install/camera_publisher_py/lib/python3.10/site-packages/log/build_2024-10-23_04-19-00
copying /home/pi/ros2_ws/build/camera_publisher_py/build/lib/log/build_2024-10-23_04-19-00/events.log -> /home/pi/ros2_ws/install/camera_publisher_py/lib/python3.10/site-packages/log/build_2024-10-23_04-19-00
copying /home/pi/ros2_ws/build/camera_publisher_py/build/lib/log/build_2024-10-23_04-19-00/logger_all.log -> /home/pi/ros2_ws/install/camera_publisher_py/lib/python3.10/site-packages/log/build_2024-10-23_04-19-00
creating /home/pi/ros2_ws/install/camera_publisher_py/lib/python3.10/site-packages/log/latest
copying /home/pi/ros2_ws/build/camera_publisher_py/build/lib/log/latest/events.log -> /home/pi/ros2_ws/install/camera_publisher_py/lib/python3.10/site-packages/log/latest
copying /home/pi/ros2_ws/build/camera_publisher_py/build/lib/log/latest/logger_all.log -> /home/pi/ros2_ws/install/camera_publisher_py/lib/python3.10/site-packages/log/latest
copying /home/pi/ros2_ws/build/camera_publisher_py/build/lib/log/COLCON_IGNORE -> /home/pi/ros2_ws/install/camera_publisher_py/lib/python3.10/site-packages/log
creating /home/pi/ros2_ws/install/camera_publisher_py/lib/python3.10/site-packages/install
copying /home/pi/ros2_ws/build/camera_publisher_py/build/lib/install/.colcon_install_layout -> /home/pi/ros2_ws/install/camera_publisher_py/lib/python3.10/site-packages/install
copying /home/pi/ros2_ws/build/camera_publisher_py/build/lib/install/setup.ps1 -> /home/pi/ros2_ws/install/camera_publisher_py/lib/python3.10/site-packages/install
copying /home/pi/ros2_ws/build/camera_publisher_py/build/lib/install/local_setup.zsh -> /home/pi/ros2_ws/install/camera_publisher_py/lib/python3.10/site-packages/install
copying /home/pi/ros2_ws/build/camera_publisher_py/build/lib/install/COLCON_IGNORE -> /home/pi/ros2_ws/install/camera_publisher_py/lib/python3.10/site-packages/install
copying /home/pi/ros2_ws/build/camera_publisher_py/build/lib/install/local_setup.bash -> /home/pi/ros2_ws/install/camera_publisher_py/lib/python3.10/site-packages/install
copying /home/pi/ros2_ws/build/camera_publisher_py/build/lib/install/setup.zsh -> /home/pi/ros2_ws/install/camera_publisher_py/lib/python3.10/site-packages/install
copying /home/pi/ros2_ws/build/camera_publisher_py/build/lib/install/setup.bash -> /home/pi/ros2_ws/install/camera_publisher_py/lib/python3.10/site-packages/install
copying /home/pi/ros2_ws/build/camera_publisher_py/build/lib/install/local_setup.sh -> /home/pi/ros2_ws/install/camera_publisher_py/lib/python3.10/site-packages/install
copying /home/pi/ros2_ws/build/camera_publisher_py/build/lib/install/_local_setup_util_ps1.py -> /home/pi/ros2_ws/install/camera_publisher_py/lib/python3.10/site-packages/install
copying /home/pi/ros2_ws/build/camera_publisher_py/build/lib/install/setup.sh -> /home/pi/ros2_ws/install/camera_publisher_py/lib/python3.10/site-packages/install
copying /home/pi/ros2_ws/build/camera_publisher_py/build/lib/install/_local_setup_util_sh.py -> /home/pi/ros2_ws/install/camera_publisher_py/lib/python3.10/site-packages/install
copying /home/pi/ros2_ws/build/camera_publisher_py/build/lib/install/local_setup.ps1 -> /home/pi/ros2_ws/install/camera_publisher_py/lib/python3.10/site-packages/install
copying /home/pi/ros2_ws/build/camera_publisher_py/build/lib/camera_publisher_py/camera_publisher.py -> /home/pi/ros2_ws/install/camera_publisher_py/lib/python3.10/site-packages/camera_publisher_py
creating /home/pi/ros2_ws/install/camera_publisher_py/lib/python3.10/site-packages/build
copying /home/pi/ros2_ws/build/camera_publisher_py/build/lib/build/COLCON_IGNORE -> /home/pi/ros2_ws/install/camera_publisher_py/lib/python3.10/site-packages/build
copying /home/pi/ros2_ws/build/camera_publisher_py/build/lib/build/.built_by -> /home/pi/ros2_ws/install/camera_publisher_py/lib/python3.10/site-packages/build
byte-compiling /home/pi/ros2_ws/install/camera_publisher_py/lib/python3.10/site-packages/install/_local_setup_util_ps1.py to _local_setup_util_ps1.cpython-310.pyc
byte-compiling /home/pi/ros2_ws/install/camera_publisher_py/lib/python3.10/site-packages/install/_local_setup_util_sh.py to _local_setup_util_sh.cpython-310.pyc
byte-compiling /home/pi/ros2_ws/install/camera_publisher_py/lib/python3.10/site-packages/camera_publisher_py/camera_publisher.py to camera_publisher.cpython-310.pyc
running install_data
running install_egg_info
removing '/home/pi/ros2_ws/install/camera_publisher_py/lib/python3.10/site-packages/camera_publisher_py-0.0.0-py3.10.egg-info' (and everything under it)
Copying ../../build/camera_publisher_py/camera_publisher_py.egg-info to /home/pi/ros2_ws/install/camera_publisher_py/lib/python3.10/site-packages/camera_publisher_py-0.0.0-py3.10.egg-info
running install_scripts
Installing camera_publisher script to /home/pi/ros2_ws/install/camera_publisher_py/lib/camera_publisher_py
writing list of installed files to '/home/pi/ros2_ws/build/camera_publisher_py/install.log'
