[5.603s] Invoking command in '/home/pi/ros2_ws/src/vn_drone': PYTHONPATH=/home/pi/ros2_ws/build/vn_drone/prefix_override:/usr/lib/python3/dist-packages/colcon_core/task/python/colcon_distutils_commands:/home/pi/ros2_ws/install/vn_drone/lib/python3.10/site-packages:${PYTHONPATH} /usr/bin/python3 -W ignore:setup.py install is deprecated setup.py egg_info --egg-base ../../build/vn_drone build --build-base /home/pi/ros2_ws/build/vn_drone/build install --record /home/pi/ros2_ws/build/vn_drone/install.log --single-version-externally-managed install_data
[7.338s] running egg_info
[7.339s] writing ../../build/vn_drone/vn_drone.egg-info/PKG-INFO
[7.339s] writing dependency_links to ../../build/vn_drone/vn_drone.egg-info/dependency_links.txt
[7.343s] writing entry points to ../../build/vn_drone/vn_drone.egg-info/entry_points.txt
[7.347s] writing requirements to ../../build/vn_drone/vn_drone.egg-info/requires.txt
[7.350s] writing top-level names to ../../build/vn_drone/vn_drone.egg-info/top_level.txt
[7.363s] reading manifest file '../../build/vn_drone/vn_drone.egg-info/SOURCES.txt'
[7.368s] writing manifest file '../../build/vn_drone/vn_drone.egg-info/SOURCES.txt'
[7.370s] running build
[7.372s] running build_py
[7.374s] running install
[7.375s] running install_lib
[7.385s] running install_data
[7.388s] running install_egg_info
[7.396s] removing '/home/pi/ros2_ws/install/vn_drone/lib/python3.10/site-packages/vn_drone-0.0.0-py3.10.egg-info' (and everything under it)
[7.401s] Copying ../../build/vn_drone/vn_drone.egg-info to /home/pi/ros2_ws/install/vn_drone/lib/python3.10/site-packages/vn_drone-0.0.0-py3.10.egg-info
[7.409s] running install_scripts
[7.526s] Installing image_publisher script to /home/pi/ros2_ws/install/vn_drone/lib/vn_drone
[7.538s] Installing image_subscriber script to /home/pi/ros2_ws/install/vn_drone/lib/vn_drone
[7.546s] writing list of installed files to '/home/pi/ros2_ws/build/vn_drone/install.log'
[7.737s] Invoked command in '/home/pi/ros2_ws/src/vn_drone' returned '0': PYTHONPATH=/home/pi/ros2_ws/build/vn_drone/prefix_override:/usr/lib/python3/dist-packages/colcon_core/task/python/colcon_distutils_commands:/home/pi/ros2_ws/install/vn_drone/lib/python3.10/site-packages:${PYTHONPATH} /usr/bin/python3 -W ignore:setup.py install is deprecated setup.py egg_info --egg-base ../../build/vn_drone build --build-base /home/pi/ros2_ws/build/vn_drone/build install --record /home/pi/ros2_ws/build/vn_drone/install.log --single-version-externally-managed install_data
