[4.059s] Invoking command in '/home/pi/ros2_ws/src/vn_drone': PYTHONPATH=/home/pi/ros2_ws/build/vn_drone/prefix_override:/usr/lib/python3/dist-packages/colcon_core/task/python/colcon_distutils_commands:/home/pi/ros2_ws/install/vn_drone/lib/python3.10/site-packages:${PYTHONPATH} /usr/bin/python3 -W ignore:setup.py install is deprecated setup.py egg_info --egg-base ../../build/vn_drone build --build-base /home/pi/ros2_ws/build/vn_drone/build install --record /home/pi/ros2_ws/build/vn_drone/install.log --single-version-externally-managed install_data
[5.176s] running egg_info
[5.178s] writing ../../build/vn_drone/vn_drone.egg-info/PKG-INFO
[5.180s] writing dependency_links to ../../build/vn_drone/vn_drone.egg-info/dependency_links.txt
[5.182s] writing entry points to ../../build/vn_drone/vn_drone.egg-info/entry_points.txt
[5.183s] writing requirements to ../../build/vn_drone/vn_drone.egg-info/requires.txt
[5.186s] writing top-level names to ../../build/vn_drone/vn_drone.egg-info/top_level.txt
[5.193s] reading manifest file '../../build/vn_drone/vn_drone.egg-info/SOURCES.txt'
[5.197s] writing manifest file '../../build/vn_drone/vn_drone.egg-info/SOURCES.txt'
[5.198s] running build
[5.199s] running build_py
[5.201s] running install
[5.202s] running install_lib
[5.207s] running install_data
[5.208s] running install_egg_info
[5.217s] removing '/home/pi/ros2_ws/install/vn_drone/lib/python3.10/site-packages/vn_drone-0.0.0-py3.10.egg-info' (and everything under it)
[5.219s] Copying ../../build/vn_drone/vn_drone.egg-info to /home/pi/ros2_ws/install/vn_drone/lib/python3.10/site-packages/vn_drone-0.0.0-py3.10.egg-info
[5.228s] running install_scripts
[5.318s] Installing image_publisher script to /home/pi/ros2_ws/install/vn_drone/lib/vn_drone
[5.319s] Installing image_subscriber script to /home/pi/ros2_ws/install/vn_drone/lib/vn_drone
[5.321s] writing list of installed files to '/home/pi/ros2_ws/build/vn_drone/install.log'
[5.586s] Invoked command in '/home/pi/ros2_ws/src/vn_drone' returned '0': PYTHONPATH=/home/pi/ros2_ws/build/vn_drone/prefix_override:/usr/lib/python3/dist-packages/colcon_core/task/python/colcon_distutils_commands:/home/pi/ros2_ws/install/vn_drone/lib/python3.10/site-packages:${PYTHONPATH} /usr/bin/python3 -W ignore:setup.py install is deprecated setup.py egg_info --egg-base ../../build/vn_drone build --build-base /home/pi/ros2_ws/build/vn_drone/build install --record /home/pi/ros2_ws/build/vn_drone/install.log --single-version-externally-managed install_data
