[0.475s] DEBUG:colcon:Command line arguments: ['/usr/bin/colcon', 'build']
[0.476s] DEBUG:colcon:Parsed command line arguments: Namespace(log_base=None, log_level=None, verb_name='build', build_base='build', install_base='install', merge_install=False, symlink_install=False, test_result_base=None, continue_on_error=False, executor='parallel', parallel_workers=4, event_handlers=None, ignore_user_meta=False, metas=['./colcon.meta'], base_paths=['.'], packages_ignore=None, packages_ignore_regex=None, paths=None, packages_up_to=None, packages_up_to_regex=None, packages_above=None, packages_above_and_dependencies=None, packages_above_depth=None, packages_select_by_dep=None, packages_skip_by_dep=None, packages_skip_up_to=None, packages_select_build_failed=False, packages_skip_build_finished=False, packages_select_test_failures=False, packages_skip_test_passed=False, packages_select=None, packages_skip=None, packages_select_regex=None, packages_skip_regex=None, packages_start=None, packages_end=None, allow_overriding=[], cmake_args=None, cmake_target=None, cmake_target_skip_unavailable=False, cmake_clean_cache=False, cmake_clean_first=False, cmake_force_configure=False, ament_cmake_args=None, catkin_cmake_args=None, catkin_skip_building_tests=False, verb_parser=<colcon_defaults.argument_parser.defaults.DefaultArgumentsDecorator object at 0xffffb8e9aec0>, verb_extension=<colcon_core.verb.build.BuildVerb object at 0xffffb902faf0>, main=<bound method BuildVerb.main of <colcon_core.verb.build.BuildVerb object at 0xffffb902faf0>>)
[1.216s] Level 1:colcon.colcon_core.package_discovery:discover_packages(colcon_meta) check parameters
[1.216s] Level 1:colcon.colcon_core.package_discovery:discover_packages(recursive) check parameters
[1.217s] Level 1:colcon.colcon_core.package_discovery:discover_packages(ignore) check parameters
[1.217s] Level 1:colcon.colcon_core.package_discovery:discover_packages(path) check parameters
[1.217s] Level 1:colcon.colcon_core.package_discovery:discover_packages(colcon_meta) discover
[1.217s] Level 1:colcon.colcon_core.package_discovery:discover_packages(recursive) discover
[1.217s] INFO:colcon.colcon_core.package_discovery:Crawling recursively for packages in '/home/pi/master_thesis/ros2_ws'
[1.218s] Level 1:colcon.colcon_core.package_identification:_identify(.) by extensions ['ignore', 'ignore_ament_install']
[1.218s] Level 1:colcon.colcon_core.package_identification:_identify(.) by extension 'ignore'
[1.219s] Level 1:colcon.colcon_core.package_identification:_identify(.) by extension 'ignore_ament_install'
[1.219s] Level 1:colcon.colcon_core.package_identification:_identify(.) by extensions ['colcon_pkg']
[1.219s] Level 1:colcon.colcon_core.package_identification:_identify(.) by extension 'colcon_pkg'
[1.220s] Level 1:colcon.colcon_core.package_identification:_identify(.) by extensions ['colcon_meta']
[1.220s] Level 1:colcon.colcon_core.package_identification:_identify(.) by extension 'colcon_meta'
[1.220s] Level 1:colcon.colcon_core.package_identification:_identify(.) by extensions ['ros']
[1.220s] Level 1:colcon.colcon_core.package_identification:_identify(.) by extension 'ros'
[1.269s] Level 1:colcon.colcon_core.package_identification:_identify(.) by extensions ['cmake', 'python']
[1.269s] Level 1:colcon.colcon_core.package_identification:_identify(.) by extension 'cmake'
[1.269s] Level 1:colcon.colcon_core.package_identification:_identify(.) by extension 'python'
[1.269s] Level 1:colcon.colcon_core.package_identification:_identify(.) by extensions ['python_setup_py']
[1.269s] Level 1:colcon.colcon_core.package_identification:_identify(.) by extension 'python_setup_py'
[1.270s] Level 1:colcon.colcon_core.package_identification:_identify(build) by extensions ['ignore', 'ignore_ament_install']
[1.270s] Level 1:colcon.colcon_core.package_identification:_identify(build) by extension 'ignore'
[1.271s] Level 1:colcon.colcon_core.package_identification:_identify(build) ignored
[1.271s] Level 1:colcon.colcon_core.package_identification:_identify(install) by extensions ['ignore', 'ignore_ament_install']
[1.272s] Level 1:colcon.colcon_core.package_identification:_identify(install) by extension 'ignore'
[1.272s] Level 1:colcon.colcon_core.package_identification:_identify(install) ignored
[1.274s] Level 1:colcon.colcon_core.package_identification:_identify(log) by extensions ['ignore', 'ignore_ament_install']
[1.274s] Level 1:colcon.colcon_core.package_identification:_identify(log) by extension 'ignore'
[1.275s] Level 1:colcon.colcon_core.package_identification:_identify(log) ignored
[1.275s] Level 1:colcon.colcon_core.package_identification:_identify(src) by extensions ['ignore', 'ignore_ament_install']
[1.276s] Level 1:colcon.colcon_core.package_identification:_identify(src) by extension 'ignore'
[1.276s] Level 1:colcon.colcon_core.package_identification:_identify(src) by extension 'ignore_ament_install'
[1.276s] Level 1:colcon.colcon_core.package_identification:_identify(src) by extensions ['colcon_pkg']
[1.276s] Level 1:colcon.colcon_core.package_identification:_identify(src) by extension 'colcon_pkg'
[1.277s] Level 1:colcon.colcon_core.package_identification:_identify(src) by extensions ['colcon_meta']
[1.277s] Level 1:colcon.colcon_core.package_identification:_identify(src) by extension 'colcon_meta'
[1.277s] Level 1:colcon.colcon_core.package_identification:_identify(src) by extensions ['ros']
[1.277s] Level 1:colcon.colcon_core.package_identification:_identify(src) by extension 'ros'
[1.277s] Level 1:colcon.colcon_core.package_identification:_identify(src) by extensions ['cmake', 'python']
[1.278s] Level 1:colcon.colcon_core.package_identification:_identify(src) by extension 'cmake'
[1.278s] Level 1:colcon.colcon_core.package_identification:_identify(src) by extension 'python'
[1.278s] Level 1:colcon.colcon_core.package_identification:_identify(src) by extensions ['python_setup_py']
[1.278s] Level 1:colcon.colcon_core.package_identification:_identify(src) by extension 'python_setup_py'
[1.279s] Level 1:colcon.colcon_core.package_identification:_identify(src/build) by extensions ['ignore', 'ignore_ament_install']
[1.280s] Level 1:colcon.colcon_core.package_identification:_identify(src/build) by extension 'ignore'
[1.280s] Level 1:colcon.colcon_core.package_identification:_identify(src/build) ignored
[1.280s] Level 1:colcon.colcon_core.package_identification:_identify(src/camera_publisher_py) by extensions ['ignore', 'ignore_ament_install']
[1.281s] Level 1:colcon.colcon_core.package_identification:_identify(src/camera_publisher_py) by extension 'ignore'
[1.281s] Level 1:colcon.colcon_core.package_identification:_identify(src/camera_publisher_py) by extension 'ignore_ament_install'
[1.281s] Level 1:colcon.colcon_core.package_identification:_identify(src/camera_publisher_py) by extensions ['colcon_pkg']
[1.281s] Level 1:colcon.colcon_core.package_identification:_identify(src/camera_publisher_py) by extension 'colcon_pkg'
[1.281s] Level 1:colcon.colcon_core.package_identification:_identify(src/camera_publisher_py) by extensions ['colcon_meta']
[1.282s] Level 1:colcon.colcon_core.package_identification:_identify(src/camera_publisher_py) by extension 'colcon_meta'
[1.282s] Level 1:colcon.colcon_core.package_identification:_identify(src/camera_publisher_py) by extensions ['ros']
[1.282s] Level 1:colcon.colcon_core.package_identification:_identify(src/camera_publisher_py) by extension 'ros'
[1.292s] DEBUG:colcon.colcon_core.package_identification:Package 'src/camera_publisher_py' with type 'ros.ament_python' and name 'camera_publisher_py'
[1.293s] Level 1:colcon.colcon_core.package_identification:_identify(src/install) by extensions ['ignore', 'ignore_ament_install']
[1.294s] Level 1:colcon.colcon_core.package_identification:_identify(src/install) by extension 'ignore'
[1.294s] Level 1:colcon.colcon_core.package_identification:_identify(src/install) ignored
[1.295s] Level 1:colcon.colcon_core.package_identification:_identify(src/log) by extensions ['ignore', 'ignore_ament_install']
[1.295s] Level 1:colcon.colcon_core.package_identification:_identify(src/log) by extension 'ignore'
[1.295s] Level 1:colcon.colcon_core.package_identification:_identify(src/log) ignored
[1.296s] Level 1:colcon.colcon_core.package_identification:_identify(src/vn_drone) by extensions ['ignore', 'ignore_ament_install']
[1.296s] Level 1:colcon.colcon_core.package_identification:_identify(src/vn_drone) by extension 'ignore'
[1.296s] Level 1:colcon.colcon_core.package_identification:_identify(src/vn_drone) by extension 'ignore_ament_install'
[1.297s] Level 1:colcon.colcon_core.package_identification:_identify(src/vn_drone) by extensions ['colcon_pkg']
[1.297s] Level 1:colcon.colcon_core.package_identification:_identify(src/vn_drone) by extension 'colcon_pkg'
[1.297s] Level 1:colcon.colcon_core.package_identification:_identify(src/vn_drone) by extensions ['colcon_meta']
[1.297s] Level 1:colcon.colcon_core.package_identification:_identify(src/vn_drone) by extension 'colcon_meta'
[1.297s] Level 1:colcon.colcon_core.package_identification:_identify(src/vn_drone) by extensions ['ros']
[1.297s] Level 1:colcon.colcon_core.package_identification:_identify(src/vn_drone) by extension 'ros'
[1.299s] DEBUG:colcon.colcon_core.package_identification:Package 'src/vn_drone' with type 'ros.ament_python' and name 'vn_drone'
[1.300s] Level 1:colcon.colcon_core.package_discovery:discover_packages(recursive) using defaults
[1.300s] Level 1:colcon.colcon_core.package_discovery:discover_packages(ignore) discover
[1.300s] Level 1:colcon.colcon_core.package_discovery:discover_packages(ignore) using defaults
[1.300s] Level 1:colcon.colcon_core.package_discovery:discover_packages(path) discover
[1.300s] Level 1:colcon.colcon_core.package_discovery:discover_packages(path) using defaults
[1.389s] Level 1:colcon.colcon_core.package_discovery:discover_packages(prefix_path) check parameters
[1.389s] Level 1:colcon.colcon_core.package_discovery:discover_packages(prefix_path) discover
[1.399s] DEBUG:colcon.colcon_installed_package_information.package_discovery:Found 2 installed packages in /home/pi/master_thesis/ros2_ws/install
[1.401s] DEBUG:colcon.colcon_installed_package_information.package_discovery:Found 2 installed packages in /home/pi/ros2_ws/install
[1.408s] DEBUG:colcon.colcon_installed_package_information.package_discovery:Found 185 installed packages in /opt/ros/humble
[1.412s] Level 1:colcon.colcon_core.package_discovery:discover_packages(prefix_path) using defaults
[1.533s] Level 5:colcon.colcon_core.verb:set package 'camera_publisher_py' build argument 'cmake_args' from command line to 'None'
[1.533s] Level 5:colcon.colcon_core.verb:set package 'camera_publisher_py' build argument 'cmake_target' from command line to 'None'
[1.533s] Level 5:colcon.colcon_core.verb:set package 'camera_publisher_py' build argument 'cmake_target_skip_unavailable' from command line to 'False'
[1.533s] Level 5:colcon.colcon_core.verb:set package 'camera_publisher_py' build argument 'cmake_clean_cache' from command line to 'False'
[1.533s] Level 5:colcon.colcon_core.verb:set package 'camera_publisher_py' build argument 'cmake_clean_first' from command line to 'False'
[1.533s] Level 5:colcon.colcon_core.verb:set package 'camera_publisher_py' build argument 'cmake_force_configure' from command line to 'False'
[1.533s] Level 5:colcon.colcon_core.verb:set package 'camera_publisher_py' build argument 'ament_cmake_args' from command line to 'None'
[1.534s] Level 5:colcon.colcon_core.verb:set package 'camera_publisher_py' build argument 'catkin_cmake_args' from command line to 'None'
[1.534s] Level 5:colcon.colcon_core.verb:set package 'camera_publisher_py' build argument 'catkin_skip_building_tests' from command line to 'False'
[1.534s] DEBUG:colcon.colcon_core.verb:Building package 'camera_publisher_py' with the following arguments: {'ament_cmake_args': None, 'build_base': '/home/pi/master_thesis/ros2_ws/build/camera_publisher_py', 'catkin_cmake_args': None, 'catkin_skip_building_tests': False, 'cmake_args': None, 'cmake_clean_cache': False, 'cmake_clean_first': False, 'cmake_force_configure': False, 'cmake_target': None, 'cmake_target_skip_unavailable': False, 'install_base': '/home/pi/master_thesis/ros2_ws/install/camera_publisher_py', 'merge_install': False, 'path': '/home/pi/master_thesis/ros2_ws/src/camera_publisher_py', 'symlink_install': False, 'test_result_base': None}
[1.535s] Level 5:colcon.colcon_core.verb:set package 'vn_drone' build argument 'cmake_args' from command line to 'None'
[1.536s] Level 5:colcon.colcon_core.verb:set package 'vn_drone' build argument 'cmake_target' from command line to 'None'
[1.536s] Level 5:colcon.colcon_core.verb:set package 'vn_drone' build argument 'cmake_target_skip_unavailable' from command line to 'False'
[1.536s] Level 5:colcon.colcon_core.verb:set package 'vn_drone' build argument 'cmake_clean_cache' from command line to 'False'
[1.536s] Level 5:colcon.colcon_core.verb:set package 'vn_drone' build argument 'cmake_clean_first' from command line to 'False'
[1.536s] Level 5:colcon.colcon_core.verb:set package 'vn_drone' build argument 'cmake_force_configure' from command line to 'False'
[1.536s] Level 5:colcon.colcon_core.verb:set package 'vn_drone' build argument 'ament_cmake_args' from command line to 'None'
[1.536s] Level 5:colcon.colcon_core.verb:set package 'vn_drone' build argument 'catkin_cmake_args' from command line to 'None'
[1.536s] Level 5:colcon.colcon_core.verb:set package 'vn_drone' build argument 'catkin_skip_building_tests' from command line to 'False'
[1.537s] DEBUG:colcon.colcon_core.verb:Building package 'vn_drone' with the following arguments: {'ament_cmake_args': None, 'build_base': '/home/pi/master_thesis/ros2_ws/build/vn_drone', 'catkin_cmake_args': None, 'catkin_skip_building_tests': False, 'cmake_args': None, 'cmake_clean_cache': False, 'cmake_clean_first': False, 'cmake_force_configure': False, 'cmake_target': None, 'cmake_target_skip_unavailable': False, 'install_base': '/home/pi/master_thesis/ros2_ws/install/vn_drone', 'merge_install': False, 'path': '/home/pi/master_thesis/ros2_ws/src/vn_drone', 'symlink_install': False, 'test_result_base': None}
[1.537s] INFO:colcon.colcon_core.executor:Executing jobs using 'parallel' executor
[1.541s] DEBUG:colcon.colcon_parallel_executor.executor.parallel:run_until_complete
[1.543s] INFO:colcon.colcon_ros.task.ament_python.build:Building ROS package in '/home/pi/master_thesis/ros2_ws/src/camera_publisher_py' with build type 'ament_python'
[1.545s] Level 1:colcon.colcon_core.shell:create_environment_hook('camera_publisher_py', 'ament_prefix_path')
[1.556s] INFO:colcon.colcon_core.plugin_system:Skipping extension 'colcon_core.shell.bat': Not used on non-Windows systems
[1.557s] INFO:colcon.colcon_core.shell:Creating environment hook '/home/pi/master_thesis/ros2_ws/install/camera_publisher_py/share/camera_publisher_py/hook/ament_prefix_path.ps1'
[1.560s] INFO:colcon.colcon_core.shell:Creating environment descriptor '/home/pi/master_thesis/ros2_ws/install/camera_publisher_py/share/camera_publisher_py/hook/ament_prefix_path.dsv'
[1.563s] INFO:colcon.colcon_core.shell:Creating environment hook '/home/pi/master_thesis/ros2_ws/install/camera_publisher_py/share/camera_publisher_py/hook/ament_prefix_path.sh'
[1.567s] INFO:colcon.colcon_core.shell:Skip shell extension 'powershell' for command environment: Not usable outside of PowerShell
[1.567s] DEBUG:colcon.colcon_core.shell:Skip shell extension 'dsv' for command environment
[1.585s] INFO:colcon.colcon_ros.task.ament_python.build:Building ROS package in '/home/pi/master_thesis/ros2_ws/src/vn_drone' with build type 'ament_python'
[1.586s] Level 1:colcon.colcon_core.shell:create_environment_hook('vn_drone', 'ament_prefix_path')
[1.587s] INFO:colcon.colcon_core.shell:Creating environment hook '/home/pi/master_thesis/ros2_ws/install/vn_drone/share/vn_drone/hook/ament_prefix_path.ps1'
[1.590s] INFO:colcon.colcon_core.shell:Creating environment descriptor '/home/pi/master_thesis/ros2_ws/install/vn_drone/share/vn_drone/hook/ament_prefix_path.dsv'
[1.592s] INFO:colcon.colcon_core.shell:Creating environment hook '/home/pi/master_thesis/ros2_ws/install/vn_drone/share/vn_drone/hook/ament_prefix_path.sh'
[1.595s] INFO:colcon.colcon_core.shell:Skip shell extension 'powershell' for command environment: Not usable outside of PowerShell
[1.596s] DEBUG:colcon.colcon_core.shell:Skip shell extension 'dsv' for command environment
[2.731s] INFO:colcon.colcon_core.task.python.build:Building Python package in '/home/pi/master_thesis/ros2_ws/src/camera_publisher_py'
[2.732s] INFO:colcon.colcon_core.shell:Skip shell extension 'powershell' for command environment: Not usable outside of PowerShell
[2.732s] DEBUG:colcon.colcon_core.shell:Skip shell extension 'dsv' for command environment
[3.891s] INFO:colcon.colcon_core.task.python.build:Building Python package in '/home/pi/master_thesis/ros2_ws/src/vn_drone'
[3.893s] INFO:colcon.colcon_core.shell:Skip shell extension 'powershell' for command environment: Not usable outside of PowerShell
[3.893s] DEBUG:colcon.colcon_core.shell:Skip shell extension 'dsv' for command environment
[5.748s] DEBUG:colcon.colcon_core.event_handler.log_command:Invoking command in '/home/pi/master_thesis/ros2_ws/src/camera_publisher_py': PYTHONPATH=/home/pi/master_thesis/ros2_ws/build/camera_publisher_py/prefix_override:/usr/lib/python3/dist-packages/colcon_core/task/python/colcon_distutils_commands:/home/pi/master_thesis/ros2_ws/install/camera_publisher_py/lib/python3.10/site-packages:${PYTHONPATH} /usr/bin/python3 -W ignore:setup.py install is deprecated setup.py egg_info --egg-base ../../build/camera_publisher_py build --build-base /home/pi/master_thesis/ros2_ws/build/camera_publisher_py/build install --record /home/pi/master_thesis/ros2_ws/build/camera_publisher_py/install.log --single-version-externally-managed install_data
[5.849s] DEBUG:colcon.colcon_core.event_handler.log_command:Invoking command in '/home/pi/master_thesis/ros2_ws/src/vn_drone': PYTHONPATH=/home/pi/master_thesis/ros2_ws/build/vn_drone/prefix_override:/usr/lib/python3/dist-packages/colcon_core/task/python/colcon_distutils_commands:/home/pi/master_thesis/ros2_ws/install/vn_drone/lib/python3.10/site-packages:${PYTHONPATH} /usr/bin/python3 -W ignore:setup.py install is deprecated setup.py egg_info --egg-base ../../build/vn_drone build --build-base /home/pi/master_thesis/ros2_ws/build/vn_drone/build install --record /home/pi/master_thesis/ros2_ws/build/vn_drone/install.log --single-version-externally-managed install_data
[7.307s] DEBUG:colcon.colcon_core.event_handler.log_command:Invoked command in '/home/pi/master_thesis/ros2_ws/src/camera_publisher_py' returned '0': PYTHONPATH=/home/pi/master_thesis/ros2_ws/build/camera_publisher_py/prefix_override:/usr/lib/python3/dist-packages/colcon_core/task/python/colcon_distutils_commands:/home/pi/master_thesis/ros2_ws/install/camera_publisher_py/lib/python3.10/site-packages:${PYTHONPATH} /usr/bin/python3 -W ignore:setup.py install is deprecated setup.py egg_info --egg-base ../../build/camera_publisher_py build --build-base /home/pi/master_thesis/ros2_ws/build/camera_publisher_py/build install --record /home/pi/master_thesis/ros2_ws/build/camera_publisher_py/install.log --single-version-externally-managed install_data
[7.328s] Level 1:colcon.colcon_core.environment:checking '/home/pi/master_thesis/ros2_ws/install/camera_publisher_py' for CMake module files
[7.331s] Level 1:colcon.colcon_core.environment:checking '/home/pi/master_thesis/ros2_ws/install/camera_publisher_py' for CMake config files
[7.352s] Level 1:colcon.colcon_core.environment:checking '/home/pi/master_thesis/ros2_ws/install/camera_publisher_py/lib'
[7.353s] Level 1:colcon.colcon_core.environment:checking '/home/pi/master_thesis/ros2_ws/install/camera_publisher_py/bin'
[7.353s] Level 1:colcon.colcon_core.environment:checking '/home/pi/master_thesis/ros2_ws/install/camera_publisher_py/lib/pkgconfig/camera_publisher_py.pc'
[7.354s] Level 1:colcon.colcon_core.environment:checking '/home/pi/master_thesis/ros2_ws/install/camera_publisher_py/lib/python3.10/site-packages'
[7.355s] Level 1:colcon.colcon_core.shell:create_environment_hook('camera_publisher_py', 'pythonpath')
[7.356s] INFO:colcon.colcon_core.shell:Creating environment hook '/home/pi/master_thesis/ros2_ws/install/camera_publisher_py/share/camera_publisher_py/hook/pythonpath.ps1'
[7.358s] INFO:colcon.colcon_core.shell:Creating environment descriptor '/home/pi/master_thesis/ros2_ws/install/camera_publisher_py/share/camera_publisher_py/hook/pythonpath.dsv'
[7.360s] INFO:colcon.colcon_core.shell:Creating environment hook '/home/pi/master_thesis/ros2_ws/install/camera_publisher_py/share/camera_publisher_py/hook/pythonpath.sh'
[7.363s] Level 1:colcon.colcon_core.environment:checking '/home/pi/master_thesis/ros2_ws/install/camera_publisher_py/bin'
[7.364s] Level 1:colcon.colcon_core.environment:create_environment_scripts_only(camera_publisher_py)
[7.365s] INFO:colcon.colcon_core.shell:Creating package script '/home/pi/master_thesis/ros2_ws/install/camera_publisher_py/share/camera_publisher_py/package.ps1'
[7.369s] INFO:colcon.colcon_core.shell:Creating package descriptor '/home/pi/master_thesis/ros2_ws/install/camera_publisher_py/share/camera_publisher_py/package.dsv'
[7.372s] INFO:colcon.colcon_core.shell:Creating package script '/home/pi/master_thesis/ros2_ws/install/camera_publisher_py/share/camera_publisher_py/package.sh'
[7.376s] INFO:colcon.colcon_core.shell:Creating package script '/home/pi/master_thesis/ros2_ws/install/camera_publisher_py/share/camera_publisher_py/package.bash'
[7.380s] INFO:colcon.colcon_core.shell:Creating package script '/home/pi/master_thesis/ros2_ws/install/camera_publisher_py/share/camera_publisher_py/package.zsh'
[7.383s] Level 1:colcon.colcon_core.environment:create_file_with_runtime_dependencies(/home/pi/master_thesis/ros2_ws/install/camera_publisher_py/share/colcon-core/packages/camera_publisher_py)
[7.387s] Level 1:colcon.colcon_core.environment:checking '/home/pi/master_thesis/ros2_ws/install/vn_drone' for CMake module files
[7.391s] DEBUG:colcon.colcon_core.event_handler.log_command:Invoked command in '/home/pi/master_thesis/ros2_ws/src/vn_drone' returned '0': PYTHONPATH=/home/pi/master_thesis/ros2_ws/build/vn_drone/prefix_override:/usr/lib/python3/dist-packages/colcon_core/task/python/colcon_distutils_commands:/home/pi/master_thesis/ros2_ws/install/vn_drone/lib/python3.10/site-packages:${PYTHONPATH} /usr/bin/python3 -W ignore:setup.py install is deprecated setup.py egg_info --egg-base ../../build/vn_drone build --build-base /home/pi/master_thesis/ros2_ws/build/vn_drone/build install --record /home/pi/master_thesis/ros2_ws/build/vn_drone/install.log --single-version-externally-managed install_data
[7.393s] Level 1:colcon.colcon_core.environment:checking '/home/pi/master_thesis/ros2_ws/install/vn_drone' for CMake config files
[7.397s] Level 1:colcon.colcon_core.environment:checking '/home/pi/master_thesis/ros2_ws/install/vn_drone/lib'
[7.397s] Level 1:colcon.colcon_core.environment:checking '/home/pi/master_thesis/ros2_ws/install/vn_drone/bin'
[7.398s] Level 1:colcon.colcon_core.environment:checking '/home/pi/master_thesis/ros2_ws/install/vn_drone/lib/pkgconfig/vn_drone.pc'
[7.399s] Level 1:colcon.colcon_core.environment:checking '/home/pi/master_thesis/ros2_ws/install/vn_drone/lib/python3.10/site-packages'
[7.400s] Level 1:colcon.colcon_core.shell:create_environment_hook('vn_drone', 'pythonpath')
[7.401s] INFO:colcon.colcon_core.shell:Creating environment hook '/home/pi/master_thesis/ros2_ws/install/vn_drone/share/vn_drone/hook/pythonpath.ps1'
[7.403s] INFO:colcon.colcon_core.shell:Creating environment descriptor '/home/pi/master_thesis/ros2_ws/install/vn_drone/share/vn_drone/hook/pythonpath.dsv'
[7.405s] INFO:colcon.colcon_core.shell:Creating environment hook '/home/pi/master_thesis/ros2_ws/install/vn_drone/share/vn_drone/hook/pythonpath.sh'
[7.408s] Level 1:colcon.colcon_core.environment:checking '/home/pi/master_thesis/ros2_ws/install/vn_drone/bin'
[7.408s] Level 1:colcon.colcon_core.environment:create_environment_scripts_only(vn_drone)
[7.410s] INFO:colcon.colcon_core.shell:Creating package script '/home/pi/master_thesis/ros2_ws/install/vn_drone/share/vn_drone/package.ps1'
[7.412s] INFO:colcon.colcon_core.shell:Creating package descriptor '/home/pi/master_thesis/ros2_ws/install/vn_drone/share/vn_drone/package.dsv'
[7.414s] INFO:colcon.colcon_core.shell:Creating package script '/home/pi/master_thesis/ros2_ws/install/vn_drone/share/vn_drone/package.sh'
[7.417s] INFO:colcon.colcon_core.shell:Creating package script '/home/pi/master_thesis/ros2_ws/install/vn_drone/share/vn_drone/package.bash'
[7.419s] INFO:colcon.colcon_core.shell:Creating package script '/home/pi/master_thesis/ros2_ws/install/vn_drone/share/vn_drone/package.zsh'
[7.421s] Level 1:colcon.colcon_core.environment:create_file_with_runtime_dependencies(/home/pi/master_thesis/ros2_ws/install/vn_drone/share/colcon-core/packages/vn_drone)
[7.422s] DEBUG:colcon.colcon_parallel_executor.executor.parallel:closing loop
[7.424s] DEBUG:colcon.colcon_parallel_executor.executor.parallel:loop closed
[7.424s] DEBUG:colcon.colcon_parallel_executor.executor.parallel:run_until_complete finished with '0'
[7.425s] DEBUG:colcon.colcon_core.event_reactor:joining thread
[7.449s] INFO:colcon.colcon_core.plugin_system:Skipping extension 'colcon_notification.desktop_notification.notify_send': Could not find 'notify-send'
[7.450s] INFO:colcon.colcon_core.plugin_system:Skipping extension 'colcon_notification.desktop_notification.terminal_notifier': Not used on non-Darwin systems
[7.450s] INFO:colcon.colcon_core.plugin_system:Skipping extension 'colcon_notification.desktop_notification.win32': Not used on non-Windows systems
[7.450s] INFO:colcon.colcon_notification.desktop_notification:Sending desktop notification using 'notify2'
[7.454s] DEBUG:colcon.colcon_notification.desktop_notification.notify2:Failed to initialize notify2: org.freedesktop.DBus.Error.ServiceUnknown: The name org.freedesktop.Notifications was not provided by any .service files
[7.454s] DEBUG:colcon.colcon_core.event_reactor:joined thread
[7.455s] INFO:colcon.colcon_core.shell:Creating prefix script '/home/pi/master_thesis/ros2_ws/install/local_setup.ps1'
[7.459s] INFO:colcon.colcon_core.shell:Creating prefix util module '/home/pi/master_thesis/ros2_ws/install/_local_setup_util_ps1.py'
[7.466s] INFO:colcon.colcon_core.shell:Creating prefix chain script '/home/pi/master_thesis/ros2_ws/install/setup.ps1'
[7.471s] INFO:colcon.colcon_core.shell:Creating prefix script '/home/pi/master_thesis/ros2_ws/install/local_setup.sh'
[7.474s] INFO:colcon.colcon_core.shell:Creating prefix util module '/home/pi/master_thesis/ros2_ws/install/_local_setup_util_sh.py'
[7.477s] INFO:colcon.colcon_core.shell:Creating prefix chain script '/home/pi/master_thesis/ros2_ws/install/setup.sh'
[7.483s] INFO:colcon.colcon_core.shell:Creating prefix script '/home/pi/master_thesis/ros2_ws/install/local_setup.bash'
[7.485s] INFO:colcon.colcon_core.shell:Creating prefix chain script '/home/pi/master_thesis/ros2_ws/install/setup.bash'
[7.491s] INFO:colcon.colcon_core.shell:Creating prefix script '/home/pi/master_thesis/ros2_ws/install/local_setup.zsh'
[7.493s] INFO:colcon.colcon_core.shell:Creating prefix chain script '/home/pi/master_thesis/ros2_ws/install/setup.zsh'
