[0.451s] DEBUG:colcon:Command line arguments: ['/usr/bin/colcon', 'build']
[0.451s] DEBUG:colcon:Parsed command line arguments: Namespace(log_base=None, log_level=None, verb_name='build', build_base='build', install_base='install', merge_install=False, symlink_install=False, test_result_base=None, continue_on_error=False, executor='parallel', parallel_workers=4, event_handlers=None, ignore_user_meta=False, metas=['./colcon.meta'], base_paths=['.'], packages_ignore=None, packages_ignore_regex=None, paths=None, packages_up_to=None, packages_up_to_regex=None, packages_above=None, packages_above_and_dependencies=None, packages_above_depth=None, packages_select_by_dep=None, packages_skip_by_dep=None, packages_skip_up_to=None, packages_select_build_failed=False, packages_skip_build_finished=False, packages_select_test_failures=False, packages_skip_test_passed=False, packages_select=None, packages_skip=None, packages_select_regex=None, packages_skip_regex=None, packages_start=None, packages_end=None, allow_overriding=[], cmake_args=None, cmake_target=None, cmake_target_skip_unavailable=False, cmake_clean_cache=False, cmake_clean_first=False, cmake_force_configure=False, ament_cmake_args=None, catkin_cmake_args=None, catkin_skip_building_tests=False, verb_parser=<colcon_defaults.argument_parser.defaults.DefaultArgumentsDecorator object at 0xffffae42b100>, verb_extension=<colcon_core.verb.build.BuildVerb object at 0xffffae5bfc10>, main=<bound method BuildVerb.main of <colcon_core.verb.build.BuildVerb object at 0xffffae5bfc10>>)
[1.153s] Level 1:colcon.colcon_core.package_discovery:discover_packages(colcon_meta) check parameters
[1.154s] Level 1:colcon.colcon_core.package_discovery:discover_packages(recursive) check parameters
[1.154s] Level 1:colcon.colcon_core.package_discovery:discover_packages(ignore) check parameters
[1.154s] Level 1:colcon.colcon_core.package_discovery:discover_packages(path) check parameters
[1.154s] Level 1:colcon.colcon_core.package_discovery:discover_packages(colcon_meta) discover
[1.155s] Level 1:colcon.colcon_core.package_discovery:discover_packages(recursive) discover
[1.155s] INFO:colcon.colcon_core.package_discovery:Crawling recursively for packages in '/home/pi/ros2_ws'
[1.155s] Level 1:colcon.colcon_core.package_identification:_identify(.) by extensions ['ignore', 'ignore_ament_install']
[1.156s] Level 1:colcon.colcon_core.package_identification:_identify(.) by extension 'ignore'
[1.156s] Level 1:colcon.colcon_core.package_identification:_identify(.) by extension 'ignore_ament_install'
[1.156s] Level 1:colcon.colcon_core.package_identification:_identify(.) by extensions ['colcon_pkg']
[1.157s] Level 1:colcon.colcon_core.package_identification:_identify(.) by extension 'colcon_pkg'
[1.157s] Level 1:colcon.colcon_core.package_identification:_identify(.) by extensions ['colcon_meta']
[1.157s] Level 1:colcon.colcon_core.package_identification:_identify(.) by extension 'colcon_meta'
[1.157s] Level 1:colcon.colcon_core.package_identification:_identify(.) by extensions ['ros']
[1.157s] Level 1:colcon.colcon_core.package_identification:_identify(.) by extension 'ros'
[1.205s] Level 1:colcon.colcon_core.package_identification:_identify(.) by extensions ['cmake', 'python']
[1.205s] Level 1:colcon.colcon_core.package_identification:_identify(.) by extension 'cmake'
[1.205s] Level 1:colcon.colcon_core.package_identification:_identify(.) by extension 'python'
[1.206s] Level 1:colcon.colcon_core.package_identification:_identify(.) by extensions ['python_setup_py']
[1.206s] Level 1:colcon.colcon_core.package_identification:_identify(.) by extension 'python_setup_py'
[1.206s] Level 1:colcon.colcon_core.package_identification:_identify(build) by extensions ['ignore', 'ignore_ament_install']
[1.207s] Level 1:colcon.colcon_core.package_identification:_identify(build) by extension 'ignore'
[1.207s] Level 1:colcon.colcon_core.package_identification:_identify(build) ignored
[1.208s] Level 1:colcon.colcon_core.package_identification:_identify(install) by extensions ['ignore', 'ignore_ament_install']
[1.208s] Level 1:colcon.colcon_core.package_identification:_identify(install) by extension 'ignore'
[1.209s] Level 1:colcon.colcon_core.package_identification:_identify(install) ignored
[1.210s] Level 1:colcon.colcon_core.package_identification:_identify(log) by extensions ['ignore', 'ignore_ament_install']
[1.210s] Level 1:colcon.colcon_core.package_identification:_identify(log) by extension 'ignore'
[1.211s] Level 1:colcon.colcon_core.package_identification:_identify(log) ignored
[1.211s] Level 1:colcon.colcon_core.package_identification:_identify(src) by extensions ['ignore', 'ignore_ament_install']
[1.212s] Level 1:colcon.colcon_core.package_identification:_identify(src) by extension 'ignore'
[1.212s] Level 1:colcon.colcon_core.package_identification:_identify(src) by extension 'ignore_ament_install'
[1.212s] Level 1:colcon.colcon_core.package_identification:_identify(src) by extensions ['colcon_pkg']
[1.212s] Level 1:colcon.colcon_core.package_identification:_identify(src) by extension 'colcon_pkg'
[1.213s] Level 1:colcon.colcon_core.package_identification:_identify(src) by extensions ['colcon_meta']
[1.213s] Level 1:colcon.colcon_core.package_identification:_identify(src) by extension 'colcon_meta'
[1.213s] Level 1:colcon.colcon_core.package_identification:_identify(src) by extensions ['ros']
[1.213s] Level 1:colcon.colcon_core.package_identification:_identify(src) by extension 'ros'
[1.213s] Level 1:colcon.colcon_core.package_identification:_identify(src) by extensions ['cmake', 'python']
[1.214s] Level 1:colcon.colcon_core.package_identification:_identify(src) by extension 'cmake'
[1.214s] Level 1:colcon.colcon_core.package_identification:_identify(src) by extension 'python'
[1.214s] Level 1:colcon.colcon_core.package_identification:_identify(src) by extensions ['python_setup_py']
[1.214s] Level 1:colcon.colcon_core.package_identification:_identify(src) by extension 'python_setup_py'
[1.215s] Level 1:colcon.colcon_core.package_identification:_identify(src/build) by extensions ['ignore', 'ignore_ament_install']
[1.215s] Level 1:colcon.colcon_core.package_identification:_identify(src/build) by extension 'ignore'
[1.215s] Level 1:colcon.colcon_core.package_identification:_identify(src/build) ignored
[1.216s] Level 1:colcon.colcon_core.package_identification:_identify(src/camera_publisher_py) by extensions ['ignore', 'ignore_ament_install']
[1.216s] Level 1:colcon.colcon_core.package_identification:_identify(src/camera_publisher_py) by extension 'ignore'
[1.216s] Level 1:colcon.colcon_core.package_identification:_identify(src/camera_publisher_py) by extension 'ignore_ament_install'
[1.216s] Level 1:colcon.colcon_core.package_identification:_identify(src/camera_publisher_py) by extensions ['colcon_pkg']
[1.217s] Level 1:colcon.colcon_core.package_identification:_identify(src/camera_publisher_py) by extension 'colcon_pkg'
[1.217s] Level 1:colcon.colcon_core.package_identification:_identify(src/camera_publisher_py) by extensions ['colcon_meta']
[1.217s] Level 1:colcon.colcon_core.package_identification:_identify(src/camera_publisher_py) by extension 'colcon_meta'
[1.217s] Level 1:colcon.colcon_core.package_identification:_identify(src/camera_publisher_py) by extensions ['ros']
[1.217s] Level 1:colcon.colcon_core.package_identification:_identify(src/camera_publisher_py) by extension 'ros'
[1.227s] DEBUG:colcon.colcon_core.package_identification:Package 'src/camera_publisher_py' with type 'ros.ament_python' and name 'camera_publisher_py'
[1.227s] Level 1:colcon.colcon_core.package_identification:_identify(src/install) by extensions ['ignore', 'ignore_ament_install']
[1.228s] Level 1:colcon.colcon_core.package_identification:_identify(src/install) by extension 'ignore'
[1.228s] Level 1:colcon.colcon_core.package_identification:_identify(src/install) ignored
[1.229s] Level 1:colcon.colcon_core.package_identification:_identify(src/log) by extensions ['ignore', 'ignore_ament_install']
[1.229s] Level 1:colcon.colcon_core.package_identification:_identify(src/log) by extension 'ignore'
[1.229s] Level 1:colcon.colcon_core.package_identification:_identify(src/log) ignored
[1.230s] Level 1:colcon.colcon_core.package_identification:_identify(src/vn_drone) by extensions ['ignore', 'ignore_ament_install']
[1.231s] Level 1:colcon.colcon_core.package_identification:_identify(src/vn_drone) by extension 'ignore'
[1.231s] Level 1:colcon.colcon_core.package_identification:_identify(src/vn_drone) by extension 'ignore_ament_install'
[1.232s] Level 1:colcon.colcon_core.package_identification:_identify(src/vn_drone) by extensions ['colcon_pkg']
[1.232s] Level 1:colcon.colcon_core.package_identification:_identify(src/vn_drone) by extension 'colcon_pkg'
[1.232s] Level 1:colcon.colcon_core.package_identification:_identify(src/vn_drone) by extensions ['colcon_meta']
[1.232s] Level 1:colcon.colcon_core.package_identification:_identify(src/vn_drone) by extension 'colcon_meta'
[1.232s] Level 1:colcon.colcon_core.package_identification:_identify(src/vn_drone) by extensions ['ros']
[1.233s] Level 1:colcon.colcon_core.package_identification:_identify(src/vn_drone) by extension 'ros'
[1.236s] DEBUG:colcon.colcon_core.package_identification:Package 'src/vn_drone' with type 'ros.ament_python' and name 'vn_drone'
[1.236s] Level 1:colcon.colcon_core.package_discovery:discover_packages(recursive) using defaults
[1.236s] Level 1:colcon.colcon_core.package_discovery:discover_packages(ignore) discover
[1.236s] Level 1:colcon.colcon_core.package_discovery:discover_packages(ignore) using defaults
[1.236s] Level 1:colcon.colcon_core.package_discovery:discover_packages(path) discover
[1.237s] Level 1:colcon.colcon_core.package_discovery:discover_packages(path) using defaults
[1.326s] Level 1:colcon.colcon_core.package_discovery:discover_packages(prefix_path) check parameters
[1.326s] Level 1:colcon.colcon_core.package_discovery:discover_packages(prefix_path) discover
[1.335s] DEBUG:colcon.colcon_installed_package_information.package_discovery:Found 2 installed packages in /home/pi/ros2_ws/install
[1.341s] DEBUG:colcon.colcon_installed_package_information.package_discovery:Found 185 installed packages in /opt/ros/humble
[1.346s] Level 1:colcon.colcon_core.package_discovery:discover_packages(prefix_path) using defaults
[1.465s] Level 5:colcon.colcon_core.verb:set package 'camera_publisher_py' build argument 'cmake_args' from command line to 'None'
[1.466s] Level 5:colcon.colcon_core.verb:set package 'camera_publisher_py' build argument 'cmake_target' from command line to 'None'
[1.466s] Level 5:colcon.colcon_core.verb:set package 'camera_publisher_py' build argument 'cmake_target_skip_unavailable' from command line to 'False'
[1.466s] Level 5:colcon.colcon_core.verb:set package 'camera_publisher_py' build argument 'cmake_clean_cache' from command line to 'False'
[1.466s] Level 5:colcon.colcon_core.verb:set package 'camera_publisher_py' build argument 'cmake_clean_first' from command line to 'False'
[1.466s] Level 5:colcon.colcon_core.verb:set package 'camera_publisher_py' build argument 'cmake_force_configure' from command line to 'False'
[1.466s] Level 5:colcon.colcon_core.verb:set package 'camera_publisher_py' build argument 'ament_cmake_args' from command line to 'None'
[1.466s] Level 5:colcon.colcon_core.verb:set package 'camera_publisher_py' build argument 'catkin_cmake_args' from command line to 'None'
[1.466s] Level 5:colcon.colcon_core.verb:set package 'camera_publisher_py' build argument 'catkin_skip_building_tests' from command line to 'False'
[1.467s] DEBUG:colcon.colcon_core.verb:Building package 'camera_publisher_py' with the following arguments: {'ament_cmake_args': None, 'build_base': '/home/pi/ros2_ws/build/camera_publisher_py', 'catkin_cmake_args': None, 'catkin_skip_building_tests': False, 'cmake_args': None, 'cmake_clean_cache': False, 'cmake_clean_first': False, 'cmake_force_configure': False, 'cmake_target': None, 'cmake_target_skip_unavailable': False, 'install_base': '/home/pi/ros2_ws/install/camera_publisher_py', 'merge_install': False, 'path': '/home/pi/ros2_ws/src/camera_publisher_py', 'symlink_install': False, 'test_result_base': None}
[1.468s] Level 5:colcon.colcon_core.verb:set package 'vn_drone' build argument 'cmake_args' from command line to 'None'
[1.468s] Level 5:colcon.colcon_core.verb:set package 'vn_drone' build argument 'cmake_target' from command line to 'None'
[1.469s] Level 5:colcon.colcon_core.verb:set package 'vn_drone' build argument 'cmake_target_skip_unavailable' from command line to 'False'
[1.469s] Level 5:colcon.colcon_core.verb:set package 'vn_drone' build argument 'cmake_clean_cache' from command line to 'False'
[1.469s] Level 5:colcon.colcon_core.verb:set package 'vn_drone' build argument 'cmake_clean_first' from command line to 'False'
[1.469s] Level 5:colcon.colcon_core.verb:set package 'vn_drone' build argument 'cmake_force_configure' from command line to 'False'
[1.469s] Level 5:colcon.colcon_core.verb:set package 'vn_drone' build argument 'ament_cmake_args' from command line to 'None'
[1.469s] Level 5:colcon.colcon_core.verb:set package 'vn_drone' build argument 'catkin_cmake_args' from command line to 'None'
[1.469s] Level 5:colcon.colcon_core.verb:set package 'vn_drone' build argument 'catkin_skip_building_tests' from command line to 'False'
[1.469s] DEBUG:colcon.colcon_core.verb:Building package 'vn_drone' with the following arguments: {'ament_cmake_args': None, 'build_base': '/home/pi/ros2_ws/build/vn_drone', 'catkin_cmake_args': None, 'catkin_skip_building_tests': False, 'cmake_args': None, 'cmake_clean_cache': False, 'cmake_clean_first': False, 'cmake_force_configure': False, 'cmake_target': None, 'cmake_target_skip_unavailable': False, 'install_base': '/home/pi/ros2_ws/install/vn_drone', 'merge_install': False, 'path': '/home/pi/ros2_ws/src/vn_drone', 'symlink_install': False, 'test_result_base': None}
[1.470s] INFO:colcon.colcon_core.executor:Executing jobs using 'parallel' executor
[1.474s] DEBUG:colcon.colcon_parallel_executor.executor.parallel:run_until_complete
[1.476s] INFO:colcon.colcon_ros.task.ament_python.build:Building ROS package in '/home/pi/ros2_ws/src/camera_publisher_py' with build type 'ament_python'
[1.478s] Level 1:colcon.colcon_core.shell:create_environment_hook('camera_publisher_py', 'ament_prefix_path')
[1.488s] INFO:colcon.colcon_core.plugin_system:Skipping extension 'colcon_core.shell.bat': Not used on non-Windows systems
[1.493s] INFO:colcon.colcon_core.shell:Creating environment hook '/home/pi/ros2_ws/install/camera_publisher_py/share/camera_publisher_py/hook/ament_prefix_path.ps1'
[1.497s] INFO:colcon.colcon_core.shell:Creating environment descriptor '/home/pi/ros2_ws/install/camera_publisher_py/share/camera_publisher_py/hook/ament_prefix_path.dsv'
[1.499s] INFO:colcon.colcon_core.shell:Creating environment hook '/home/pi/ros2_ws/install/camera_publisher_py/share/camera_publisher_py/hook/ament_prefix_path.sh'
[1.540s] INFO:colcon.colcon_core.shell:Skip shell extension 'powershell' for command environment: Not usable outside of PowerShell
[1.540s] DEBUG:colcon.colcon_core.shell:Skip shell extension 'dsv' for command environment
[1.556s] INFO:colcon.colcon_ros.task.ament_python.build:Building ROS package in '/home/pi/ros2_ws/src/vn_drone' with build type 'ament_python'
[1.557s] Level 1:colcon.colcon_core.shell:create_environment_hook('vn_drone', 'ament_prefix_path')
[1.558s] INFO:colcon.colcon_core.shell:Creating environment hook '/home/pi/ros2_ws/install/vn_drone/share/vn_drone/hook/ament_prefix_path.ps1'
[1.560s] INFO:colcon.colcon_core.shell:Creating environment descriptor '/home/pi/ros2_ws/install/vn_drone/share/vn_drone/hook/ament_prefix_path.dsv'
[1.563s] INFO:colcon.colcon_core.shell:Creating environment hook '/home/pi/ros2_ws/install/vn_drone/share/vn_drone/hook/ament_prefix_path.sh'
[1.566s] INFO:colcon.colcon_core.shell:Skip shell extension 'powershell' for command environment: Not usable outside of PowerShell
[1.566s] DEBUG:colcon.colcon_core.shell:Skip shell extension 'dsv' for command environment
[2.653s] INFO:colcon.colcon_core.task.python.build:Building Python package in '/home/pi/ros2_ws/src/camera_publisher_py'
[2.654s] INFO:colcon.colcon_core.shell:Skip shell extension 'powershell' for command environment: Not usable outside of PowerShell
[2.654s] DEBUG:colcon.colcon_core.shell:Skip shell extension 'dsv' for command environment
[3.753s] INFO:colcon.colcon_core.task.python.build:Building Python package in '/home/pi/ros2_ws/src/vn_drone'
[3.754s] INFO:colcon.colcon_core.shell:Skip shell extension 'powershell' for command environment: Not usable outside of PowerShell
[3.755s] DEBUG:colcon.colcon_core.shell:Skip shell extension 'dsv' for command environment
[5.578s] DEBUG:colcon.colcon_core.event_handler.log_command:Invoking command in '/home/pi/ros2_ws/src/camera_publisher_py': PYTHONPATH=/home/pi/ros2_ws/build/camera_publisher_py/prefix_override:/usr/lib/python3/dist-packages/colcon_core/task/python/colcon_distutils_commands:/home/pi/ros2_ws/install/camera_publisher_py/lib/python3.10/site-packages:${PYTHONPATH} /usr/bin/python3 -W ignore:setup.py install is deprecated setup.py egg_info --egg-base ../../build/camera_publisher_py build --build-base /home/pi/ros2_ws/build/camera_publisher_py/build install --record /home/pi/ros2_ws/build/camera_publisher_py/install.log --single-version-externally-managed install_data
[5.605s] DEBUG:colcon.colcon_core.event_handler.log_command:Invoking command in '/home/pi/ros2_ws/src/vn_drone': PYTHONPATH=/home/pi/ros2_ws/build/vn_drone/prefix_override:/usr/lib/python3/dist-packages/colcon_core/task/python/colcon_distutils_commands:/home/pi/ros2_ws/install/vn_drone/lib/python3.10/site-packages:${PYTHONPATH} /usr/bin/python3 -W ignore:setup.py install is deprecated setup.py egg_info --egg-base ../../build/vn_drone build --build-base /home/pi/ros2_ws/build/vn_drone/build install --record /home/pi/ros2_ws/build/vn_drone/install.log --single-version-externally-managed install_data
[7.054s] DEBUG:colcon.colcon_core.event_handler.log_command:Invoked command in '/home/pi/ros2_ws/src/vn_drone' returned '0': PYTHONPATH=/home/pi/ros2_ws/build/vn_drone/prefix_override:/usr/lib/python3/dist-packages/colcon_core/task/python/colcon_distutils_commands:/home/pi/ros2_ws/install/vn_drone/lib/python3.10/site-packages:${PYTHONPATH} /usr/bin/python3 -W ignore:setup.py install is deprecated setup.py egg_info --egg-base ../../build/vn_drone build --build-base /home/pi/ros2_ws/build/vn_drone/build install --record /home/pi/ros2_ws/build/vn_drone/install.log --single-version-externally-managed install_data
[7.074s] Level 1:colcon.colcon_core.environment:checking '/home/pi/ros2_ws/install/vn_drone' for CMake module files
[7.078s] Level 1:colcon.colcon_core.environment:checking '/home/pi/ros2_ws/install/vn_drone' for CMake config files
[7.083s] Level 1:colcon.colcon_core.environment:checking '/home/pi/ros2_ws/install/vn_drone/lib'
[7.085s] Level 1:colcon.colcon_core.environment:checking '/home/pi/ros2_ws/install/vn_drone/bin'
[7.086s] Level 1:colcon.colcon_core.environment:checking '/home/pi/ros2_ws/install/vn_drone/lib/pkgconfig/vn_drone.pc'
[7.088s] Level 1:colcon.colcon_core.environment:checking '/home/pi/ros2_ws/install/vn_drone/lib/python3.10/site-packages'
[7.101s] Level 1:colcon.colcon_core.shell:create_environment_hook('vn_drone', 'pythonpath')
[7.103s] INFO:colcon.colcon_core.shell:Creating environment hook '/home/pi/ros2_ws/install/vn_drone/share/vn_drone/hook/pythonpath.ps1'
[7.107s] INFO:colcon.colcon_core.shell:Creating environment descriptor '/home/pi/ros2_ws/install/vn_drone/share/vn_drone/hook/pythonpath.dsv'
[7.111s] INFO:colcon.colcon_core.shell:Creating environment hook '/home/pi/ros2_ws/install/vn_drone/share/vn_drone/hook/pythonpath.sh'
[7.115s] Level 1:colcon.colcon_core.environment:checking '/home/pi/ros2_ws/install/vn_drone/bin'
[7.116s] Level 1:colcon.colcon_core.environment:create_environment_scripts_only(vn_drone)
[7.118s] INFO:colcon.colcon_core.shell:Creating package script '/home/pi/ros2_ws/install/vn_drone/share/vn_drone/package.ps1'
[7.123s] INFO:colcon.colcon_core.shell:Creating package descriptor '/home/pi/ros2_ws/install/vn_drone/share/vn_drone/package.dsv'
[7.127s] INFO:colcon.colcon_core.shell:Creating package script '/home/pi/ros2_ws/install/vn_drone/share/vn_drone/package.sh'
[7.132s] INFO:colcon.colcon_core.shell:Creating package script '/home/pi/ros2_ws/install/vn_drone/share/vn_drone/package.bash'
[7.138s] INFO:colcon.colcon_core.shell:Creating package script '/home/pi/ros2_ws/install/vn_drone/share/vn_drone/package.zsh'
[7.142s] Level 1:colcon.colcon_core.environment:create_file_with_runtime_dependencies(/home/pi/ros2_ws/install/vn_drone/share/colcon-core/packages/vn_drone)
[7.148s] Level 1:colcon.colcon_core.environment:checking '/home/pi/ros2_ws/install/camera_publisher_py' for CMake module files
[7.150s] DEBUG:colcon.colcon_core.event_handler.log_command:Invoked command in '/home/pi/ros2_ws/src/camera_publisher_py' returned '0': PYTHONPATH=/home/pi/ros2_ws/build/camera_publisher_py/prefix_override:/usr/lib/python3/dist-packages/colcon_core/task/python/colcon_distutils_commands:/home/pi/ros2_ws/install/camera_publisher_py/lib/python3.10/site-packages:${PYTHONPATH} /usr/bin/python3 -W ignore:setup.py install is deprecated setup.py egg_info --egg-base ../../build/camera_publisher_py build --build-base /home/pi/ros2_ws/build/camera_publisher_py/build install --record /home/pi/ros2_ws/build/camera_publisher_py/install.log --single-version-externally-managed install_data
[7.152s] Level 1:colcon.colcon_core.environment:checking '/home/pi/ros2_ws/install/camera_publisher_py' for CMake config files
[7.157s] Level 1:colcon.colcon_core.environment:checking '/home/pi/ros2_ws/install/camera_publisher_py/lib'
[7.158s] Level 1:colcon.colcon_core.environment:checking '/home/pi/ros2_ws/install/camera_publisher_py/bin'
[7.158s] Level 1:colcon.colcon_core.environment:checking '/home/pi/ros2_ws/install/camera_publisher_py/lib/pkgconfig/camera_publisher_py.pc'
[7.159s] Level 1:colcon.colcon_core.environment:checking '/home/pi/ros2_ws/install/camera_publisher_py/lib/python3.10/site-packages'
[7.159s] Level 1:colcon.colcon_core.shell:create_environment_hook('camera_publisher_py', 'pythonpath')
[7.160s] INFO:colcon.colcon_core.shell:Creating environment hook '/home/pi/ros2_ws/install/camera_publisher_py/share/camera_publisher_py/hook/pythonpath.ps1'
[7.163s] INFO:colcon.colcon_core.shell:Creating environment descriptor '/home/pi/ros2_ws/install/camera_publisher_py/share/camera_publisher_py/hook/pythonpath.dsv'
[7.165s] INFO:colcon.colcon_core.shell:Creating environment hook '/home/pi/ros2_ws/install/camera_publisher_py/share/camera_publisher_py/hook/pythonpath.sh'
[7.168s] Level 1:colcon.colcon_core.environment:checking '/home/pi/ros2_ws/install/camera_publisher_py/bin'
[7.169s] Level 1:colcon.colcon_core.environment:create_environment_scripts_only(camera_publisher_py)
[7.170s] INFO:colcon.colcon_core.shell:Creating package script '/home/pi/ros2_ws/install/camera_publisher_py/share/camera_publisher_py/package.ps1'
[7.174s] INFO:colcon.colcon_core.shell:Creating package descriptor '/home/pi/ros2_ws/install/camera_publisher_py/share/camera_publisher_py/package.dsv'
[7.176s] INFO:colcon.colcon_core.shell:Creating package script '/home/pi/ros2_ws/install/camera_publisher_py/share/camera_publisher_py/package.sh'
[7.178s] INFO:colcon.colcon_core.shell:Creating package script '/home/pi/ros2_ws/install/camera_publisher_py/share/camera_publisher_py/package.bash'
[7.180s] INFO:colcon.colcon_core.shell:Creating package script '/home/pi/ros2_ws/install/camera_publisher_py/share/camera_publisher_py/package.zsh'
[7.182s] Level 1:colcon.colcon_core.environment:create_file_with_runtime_dependencies(/home/pi/ros2_ws/install/camera_publisher_py/share/colcon-core/packages/camera_publisher_py)
[7.184s] DEBUG:colcon.colcon_parallel_executor.executor.parallel:closing loop
[7.185s] DEBUG:colcon.colcon_parallel_executor.executor.parallel:loop closed
[7.185s] DEBUG:colcon.colcon_parallel_executor.executor.parallel:run_until_complete finished with '0'
[7.185s] DEBUG:colcon.colcon_core.event_reactor:joining thread
[7.212s] INFO:colcon.colcon_core.plugin_system:Skipping extension 'colcon_notification.desktop_notification.notify_send': Could not find 'notify-send'
[7.212s] INFO:colcon.colcon_core.plugin_system:Skipping extension 'colcon_notification.desktop_notification.terminal_notifier': Not used on non-Darwin systems
[7.213s] INFO:colcon.colcon_core.plugin_system:Skipping extension 'colcon_notification.desktop_notification.win32': Not used on non-Windows systems
[7.213s] INFO:colcon.colcon_notification.desktop_notification:Sending desktop notification using 'notify2'
[7.216s] DEBUG:colcon.colcon_notification.desktop_notification.notify2:Failed to initialize notify2: org.freedesktop.DBus.Error.ServiceUnknown: The name org.freedesktop.Notifications was not provided by any .service files
[7.216s] DEBUG:colcon.colcon_core.event_reactor:joined thread
[7.218s] INFO:colcon.colcon_core.shell:Creating prefix script '/home/pi/ros2_ws/install/local_setup.ps1'
[7.222s] INFO:colcon.colcon_core.shell:Creating prefix util module '/home/pi/ros2_ws/install/_local_setup_util_ps1.py'
[7.228s] INFO:colcon.colcon_core.shell:Creating prefix chain script '/home/pi/ros2_ws/install/setup.ps1'
[7.234s] INFO:colcon.colcon_core.shell:Creating prefix script '/home/pi/ros2_ws/install/local_setup.sh'
[7.237s] INFO:colcon.colcon_core.shell:Creating prefix util module '/home/pi/ros2_ws/install/_local_setup_util_sh.py'
[7.239s] INFO:colcon.colcon_core.shell:Creating prefix chain script '/home/pi/ros2_ws/install/setup.sh'
[7.244s] INFO:colcon.colcon_core.shell:Creating prefix script '/home/pi/ros2_ws/install/local_setup.bash'
[7.247s] INFO:colcon.colcon_core.shell:Creating prefix chain script '/home/pi/ros2_ws/install/setup.bash'
[7.251s] INFO:colcon.colcon_core.shell:Creating prefix script '/home/pi/ros2_ws/install/local_setup.zsh'
[7.254s] INFO:colcon.colcon_core.shell:Creating prefix chain script '/home/pi/ros2_ws/install/setup.zsh'
