[4.806s] Invoking command in '/home/pi/master_thesis/ros2_ws/src/vn_drone': PYTHONPATH=/home/pi/master_thesis/ros2_ws/build/vn_drone/prefix_override:/usr/lib/python3/dist-packages/colcon_core/task/python/colcon_distutils_commands:/home/pi/master_thesis/ros2_ws/install/vn_drone/lib/python3.10/site-packages:${PYTHONPATH} /usr/bin/python3 -W ignore:setup.py install is deprecated setup.py egg_info --egg-base ../../build/vn_drone build --build-base /home/pi/master_thesis/ros2_ws/build/vn_drone/build install --record /home/pi/master_thesis/ros2_ws/build/vn_drone/install.log --single-version-externally-managed install_data
[6.261s] running egg_info
[6.263s] writing ../../build/vn_drone/vn_drone.egg-info/PKG-INFO
[6.266s] writing dependency_links to ../../build/vn_drone/vn_drone.egg-info/dependency_links.txt
[6.267s] writing entry points to ../../build/vn_drone/vn_drone.egg-info/entry_points.txt
[6.268s] writing requirements to ../../build/vn_drone/vn_drone.egg-info/requires.txt
[6.268s] writing top-level names to ../../build/vn_drone/vn_drone.egg-info/top_level.txt
[6.275s] reading manifest file '../../build/vn_drone/vn_drone.egg-info/SOURCES.txt'
[6.279s] writing manifest file '../../build/vn_drone/vn_drone.egg-info/SOURCES.txt'
[6.280s] running build
[6.280s] running build_py
[6.282s] running install
[6.283s] running install_lib
[6.291s] running install_data
[6.292s] running install_egg_info
[6.302s] removing '/home/pi/master_thesis/ros2_ws/install/vn_drone/lib/python3.10/site-packages/vn_drone-0.0.0-py3.10.egg-info' (and everything under it)
[6.304s] Copying ../../build/vn_drone/vn_drone.egg-info to /home/pi/master_thesis/ros2_ws/install/vn_drone/lib/python3.10/site-packages/vn_drone-0.0.0-py3.10.egg-info
[6.311s] running install_scripts
[6.409s] Installing image_publisher script to /home/pi/master_thesis/ros2_ws/install/vn_drone/lib/vn_drone
[6.410s] Installing image_subscriber script to /home/pi/master_thesis/ros2_ws/install/vn_drone/lib/vn_drone
[6.413s] writing list of installed files to '/home/pi/master_thesis/ros2_ws/build/vn_drone/install.log'
[6.549s] Invoked command in '/home/pi/master_thesis/ros2_ws/src/vn_drone' returned '0': PYTHONPATH=/home/pi/master_thesis/ros2_ws/build/vn_drone/prefix_override:/usr/lib/python3/dist-packages/colcon_core/task/python/colcon_distutils_commands:/home/pi/master_thesis/ros2_ws/install/vn_drone/lib/python3.10/site-packages:${PYTHONPATH} /usr/bin/python3 -W ignore:setup.py install is deprecated setup.py egg_info --egg-base ../../build/vn_drone build --build-base /home/pi/master_thesis/ros2_ws/build/vn_drone/build install --record /home/pi/master_thesis/ros2_ws/build/vn_drone/install.log --single-version-externally-managed install_data
